# trail.c output, one line per process: N H0 H01real H012real H01ind M1real (-1 = not computed)
./trail 0,1 id 300000000 1 0 -> 300000000 17626 0 0 2 -1
./trail 0,1 id 300000000 2 0 -> 300000000 17953 1 0 0 -1
./trail 0,1 id 300000000 3 0 -> 300000000 17766 0 0 0 -1
./trail 0,1 id 300000000 4 0 -> 300000000 18032 2 0 1 -1
./trail 0,1 id 300000000 5 0 -> 300000000 17853 2 0 1 -1
./trail 0,1 id 300000000 6 0 -> 300000000 17868 4 0 1 -1
TOTAL sigma=0,1 y=id: N=1800000000 H0=107098 H01real=9 H012real=0 H01ind=5
./trail 0,1 7 300000000 1 0 -> 300000000 17626 0 0 2 -1
./trail 0,1 7 300000000 2 0 -> 300000000 17953 3 0 0 -1
./trail 0,1 7 300000000 3 0 -> 300000000 17766 2 0 0 -1
./trail 0,1 7 300000000 4 0 -> 300000000 18032 1 0 1 -1
./trail 0,1 7 300000000 5 0 -> 300000000 17853 1 0 1 -1
./trail 0,1 7 300000000 6 0 -> 300000000 17868 0 0 1 -1
TOTAL sigma=0,1 y=7: N=1800000000 H0=107098 H01real=7 H012real=0 H01ind=5
./trail 43,46 id 300000000 1 0 -> 300000000 16700 3 0 1 -1
./trail 43,46 id 300000000 2 0 -> 300000000 17148 3 0 0 -1
./trail 43,46 id 300000000 3 0 -> 300000000 17020 1 0 0 -1
./trail 43,46 id 300000000 4 0 -> 300000000 17204 0 0 1 -1
./trail 43,46 id 300000000 5 0 -> 300000000 16973 0 0 1 -1
./trail 43,46 id 300000000 6 0 -> 300000000 16897 1 0 1 -1
TOTAL sigma=43,46 y=id: N=1800000000 H0=101942 H01real=8 H012real=0 H01ind=4
./trail 0,1 id 10000000 101 1 -> 10000000 620 0 0 0 576
./trail 0,1 id 10000000 102 1 -> 10000000 565 0 0 0 625
./trail 0,1 id 10000000 103 1 -> 10000000 588 0 0 0 576
./trail 0,1 id 10000000 104 1 -> 10000000 566 0 0 0 576
./trail 0,1 id 10000000 105 1 -> 10000000 626 0 0 0 577
./trail 0,1 id 10000000 106 1 -> 10000000 597 0 0 0 600
TOTAL marginal sigma=0,1 y=id: N=60000000 H0=3562 M1real=3530
