$ python3 colliders.py
pairs with lower bound > 1/64: 68;  pairs with suit+rank equal: 68;  same set: True
largest lower bound among pairs with suit+rank different: 1/442 = 2.26e-03 (KH<->KD, e = 3)

class v = suit+rank (clubs 0, hearts 1, spades 2, diamonds 3; A=1..K=13): pairs, e = |E|, closed-form lower bound
v= 2 cards 2C AH
   2C<->AH  e=49 (steps with hand > max rank 2: 49; extra 0)  LB = 196/221 = 0.8869 = 1/1.13
v= 3 cards 3C 2H AS
   3C<->2H  e=48 (steps with hand > max rank 3: 48; extra 0)  LB = 188/221 = 0.8507 = 1/1.18
   3C<->AS  e=48 (steps with hand > max rank 3: 48; extra 0)  LB = 188/221 = 0.8507 = 1/1.18
   2H<->AS  e=49 (steps with hand > max rank 2: 49; extra 0)  LB = 196/221 = 0.8869 = 1/1.13
v= 4 cards 4C 3H 2S AD
   4C<->3H  e=47 (steps with hand > max rank 4: 47; extra 0)  LB = 1081/1326 = 0.8152 = 1/1.23
   4C<->2S  e=47 (steps with hand > max rank 4: 47; extra 0)  LB = 1081/1326 = 0.8152 = 1/1.23
   4C<->AD  e=47 (steps with hand > max rank 4: 47; extra 0)  LB = 1081/1326 = 0.8152 = 1/1.23
   3H<->2S  e=48 (steps with hand > max rank 3: 48; extra 0)  LB = 188/221 = 0.8507 = 1/1.18
   3H<->AD  e=48 (steps with hand > max rank 3: 48; extra 0)  LB = 188/221 = 0.8507 = 1/1.18
   2S<->AD  e=49 (steps with hand > max rank 2: 49; extra 0)  LB = 196/221 = 0.8869 = 1/1.13
v= 5 cards 5C 4H 3S 2D
   5C<->4H  e=46 (steps with hand > max rank 5: 46; extra 0)  LB = 345/442 = 0.7805 = 1/1.28
   5C<->3S  e=46 (steps with hand > max rank 5: 46; extra 0)  LB = 345/442 = 0.7805 = 1/1.28
   5C<->2D  e=46 (steps with hand > max rank 5: 46; extra 0)  LB = 345/442 = 0.7805 = 1/1.28
   4H<->3S  e=47 (steps with hand > max rank 4: 47; extra 0)  LB = 1081/1326 = 0.8152 = 1/1.23
   4H<->2D  e=47 (steps with hand > max rank 4: 47; extra 0)  LB = 1081/1326 = 0.8152 = 1/1.23
   3S<->2D  e=48 (steps with hand > max rank 3: 48; extra 0)  LB = 188/221 = 0.8507 = 1/1.18
v= 6 cards 6C 5H 4S 3D
   6C<->5H  e=45 (steps with hand > max rank 6: 45; extra 0)  LB = 165/221 = 0.7466 = 1/1.34
   6C<->4S  e=45 (steps with hand > max rank 6: 45; extra 0)  LB = 165/221 = 0.7466 = 1/1.34
   6C<->3D  e=45 (steps with hand > max rank 6: 45; extra 0)  LB = 165/221 = 0.7466 = 1/1.34
   5H<->4S  e=46 (steps with hand > max rank 5: 46; extra 0)  LB = 345/442 = 0.7805 = 1/1.28
   5H<->3D  e=46 (steps with hand > max rank 5: 46; extra 0)  LB = 345/442 = 0.7805 = 1/1.28
   4S<->3D  e=47 (steps with hand > max rank 4: 47; extra 0)  LB = 1081/1326 = 0.8152 = 1/1.23
v= 7 cards 7C 6H 5S 4D
   7C<->6H  e=44 (steps with hand > max rank 7: 44; extra 0)  LB = 473/663 = 0.7134 = 1/1.40
   7C<->5S  e=44 (steps with hand > max rank 7: 44; extra 0)  LB = 473/663 = 0.7134 = 1/1.40
   7C<->4D  e=44 (steps with hand > max rank 7: 44; extra 0)  LB = 473/663 = 0.7134 = 1/1.40
   6H<->5S  e=45 (steps with hand > max rank 6: 45; extra 0)  LB = 165/221 = 0.7466 = 1/1.34
   6H<->4D  e=45 (steps with hand > max rank 6: 45; extra 0)  LB = 165/221 = 0.7466 = 1/1.34
   5S<->4D  e=46 (steps with hand > max rank 5: 46; extra 0)  LB = 345/442 = 0.7805 = 1/1.28
v= 8 cards 8C 7H 6S 5D
   8C<->7H  e=43 (steps with hand > max rank 8: 43; extra 0)  LB = 301/442 = 0.6810 = 1/1.47
   8C<->6S  e=43 (steps with hand > max rank 8: 43; extra 0)  LB = 301/442 = 0.6810 = 1/1.47
   8C<->5D  e=43 (steps with hand > max rank 8: 43; extra 0)  LB = 301/442 = 0.6810 = 1/1.47
   7H<->6S  e=44 (steps with hand > max rank 7: 44; extra 0)  LB = 473/663 = 0.7134 = 1/1.40
   7H<->5D  e=44 (steps with hand > max rank 7: 44; extra 0)  LB = 473/663 = 0.7134 = 1/1.40
   6S<->5D  e=45 (steps with hand > max rank 6: 45; extra 0)  LB = 165/221 = 0.7466 = 1/1.34
v= 9 cards 9C 8H 7S 6D
   9C<->8H  e=42 (steps with hand > max rank 9: 42; extra 0)  LB = 287/442 = 0.6493 = 1/1.54
   9C<->7S  e=42 (steps with hand > max rank 9: 42; extra 0)  LB = 287/442 = 0.6493 = 1/1.54
   9C<->6D  e=42 (steps with hand > max rank 9: 42; extra 0)  LB = 287/442 = 0.6493 = 1/1.54
   8H<->7S  e=43 (steps with hand > max rank 8: 43; extra 0)  LB = 301/442 = 0.6810 = 1/1.47
   8H<->6D  e=43 (steps with hand > max rank 8: 43; extra 0)  LB = 301/442 = 0.6810 = 1/1.47
   7S<->6D  e=44 (steps with hand > max rank 7: 44; extra 0)  LB = 473/663 = 0.7134 = 1/1.40
v=10 cards TC 9H 8S 7D
   TC<->9H  e=41 (steps with hand > max rank 10: 41; extra 0)  LB = 410/663 = 0.6184 = 1/1.62
   TC<->8S  e=41 (steps with hand > max rank 10: 41; extra 0)  LB = 410/663 = 0.6184 = 1/1.62
   TC<->7D  e=41 (steps with hand > max rank 10: 41; extra 0)  LB = 410/663 = 0.6184 = 1/1.62
   9H<->8S  e=42 (steps with hand > max rank 9: 42; extra 0)  LB = 287/442 = 0.6493 = 1/1.54
   9H<->7D  e=42 (steps with hand > max rank 9: 42; extra 0)  LB = 287/442 = 0.6493 = 1/1.54
   8S<->7D  e=43 (steps with hand > max rank 8: 43; extra 0)  LB = 301/442 = 0.6810 = 1/1.47
v=11 cards JC TH 9S 8D
   JC<->TH  e=40 (steps with hand > max rank 11: 40; extra 0)  LB = 10/17 = 0.5882 = 1/1.70
   JC<->9S  e=40 (steps with hand > max rank 11: 40; extra 0)  LB = 10/17 = 0.5882 = 1/1.70
   JC<->8D  e=40 (steps with hand > max rank 11: 40; extra 0)  LB = 10/17 = 0.5882 = 1/1.70
   TH<->9S  e=41 (steps with hand > max rank 10: 41; extra 0)  LB = 410/663 = 0.6184 = 1/1.62
   TH<->8D  e=41 (steps with hand > max rank 10: 41; extra 0)  LB = 410/663 = 0.6184 = 1/1.62
   9S<->8D  e=42 (steps with hand > max rank 9: 42; extra 0)  LB = 287/442 = 0.6493 = 1/1.54
v=12 cards QC JH TS 9D
   QC<->JH  e=39 (steps with hand > max rank 12: 39; extra 0)  LB = 19/34 = 0.5588 = 1/1.79
   QC<->TS  e=39 (steps with hand > max rank 12: 39; extra 0)  LB = 19/34 = 0.5588 = 1/1.79
   QC<->9D  e=39 (steps with hand > max rank 12: 39; extra 0)  LB = 19/34 = 0.5588 = 1/1.79
   JH<->TS  e=40 (steps with hand > max rank 11: 40; extra 0)  LB = 10/17 = 0.5882 = 1/1.70
   JH<->9D  e=40 (steps with hand > max rank 11: 40; extra 0)  LB = 10/17 = 0.5882 = 1/1.70
   TS<->9D  e=41 (steps with hand > max rank 10: 41; extra 0)  LB = 410/663 = 0.6184 = 1/1.62
v=13 cards KC QH JS TD
   KC<->QH  e=38 (steps with hand > max rank 13: 38; extra 0)  LB = 703/1326 = 0.5302 = 1/1.89
   KC<->JS  e=38 (steps with hand > max rank 13: 38; extra 0)  LB = 703/1326 = 0.5302 = 1/1.89
   KC<->TD  e=38 (steps with hand > max rank 13: 38; extra 0)  LB = 703/1326 = 0.5302 = 1/1.89
   QH<->JS  e=39 (steps with hand > max rank 12: 39; extra 0)  LB = 19/34 = 0.5588 = 1/1.79
   QH<->TD  e=39 (steps with hand > max rank 12: 39; extra 0)  LB = 19/34 = 0.5588 = 1/1.79
   JS<->TD  e=40 (steps with hand > max rank 11: 40; extra 0)  LB = 10/17 = 0.5882 = 1/1.70
v=14 cards KH QS JD
   KH<->QS  e=38 (steps with hand > max rank 13: 38; extra 0)  LB = 703/1326 = 0.5302 = 1/1.89
   KH<->JD  e=38 (steps with hand > max rank 13: 38; extra 0)  LB = 703/1326 = 0.5302 = 1/1.89
   QS<->JD  e=39 (steps with hand > max rank 12: 39; extra 0)  LB = 19/34 = 0.5588 = 1/1.79
v=15 cards KS QD
   KS<->QD  e=38 (steps with hand > max rank 13: 38; extra 0)  LB = 703/1326 = 0.5302 = 1/1.89

all pairs sorted (for keysched.c): 1,13 14,26 27,39 2,14 2,26 15,27 15,39 28,40 3,15 3,27 3,39 16,28 16,40 29,41 4,16 4,28 4,40 17,29 17,41 30,42 5,17 5,29 5,41 18,30 18,42 31,43 6,18 6,30 6,42 19,31 19,43 32,44 7,19 7,31 7,43 20,32 20,44 33,45 8,20 8,32 8,44 21,33 21,45 34,46 9,21 9,33 9,45 22,34 22,46 35,47 10,22 10,34 10,46 23,35 23,47 36,48 11,23 11,35 11,47 24,36 24,48 37,49 12,24 12,36 12,48 25,37 25,49 38,50
