$ ./keysched sched 500000 13 1,13 14,26 27,39 2,14 2,26 15,27 15,39 28,40 3,15 3,27 3,39 16,28 16,40 29,41 4,16 4,28 4,40 17,29 17,41 30,42 5,17 5,29 5,41 18,30 18,42 31,43 6,18 6,30 6,42 19,31 19,43 32,44 7,19 7,31 7,43 20,32 20,44 33,45 8,20 8,32 8,44 21,33 21,45 34,46 9,21 9,33 9,45 22,34 22,46 35,47 10,22 10,34 10,46 23,35 23,47 36,48 11,23 11,35 11,47 24,36 24,48 37,49 12,24 12,36 12,48 25,37 25,49 38,50
keysched sched N=500000 seed=13 (K uniform, K' = tau K, K_r = F^r(K))
swap     r=1       r=2|r=1   r=3|..2   r=4|..3   r=5|..4   r=6|..5   all 1..6   p1^6       comeback  95%CI+- 
2C<->AH 0.88663   0.88446   0.88460   0.88509   0.88537   0.88520   0.48120    0.48579    0         0.00138
2H<->AS 0.88653   0.88500   0.88468   0.88503   0.88468   0.88489   0.48090    0.48545    0         0.00138
2S<->AD 0.88687   0.88455   0.88444   0.88492   0.88443   0.88494   0.48054    0.48657    0         0.00138
3C<->2H 0.85112   0.84755   0.84745   0.84778   0.84790   0.84754   0.37244    0.38015    0         0.00134
3C<->AS 0.85088   0.84863   0.84852   0.84895   0.84795   0.84670   0.37345    0.37949    0         0.00134
3H<->2S 0.85135   0.84682   0.84937   0.84911   0.84669   0.84777   0.37322    0.38076    0         0.00134
3H<->AD 0.85093   0.84859   0.84858   0.84914   0.84661   0.84706   0.37313    0.37963    0         0.00134
3S<->2D 0.84999   0.84731   0.84875   0.84809   0.84677   0.84918   0.37277    0.37712    0         0.00134
4C<->3H 0.81607   0.81122   0.81224   0.81281   0.81124   0.81169   0.28779    0.29538    0         0.00125
4C<->2S 0.81563   0.81236   0.81224   0.81120   0.81233   0.81035   0.28738    0.29441    0         0.00125
4C<->AD 0.81566   0.81220   0.81301   0.81175   0.81180   0.81237   0.28834    0.29448    0         0.00126
4H<->3S 0.81556   0.81283   0.81187   0.81233   0.81178   0.81350   0.28872    0.29425    0         0.00126
4H<->2D 0.81566   0.81191   0.81177   0.81243   0.81219   0.81225   0.28813    0.29447    0         0.00126
4S<->3D 0.81581   0.81175   0.81222   0.81133   0.81198   0.81188   0.28769    0.29481    0         0.00125
5C<->4H 0.78069   0.77702   0.77597   0.77646   0.77754   0.77727   0.22089    0.22639    0         0.00115
5C<->3S 0.77987   0.77618   0.77735   0.77787   0.77584   0.77707   0.22067    0.22498    0         0.00115
5C<->2D 0.77952   0.77677   0.77633   0.77576   0.77637   0.77608   0.21972    0.22436    0         0.00115
5H<->4S 0.78058   0.77715   0.77603   0.77622   0.77680   0.77507   0.22001    0.22621    0         0.00115
5H<->3D 0.77965   0.77712   0.77697   0.77840   0.77599   0.77688   0.22091    0.22460    0         0.00115
5S<->4D 0.78004   0.77746   0.77587   0.77572   0.77698   0.77758   0.22052    0.22526    0         0.00115
6C<->5H 0.74754   0.74216   0.74234   0.74301   0.74189   0.73970   0.16793    0.17450    0         0.00104
6C<->4S 0.74751   0.74218   0.74228   0.74364   0.74316   0.74406   0.16933    0.17447    0         0.00104
6C<->3D 0.74664   0.74301   0.74205   0.74175   0.74222   0.74296   0.16838    0.17325    0         0.00104
6H<->5S 0.74836   0.74228   0.74417   0.74255   0.74114   0.74109   0.16860    0.17566    0         0.00104
6H<->4D 0.74595   0.74268   0.74333   0.74200   0.74139   0.74310   0.16834    0.17229    0         0.00104
6S<->5D 0.74620   0.74356   0.74280   0.74234   0.74081   0.74342   0.16849    0.17263    0         0.00104
7C<->6H 0.71303   0.70892   0.70955   0.70869   0.70837   0.70734   0.12736    0.13142    0         0.00092
7C<->5S 0.71273   0.70812   0.70910   0.70733   0.70799   0.70978   0.12721    0.13108    0         0.00092
7C<->4D 0.71317   0.70730   0.70887   0.70904   0.71117   0.70818   0.12769    0.13157    0         0.00093
7H<->6S 0.71351   0.70688   0.70707   0.70956   0.70770   0.70877   0.12693    0.13194    0         0.00092
7H<->5D 0.71323   0.70933   0.70813   0.71058   0.70813   0.71000   0.12799    0.13164    0         0.00093
7S<->6D 0.71299   0.70880   0.70787   0.70713   0.71061   0.70730   0.12714    0.13137    0         0.00092
8C<->7H 0.68046   0.67658   0.67515   0.67561   0.67568   0.67635   0.09597    0.09927    0         0.00082
8C<->6S 0.68235   0.67485   0.67570   0.67517   0.67612   0.67700   0.09616    0.10094    0         0.00082
8C<->5D 0.68090   0.67579   0.67570   0.67842   0.67271   0.67644   0.09599    0.09966    0         0.00082
8H<->7S 0.68143   0.67571   0.67457   0.67815   0.67809   0.67405   0.09627    0.10012    0         0.00082
8H<->6D 0.68175   0.67743   0.67647   0.67620   0.67797   0.67432   0.09658    0.10040    0         0.00082
8S<->7D 0.68033   0.67700   0.67598   0.67567   0.67577   0.67704   0.09625    0.09915    0         0.00082
9C<->8H 0.64908   0.64470   0.64604   0.64519   0.64428   0.64284   0.07224    0.07478    0         0.00072
9C<->7S 0.64940   0.64312   0.64303   0.64334   0.64378   0.64361   0.07159    0.07500    0         0.00071
9C<->6D 0.64900   0.64252   0.64268   0.64329   0.64454   0.64261   0.07141    0.07472    0         0.00071
9H<->8S 0.64844   0.64465   0.64351   0.64261   0.64542   0.64233   0.07166    0.07434    0         0.00071
9H<->7D 0.64992   0.64448   0.64327   0.64560   0.64407   0.64422   0.07218    0.07537    0         0.00072
9S<->8D 0.64868   0.64376   0.64405   0.64505   0.64181   0.64210   0.07150    0.07450    0         0.00071
TC<->9H 0.61923   0.61228   0.61263   0.61197   0.61528   0.60951   0.05331    0.05638    0         0.00062
TC<->8S 0.61855   0.61210   0.60997   0.61235   0.61517   0.61053   0.05311    0.05601    0         0.00062
TC<->7D 0.61878   0.61191   0.61376   0.61373   0.61118   0.61475   0.05359    0.05613    0         0.00062
TH<->9S 0.61906   0.61295   0.61162   0.61051   0.61120   0.61044   0.05286    0.05628    0         0.00062
TH<->8D 0.61920   0.61219   0.61459   0.61327   0.61065   0.61192   0.05339    0.05636    0         0.00062
TS<->9D 0.61852   0.61357   0.61301   0.61466   0.61235   0.61173   0.05356    0.05599    0         0.00062
JC<->TH 0.58838   0.58082   0.57969   0.58208   0.58166   0.58383   0.03916    0.04149    0         0.00054
JC<->9S 0.58819   0.58187   0.58306   0.57993   0.58281   0.57879   0.03904    0.04141    0         0.00054
JC<->8D 0.58898   0.57956   0.58193   0.58078   0.57902   0.57858   0.03865    0.04174    0         0.00053
JH<->TS 0.58730   0.58248   0.58170   0.58018   0.58092   0.58135   0.03899    0.04103    0         0.00054
JH<->9D 0.58730   0.58282   0.58092   0.58230   0.58213   0.58423   0.03938    0.04104    0         0.00054
JS<->TD 0.58868   0.58161   0.58146   0.58063   0.58270   0.58569   0.03945    0.04162    0         0.00054
QC<->JH 0.55910   0.55253   0.55188   0.55239   0.55162   0.54940   0.02854    0.03055    0         0.00046
QC<->TS 0.55897   0.55186   0.55236   0.55298   0.55221   0.54918   0.02857    0.03050    0         0.00046
QC<->9D 0.55887   0.55121   0.55155   0.55568   0.55373   0.54904   0.02870    0.03047    0         0.00046
QH<->JS 0.55803   0.55101   0.55401   0.55172   0.55103   0.55411   0.02870    0.03020    0         0.00046
QH<->TD 0.55805   0.55101   0.55258   0.55248   0.54940   0.54919   0.02832    0.03020    0         0.00046
QS<->JD 0.55896   0.55218   0.55385   0.54910   0.55100   0.55429   0.02867    0.03050    0         0.00046
KC<->QH 0.53114   0.52295   0.52162   0.52211   0.51835   0.52833   0.02072    0.02245    0         0.00039
KC<->JS 0.53072   0.52269   0.52242   0.52260   0.52069   0.51889   0.02046    0.02234    0         0.00039
KC<->TD 0.52968   0.52178   0.52406   0.52078   0.52210   0.52293   0.02059    0.02208    0         0.00039
KH<->QS 0.53086   0.52230   0.52247   0.52544   0.51946   0.52104   0.02060    0.02238    0         0.00039
KH<->JD 0.53128   0.52180   0.52234   0.52283   0.51722   0.51908   0.02033    0.02249    0         0.00039
KS<->QD 0.52987   0.52112   0.52148   0.52458   0.52550   0.52129   0.02069    0.02213    0         0.00039
