[1] input walk index -> output seat: largest P(seat | index) per index (uniform would be 1/52 = 0.019)
  index  0: max P = 1.0000 at seat 26 (r2 c0)
  index  1: max P = 0.0385 at seat  0 (r0 c0)
  index  2: max P = 0.0380 at seat  0 (r0 c0)
  index  3: max P = 0.0371 at seat  0 (r0 c0)
  index  4: max P = 0.0366 at seat  0 (r0 c0)
  index  5: max P = 0.0348 at seat  0 (r0 c0)
  index  6: max P = 0.0328 at seat  0 (r0 c0)
  index  7: max P = 0.0305 at seat  0 (r0 c0)
  index  8: max P = 0.0293 at seat  0 (r0 c0)
  index  9: max P = 0.0266 at seat 13 (r1 c0)
  index 10: max P = 0.0268 at seat 13 (r1 c0)
  index 11: max P = 0.0270 at seat 13 (r1 c0)
  index 12: max P = 0.0269 at seat 27 (r2 c1)
  index 13: max P = 0.0285 at seat 27 (r2 c1)
  index 14: max P = 0.0285 at seat 27 (r2 c1)
  index 15: max P = 0.0288 at seat 27 (r2 c1)
  index 16: max P = 0.0289 at seat 27 (r2 c1)
  index 17: max P = 0.0282 at seat 27 (r2 c1)
  index 18: max P = 0.0266 at seat 27 (r2 c1)
  index 19: max P = 0.0249 at seat 27 (r2 c1)
  index 20: max P = 0.0249 at seat 27 (r2 c1)
  index 21: max P = 0.0237 at seat 27 (r2 c1)
  index 22: max P = 0.0232 at seat 27 (r2 c1)
  index 23: max P = 0.0226 at seat 27 (r2 c1)
  index 24: max P = 0.0227 at seat 27 (r2 c1)
  index 25: max P = 0.0228 at seat 27 (r2 c1)
  index 26: max P = 0.0225 at seat 28 (r2 c2)
  index 27: max P = 0.0228 at seat 28 (r2 c2)
  index 28: max P = 0.0224 at seat 28 (r2 c2)
  index 29: max P = 0.0219 at seat 29 (r2 c3)
  index 30: max P = 0.0220 at seat 28 (r2 c2)
  index 31: max P = 0.0223 at seat 29 (r2 c3)
  index 32: max P = 0.0220 at seat 29 (r2 c3)
  index 33: max P = 0.0221 at seat 29 (r2 c3)
  index 34: max P = 0.0221 at seat 29 (r2 c3)
  index 35: max P = 0.0214 at seat 30 (r2 c4)
  index 36: max P = 0.0220 at seat 30 (r2 c4)
  index 37: max P = 0.0219 at seat 30 (r2 c4)
  index 38: max P = 0.0215 at seat 30 (r2 c4)
  index 39: max P = 0.0222 at seat 31 (r2 c5)
  index 40: max P = 0.0218 at seat 31 (r2 c5)
  index 41: max P = 0.0214 at seat 31 (r2 c5)
  index 42: max P = 0.0218 at seat 33 (r2 c7)
  index 43: max P = 0.0215 at seat 34 (r2 c8)
  index 44: max P = 0.0217 at seat 36 (r2 c10)
  index 45: max P = 0.0217 at seat 34 (r2 c8)
  index 46: max P = 0.0218 at seat 47 (r3 c8)
  index 47: max P = 0.0227 at seat 49 (r3 c10)
  index 48: max P = 0.0232 at seat 51 (r3 c12)
  index 49: max P = 0.0238 at seat 51 (r3 c12)
  index 50: max P = 0.0254 at seat 51 (r3 c12)
  index 51: max P = 0.0273 at seat 51 (r3 c12)
[2] P(overflow at walk index i):
  1:0.02 2:0.04 3:0.06 4:0.08 5:0.10 6:0.12 7:0.14 8:0.16 9:0.18 10:0.19 11:0.22 12:0.23 13:0.25 14:0.27 15:0.29 16:0.31 17:0.33 18:0.35 19:0.37 20:0.39 21:0.41 22:0.43 23:0.45 24:0.47 25:0.48 26:0.50 27:0.52 28:0.54 29:0.56 30:0.58 31:0.60 32:0.62 33:0.64 34:0.66 35:0.68 36:0.70 37:0.71 38:0.73 39:0.75 40:0.77 41:0.79 42:0.81 43:0.83 44:0.85 45:0.87 46:0.89 47:0.90 48:0.93 49:0.94 50:0.96 51:0.98
  mean overflows per deck 25.64 of 51 placements
  first overflow index:  P(<=1)=0.019 P(<=2)=0.057 P(<=3)=0.112 P(<=4)=0.183 P(<=5)=0.264 P(<=6)=0.350 P(<=7)=0.441 P(<=8)=0.529 P(<=9)=0.614 P(<=10)=0.690 P(<=11)=0.758 P(<=12)=0.815 P(<=52)=1.000
[3] positional swap (i<j): by first index i: mean output weight, P(w<=2), P(w<=4), P(w<=8), P(w<=16)
  i= 0 mean 49.8  0.000 0.000 0.001 0.003
  i= 1 mean 48.9  0.000 0.000 0.001 0.003
  i= 2 mean 48.0  0.000 0.000 0.001 0.003
  i= 3 mean 47.0  0.000 0.001 0.001 0.003
  i= 4 mean 46.1  0.000 0.001 0.002 0.004
  i= 5 mean 45.1  0.001 0.001 0.002 0.005
  i= 6 mean 44.1  0.001 0.001 0.002 0.005
  i= 7 mean 43.1  0.001 0.001 0.003 0.005
  i= 8 mean 42.1  0.001 0.002 0.003 0.006
  i= 9 mean 41.1  0.002 0.002 0.003 0.007
  i=10 mean 40.0  0.003 0.003 0.004 0.008
  i=11 mean 39.0  0.004 0.004 0.005 0.010
  i=12 mean 38.0  0.004 0.004 0.006 0.011
  i=13 mean 36.9  0.005 0.005 0.007 0.013
  i=14 mean 35.9  0.005 0.006 0.008 0.013
  i=15 mean 34.8  0.007 0.008 0.010 0.016
  i=16 mean 33.8  0.008 0.009 0.011 0.019
  i=17 mean 32.7  0.010 0.011 0.013 0.022
  i=18 mean 31.6  0.011 0.012 0.015 0.026
  i=19 mean 30.6  0.013 0.015 0.019 0.030
  i=20 mean 29.5  0.015 0.017 0.021 0.035
  i=21 mean 28.4  0.018 0.020 0.024 0.040
  i=22 mean 27.3  0.020 0.023 0.028 0.048
  i=23 mean 26.2  0.023 0.026 0.033 0.054
  i=24 mean 25.1  0.027 0.030 0.037 0.063
  i=25 mean 24.0  0.031 0.035 0.044 0.076
  i=26 mean 22.9  0.037 0.041 0.051 0.089
  i=27 mean 21.7  0.042 0.047 0.060 0.107
  i=28 mean 20.6  0.049 0.055 0.070 0.127
  i=29 mean 19.5  0.054 0.061 0.078 0.152
  i=30 mean 18.3  0.063 0.072 0.094 0.192
  i=31 mean 17.2  0.072 0.084 0.110 0.240
  i=32 mean 16.1  0.082 0.094 0.126 0.306
  i=33 mean 15.0  0.093 0.109 0.146 0.402
  i=34 mean 13.8  0.109 0.127 0.171 0.546
  i=35 mean 12.7  0.124 0.147 0.202 0.755
  i=36 mean 11.6  0.144 0.170 0.241 1.000
  i=37 mean 10.5  0.163 0.197 0.282 1.000
  i=38 mean 9.5  0.185 0.227 0.337 1.000
  i=39 mean 8.5  0.217 0.267 0.407 1.000
  i=40 mean 7.5  0.249 0.310 0.484 1.000
  i=41 mean 6.6  0.287 0.362 0.580 1.000
  i=42 mean 5.8  0.320 0.412 0.694 1.000
  i=43 mean 5.0  0.377 0.485 0.846 1.000
  i=44 mean 4.4  0.418 0.550 1.000 1.000
  i=45 mean 3.8  0.481 0.641 1.000 1.000
  i=46 mean 3.2  0.554 0.749 1.000 1.000
  i=47 mean 2.8  0.638 0.873 1.000 1.000
  i=48 mean 2.4  0.725 1.000 1.000 1.000
  i=49 mean 2.2  0.848 1.000 1.000 1.000
  i=50 mean 2.0  1.000 1.000 1.000 1.000
  all uniform swaps: mean 32.77  P(w<=2) 0.0433 P(w<=4) 0.0533 P(w<=8) 0.0753 P(w<=16) 0.1441  (random deck pair: mean 51)
