V1: N=20000/pair  worst AC<->KC 0.9694 (1/1) CI[0.9669,0.9717]  mean 0.0292  min 0.0022  pairs>1/64: 454  | other 0.0086 same-rank 0.0216 same-suit 0.0931
   next: QC<->KC 0.3607, AC<->QC 0.3529, JC<->QC 0.2972, TC<->JC 0.2749, 9C<->TC 0.2613
V2: N=20000/pair  worst QC<->KC 0.1799 (1/6) CI[0.1746,0.1852]  mean 0.0129  min 0.0022  pairs>1/64: 312  | other 0.0045 same-rank 0.0090 same-suit 0.0391
   next: JC<->QC 0.1138, AC<->KC 0.1122, TC<->JC 0.1033, JC<->KC 0.0948, 9C<->TC 0.0944
V3: N=20000/pair  worst AC<->2C 0.0415 (1/24) CI[0.0389,0.0444]  mean 0.0081  min 0.0009  pairs>1/64: 23  | other 0.0085 same-rank 0.0070 same-suit 0.0072
   next: AS<->2S 0.0402, AH<->2H 0.0389, AD<->2D 0.0370, KC<->AH 0.0247, KC<->KH 0.0230
V5: N=20000/pair  worst AC<->KC 0.1363 (1/7) CI[0.1316,0.1411]  mean 0.0060  min 0.0006  pairs>1/64: 71  | other 0.0046 same-rank 0.0051 same-suit 0.0104
   next: AD<->KD 0.0872, AH<->KH 0.0846, AS<->KS 0.0825, 9C<->KC 0.0369, TC<->KC 0.0341
V6: N=20000/pair  worst QC<->KC 0.1336 (1/7) CI[0.1290,0.1384]  mean 0.0129  min 0.0004  pairs>1/64: 299  | other 0.0074 same-rank 0.0017 same-suit 0.0321
   next: AC<->KC 0.1227, AH<->KH 0.0882, 9H<->TH 0.0874, JH<->QH 0.0860, TH<->JH 0.0830
V9: N=20000/pair  worst KC<->KS 0.2882 (1/3) CI[0.2820,0.2945]  mean 0.0152  min 0.0003  pairs>1/64: 252  | other 0.0117 same-rank 0.0310 same-suit 0.0219
   next: KH<->KD 0.2482, KH<->KS 0.1996, KS<->KD 0.1958, JC<->QC 0.1618, AC<->2C 0.1586
V10: N=20000/pair  worst AC<->KC 0.0792 (1/13) CI[0.0755,0.0830]  mean 0.0085  min 0.0010  pairs>1/64: 257  | other 0.0039 same-rank 0.0095 same-suit 0.0221
   next: AD<->KD 0.0582, AH<->KH 0.0556, AS<->KS 0.0554, 8C<->KC 0.0444, 3C<->KC 0.0438
V11: N=20000/pair  worst AC<->8C 0.0205 (1/49) CI[0.0187,0.0226]  mean 0.0054  min 0.0006  pairs>1/64: 6  | other 0.0052 same-rank 0.0040 same-suit 0.0061
   next: AS<->8S 0.0205, AH<->8H 0.0204, AD<->8D 0.0200, 6C<->KC 0.0179, 4C<->KC 0.0167
V7: N=80000/pair  worst AC<->KC 0.0137 (1/73) CI[0.0129,0.0145]  mean 0.0052  min 0.0010  pairs>1/64: 0  | other 0.0056 same-rank 0.0040 same-suit 0.0041
   next: AH<->KH 0.0118, AS<->KS 0.0117, AD<->KD 0.0112, KC<->JH 0.0108, KC<->TH 0.0106
V8: N=80000/pair  worst 2C<->KC 0.0383 (1/26) CI[0.0370,0.0397]  mean 0.0056  min 0.0009  pairs>1/64: 37  | other 0.0048 same-rank 0.0044 same-suit 0.0085
   next: AC<->JC 0.0373, AD<->JD 0.0364, AS<->JS 0.0355, 3C<->KC 0.0345, AH<->JH 0.0345
V0=v10: N=200000/pair  worst KC<->KD 0.2620 (1/4) CI[0.2601,0.2640]  mean 0.0434  min 0.0139  pairs>1/64: 1311  | other 0.0381 same-rank 0.1266 same-suit 0.0386
   next: KC<->KH 0.2508, KC<->KS 0.2501, KC<->QH 0.1833, QC<->QD 0.1600, QC<->KC 0.1555
