# 1000 random decks per version x all 1326 swaps (seed 2026); fixed key seed 20260927
# RK weight == SRGC weight asserted on every pair (Compose is a fixed seat permutation)
v8 GC         n=1326000 min=2 mean=29.35 max=52 P(w<=4)=1.25e-01 P(w<=8)=1.53e-01 P(w<=16)=2.32e-01 | low counts 2:158958 3:890 4:6453 5:7491 6:9096 7:9729 8:10674 9:11063 10:11482 11:12220 12:12674
v8 SR         n=1326000 min=2 mean=34.34 max=52 P(w<=4)=1.01e-01 P(w<=8)=2.80e-01 P(w<=16)=2.80e-01 | low counts 2:134526 8:237291
v8 SRGC       n=1326000 min=2 mean=46.84 max=52 P(w<=4)=1.36e-02 P(w<=8)=1.67e-02 P(w<=16)=2.81e-02 | low counts 2:17245 3:87 4:641 5:778 6:877 7:1012 8:1440 9:1159 10:1347 11:1453 12:1727
v8 SRGC_noSh  n=1326000 min=2 mean=45.56 max=52 P(w<=4)=1.32e-02 P(w<=8)=2.07e-02 P(w<=16)=4.34e-02 | low counts 2:16840 3:60 4:650 5:929 6:1301 7:2058 8:5615 9:2382 10:3136 11:3782 12:3994
v8 RK         n=1326000 min=2 mean=46.84 max=52 P(w<=4)=1.36e-02 P(w<=8)=1.67e-02 P(w<=16)=2.81e-02 | low counts 2:17245 3:87 4:641 5:778 6:877 7:1012 8:1440 9:1159 10:1347 11:1453 12:1727
v8 SRGC full histogram: 2:17245 3:87 4:641 5:778 6:877 7:1012 8:1440 9:1159 10:1347 11:1453 12:1727 13:2010 14:2310 15:2529 16:2645 17:2814 18:3061 19:3394 20:3570 21:3951 22:3830 23:4431 24:4667 25:5016 26:4670 27:5408 28:5978 29:6113 30:5546 31:6613 32:7380 33:7572 34:6231 35:7838 36:8876 37:9122 38:7332 39:9210 40:10652 41:11099 42:8275 43:10779 44:13319 45:15350 46:14310 47:25797 48:54953 49:122058 50:236827 51:350726 52:281972
v8 GC min weight by first swapped walk index p: 0:3 1:2 2:2 3:2 4:2 5:2 6:2 7:2 8:2 9:2 10:2 11:2 12:2 13:2 14:2 15:2 16:2 17:2 18:2 19:2 20:2 21:2 22:2 23:2 24:2 25:2 26:2 27:2 28:2 29:2 30:2 31:2 32:2 33:2 34:2 35:2 36:2 37:2 38:2 39:2 40:2 41:2 42:2 43:2 44:2 45:2 46:2 47:2 48:2 49:2 50:2
v8 GC min weight by second swapped walk index q: 1:3 2:3 3:3 4:3 5:2 6:2 7:2 8:2 9:2 10:2 11:2 12:2 13:2 14:2 15:2 16:2 17:2 18:2 19:2 20:2 21:2 22:2 23:2 24:2 25:2 26:2 27:2 28:2 29:2 30:2 31:2 32:2 33:2 34:2 35:2 36:2 37:2 38:2 39:2 40:2 41:2 42:2 43:2 44:2 45:2 46:2 47:2 48:2 49:2 50:2 51:2
v8 GC best w=2: swap positions (9,25) deck=[23, 3, 13, 31, 29, 15, 10, 5, 20, 50, 45, 49, 16, 38, 9, 1, 42, 46, 40, 32, 2, 48, 21, 35, 41, 6, 27, 8, 43, 24, 11, 34, 44, 28, 18, 19, 22, 47, 37, 26, 17, 14, 0, 39, 7, 33, 25, 36, 4, 30, 12, 51]
v8 SR best w=2: swap positions (0,6) deck=[23, 3, 13, 31, 29, 15, 10, 5, 20, 50, 45, 49, 16, 38, 9, 1, 42, 46, 40, 32, 2, 48, 21, 35, 41, 6, 27, 8, 43, 24, 11, 34, 44, 28, 18, 19, 22, 47, 37, 26, 17, 14, 0, 39, 7, 33, 25, 36, 4, 30, 12, 51]
v8 SRGC best w=2: swap positions (0,11) deck=[23, 3, 13, 31, 29, 15, 10, 5, 20, 50, 45, 49, 16, 38, 9, 1, 42, 46, 40, 32, 2, 48, 21, 35, 41, 6, 27, 8, 43, 24, 11, 34, 44, 28, 18, 19, 22, 47, 37, 26, 17, 14, 0, 39, 7, 33, 25, 36, 4, 30, 12, 51]
v8 SRGC_noSh best w=2: swap positions (1,12) deck=[23, 3, 13, 31, 29, 15, 10, 5, 20, 50, 45, 49, 16, 38, 9, 1, 42, 46, 40, 32, 2, 48, 21, 35, 41, 6, 27, 8, 43, 24, 11, 34, 44, 28, 18, 19, 22, 47, 37, 26, 17, 14, 0, 39, 7, 33, 25, 36, 4, 30, 12, 51]
v8 RK best w=2: swap positions (0,11) deck=[23, 3, 13, 31, 29, 15, 10, 5, 20, 50, 45, 49, 16, 38, 9, 1, 42, 46, 40, 32, 2, 48, 21, 35, 41, 6, 27, 8, 43, 24, 11, 34, 44, 28, 18, 19, 22, 47, 37, 26, 17, 14, 0, 39, 7, 33, 25, 36, 4, 30, 12, 51]
v9 GC         n=1326000 min=2 mean=32.78 max=52 P(w<=4)=5.29e-02 P(w<=8)=7.52e-02 P(w<=16)=1.44e-01 | low counts 2:57067 3:2577 4:10567 5:6607 6:7272 7:7597 8:8079 9:8561 10:9144 11:10029 12:10834
v9 SR         n=1326000 min=2 mean=34.59 max=52 P(w<=4)=5.90e-02 P(w<=8)=2.80e-01 P(w<=16)=2.80e-01 | low counts 2:78189 8:293628
v9 SRGC       n=1326000 min=2 mean=47.98 max=52 P(w<=4)=3.17e-03 P(w<=8)=4.44e-03 P(w<=16)=1.09e-02 | low counts 2:3462 3:138 4:599 5:373 6:427 7:420 8:472 9:490 10:595 11:633 12:816
v9 SRGC_noSh  n=1326000 min=2 mean=46.46 max=52 P(w<=4)=3.25e-03 P(w<=8)=7.91e-03 P(w<=16)=2.75e-02 | low counts 2:3616 3:91 4:598 5:454 6:903 7:1749 8:3081 9:1587 10:2319 11:3246 12:3736
v9 RK         n=1326000 min=2 mean=47.98 max=52 P(w<=4)=3.17e-03 P(w<=8)=4.44e-03 P(w<=16)=1.09e-02 | low counts 2:3462 3:138 4:599 5:373 6:427 7:420 8:472 9:490 10:595 11:633 12:816
v9 SRGC full histogram: 2:3462 3:138 4:599 5:373 6:427 7:420 8:472 9:490 10:595 11:633 12:816 13:915 14:1284 15:1720 16:2129 17:2301 18:2023 19:2660 20:3499 21:3847 22:2389 23:3627 24:5054 25:5484 26:2990 27:4485 28:6303 29:7547 30:3366 31:5304 32:8005 33:9679 34:3847 35:6218 36:9421 37:12091 38:4242 39:6811 40:10738 41:14280 42:4985 43:7738 44:12255 45:17629 46:7689 47:16509 48:42235 49:107721 50:228548 51:377521 52:342486
v9 GC min weight by first swapped walk index p: 0:3 1:2 2:2 3:2 4:2 5:2 6:2 7:2 8:2 9:2 10:2 11:2 12:2 13:2 14:2 15:2 16:2 17:2 18:2 19:2 20:2 21:2 22:2 23:2 24:2 25:2 26:2 27:2 28:2 29:2 30:2 31:2 32:2 33:2 34:2 35:2 36:2 37:2 38:2 39:2 40:2 41:2 42:2 43:2 44:2 45:2 46:2 47:2 48:2 49:2 50:2
v9 GC min weight by second swapped walk index q: 1:3 2:3 3:3 4:3 5:3 6:2 7:2 8:2 9:2 10:2 11:2 12:2 13:2 14:2 15:2 16:2 17:2 18:2 19:2 20:2 21:2 22:2 23:2 24:2 25:2 26:2 27:2 28:2 29:2 30:2 31:2 32:2 33:2 34:2 35:2 36:2 37:2 38:2 39:2 40:2 41:2 42:2 43:2 44:2 45:2 46:2 47:2 48:2 49:2 50:2 51:2
v9 GC best w=2: swap positions (3,26) deck=[12, 3, 43, 42, 2, 0, 47, 31, 33, 10, 45, 1, 34, 29, 21, 27, 35, 7, 51, 17, 41, 9, 25, 28, 20, 23, 16, 24, 39, 50, 6, 19, 14, 4, 30, 11, 26, 5, 22, 15, 13, 46, 48, 38, 40, 8, 44, 49, 37, 32, 18, 36]
v9 SR best w=2: swap positions (0,22) deck=[12, 3, 43, 42, 2, 0, 47, 31, 33, 10, 45, 1, 34, 29, 21, 27, 35, 7, 51, 17, 41, 9, 25, 28, 20, 23, 16, 24, 39, 50, 6, 19, 14, 4, 30, 11, 26, 5, 22, 15, 13, 46, 48, 38, 40, 8, 44, 49, 37, 32, 18, 36]
v9 SRGC best w=2: swap positions (30,50) deck=[12, 3, 43, 42, 2, 0, 47, 31, 33, 10, 45, 1, 34, 29, 21, 27, 35, 7, 51, 17, 41, 9, 25, 28, 20, 23, 16, 24, 39, 50, 6, 19, 14, 4, 30, 11, 26, 5, 22, 15, 13, 46, 48, 38, 40, 8, 44, 49, 37, 32, 18, 36]
v9 SRGC_noSh best w=2: swap positions (0,22) deck=[12, 3, 43, 42, 2, 0, 47, 31, 33, 10, 45, 1, 34, 29, 21, 27, 35, 7, 51, 17, 41, 9, 25, 28, 20, 23, 16, 24, 39, 50, 6, 19, 14, 4, 30, 11, 26, 5, 22, 15, 13, 46, 48, 38, 40, 8, 44, 49, 37, 32, 18, 36]
v9 RK best w=2: swap positions (30,50) deck=[12, 3, 43, 42, 2, 0, 47, 31, 33, 10, 45, 1, 34, 29, 21, 27, 35, 7, 51, 17, 41, 9, 25, 28, 20, 23, 16, 24, 39, 50, 6, 19, 14, 4, 30, 11, 26, 5, 22, 15, 13, 46, 48, 38, 40, 8, 44, 49, 37, 32, 18, 36]

real	2m41.857s
user	12m37.414s
sys	0m0.428s
