# hill climbing, 120s budget per target (stops early at weight 2), seed 777
# fixed key = shuffle(seed 20260927); an n-round target uses the real PassKey keys K1..Kn of that master key (shown per target)
v8 GC swap                           min out= 2  in+out= 4  evals=1842 restarts=1
    positions=[13, 31] deck=[40, 0, 18, 39, 31, 16, 17, 12, 27, 15, 41, 36, 43, 4, 5, 46, 13, 25, 50, 30, 24, 20, 3, 23, 6, 2, 19, 11, 8, 47, 7, 29, 28, 14, 10, 45, 42, 51, 26, 1, 44, 22, 38, 49, 37, 35, 34, 48, 21, 32, 9, 33]
v8 GC 3-cycle                        min out= 2  in+out= 5  evals=5988 restarts=2
    positions=[47, 48, 49] deck=[10, 50, 20, 40, 16, 49, 37, 11, 33, 6, 14, 5, 30, 44, 1, 4, 38, 31, 32, 36, 29, 27, 23, 21, 47, 41, 48, 17, 3, 15, 46, 22, 51, 45, 39, 24, 8, 0, 18, 35, 28, 34, 13, 7, 19, 2, 25, 26, 9, 12, 42, 43]
v8 SR swap                           min out= 2  in+out= 4  evals=94 restarts=1
    positions=[38, 34] deck=[36, 43, 22, 8, 9, 42, 50, 46, 10, 24, 15, 29, 35, 4, 19, 5, 28, 3, 12, 14, 20, 1, 41, 0, 27, 48, 6, 31, 21, 33, 25, 49, 2, 38, 13, 39, 44, 37, 17, 16, 40, 18, 51, 45, 11, 30, 47, 32, 7, 26, 34, 23]
v8 SR 3-cycle                        min out= 3  in+out= 6  evals=1527804 restarts=493
    positions=[27, 24, 12] deck=[41, 37, 21, 9, 27, 43, 24, 0, 47, 26, 13, 3, 5, 42, 45, 36, 35, 23, 4, 30, 34, 17, 16, 6, 48, 22, 7, 18, 51, 12, 28, 2, 20, 14, 19, 49, 44, 32, 29, 1, 38, 31, 10, 11, 8, 40, 50, 46, 25, 39, 15, 33]
v8 SRGC swap                         min out= 2  in+out= 4  evals=155 restarts=1
    positions=[21, 37] deck=[28, 11, 0, 6, 34, 42, 8, 5, 40, 31, 37, 44, 50, 33, 47, 32, 51, 7, 1, 46, 35, 41, 22, 39, 29, 23, 14, 45, 26, 16, 38, 19, 49, 2, 43, 18, 21, 10, 27, 3, 12, 24, 36, 48, 17, 4, 30, 20, 9, 25, 15, 13]
v8 SRGC 3-cycle                      min out= 2  in+out= 5  evals=18069 restarts=6
    positions=[23, 19, 27] deck=[11, 29, 28, 24, 5, 26, 39, 21, 13, 20, 14, 47, 18, 34, 31, 35, 8, 30, 43, 2, 32, 19, 16, 15, 6, 7, 46, 49, 36, 37, 23, 40, 42, 9, 38, 41, 3, 44, 45, 1, 17, 12, 33, 27, 22, 50, 0, 4, 25, 51, 48, 10]
v8 RK swap                           min out= 2  in+out= 4  evals=11 restarts=1  key FIXED_KEY (one round)
    positions=[42, 38] deck=[46, 33, 9, 21, 27, 50, 47, 19, 3, 31, 11, 25, 18, 37, 22, 24, 34, 20, 7, 44, 0, 26, 41, 45, 42, 51, 28, 23, 5, 32, 14, 16, 49, 40, 35, 8, 15, 4, 10, 2, 43, 39, 36, 6, 48, 17, 12, 29, 1, 13, 38, 30]
v8 RK 3-cycle                        min out= 2  in+out= 5  evals=9197 restarts=3  key FIXED_KEY (one round)
    positions=[17, 50, 43] deck=[46, 4, 3, 22, 25, 0, 16, 29, 11, 30, 35, 9, 5, 32, 51, 10, 24, 15, 44, 23, 50, 6, 49, 18, 13, 14, 37, 26, 36, 7, 38, 45, 19, 43, 47, 39, 27, 8, 1, 31, 33, 48, 34, 2, 40, 41, 17, 20, 12, 42, 28, 21]
v8 GC swap p=0                       min out= 2  in+out= 4  evals=943052 restarts=210
    positions=[0, 7] deck=[12, 20, 46, 7, 51, 24, 29, 38, 25, 27, 30, 40, 14, 26, 18, 49, 11, 44, 2, 9, 8, 42, 43, 23, 3, 37, 5, 6, 17, 19, 1, 15, 13, 34, 45, 33, 28, 48, 39, 31, 41, 16, 50, 36, 35, 32, 4, 21, 0, 22, 47, 10]
v8 GC swap p=1                       min out= 2  in+out= 4  evals=36731 restarts=9
    positions=[1, 3] deck=[31, 12, 37, 32, 14, 3, 41, 6, 26, 22, 44, 50, 11, 43, 42, 49, 34, 10, 45, 29, 16, 40, 21, 28, 13, 48, 30, 35, 9, 1, 27, 5, 7, 15, 46, 20, 24, 0, 8, 19, 2, 36, 17, 33, 39, 18, 47, 23, 38, 51, 4, 25]
v8 GC swap p=2                       min out= 2  in+out= 4  evals=11528 restarts=4
    positions=[2, 38] deck=[20, 0, 42, 31, 19, 13, 45, 43, 8, 21, 7, 11, 26, 16, 3, 35, 2, 6, 24, 34, 27, 15, 50, 40, 29, 46, 44, 25, 28, 5, 17, 10, 37, 18, 22, 47, 4, 39, 12, 9, 49, 48, 30, 23, 51, 41, 36, 33, 38, 1, 14, 32]
v8 SR swap diff-rows diff-ranks      min out=26  in+out=28  evals=1617735 restarts=350
    positions=[47, 45] deck=[34, 14, 43, 19, 37, 12, 20, 41, 25, 36, 16, 45, 10, 39, 35, 2, 47, 5, 42, 48, 18, 46, 51, 29, 23, 11, 6, 27, 28, 32, 17, 15, 49, 26, 38, 30, 44, 7, 8, 21, 33, 40, 4, 3, 24, 31, 1, 9, 50, 22, 13, 0]
v8 2 keyed rounds swap               min out= 2  in+out= 4  evals=277 restarts=1  keys K1..K2
    positions=[30, 10] deck=[50, 17, 48, 9, 0, 4, 26, 20, 1, 10, 7, 29, 45, 25, 3, 18, 28, 49, 15, 38, 5, 16, 11, 6, 39, 14, 47, 12, 2, 24, 46, 35, 23, 44, 36, 22, 41, 21, 13, 42, 34, 43, 32, 19, 37, 27, 8, 31, 51, 40, 33, 30]
v8 3 keyed rounds swap               min out= 2  in+out= 4  evals=9833 restarts=3  keys K1..K3
    positions=[11, 22] deck=[46, 29, 42, 38, 7, 41, 4, 23, 14, 48, 11, 31, 26, 39, 34, 28, 51, 16, 27, 12, 5, 3, 18, 50, 8, 17, 13, 32, 25, 21, 22, 43, 1, 45, 0, 9, 49, 24, 36, 10, 35, 20, 19, 30, 33, 6, 15, 47, 2, 44, 37, 40]
v9 GC swap                           min out= 2  in+out= 4  evals=564 restarts=1
    positions=[23, 22] deck=[24, 19, 39, 7, 51, 2, 1, 22, 5, 13, 0, 3, 15, 25, 47, 32, 8, 29, 41, 34, 14, 27, 44, 6, 30, 12, 49, 9, 23, 35, 18, 4, 21, 26, 17, 42, 40, 46, 36, 33, 37, 50, 20, 43, 11, 31, 10, 48, 45, 38, 28, 16]
v9 GC 3-cycle                        min out= 2  in+out= 5  evals=2425 restarts=1
    positions=[48, 49, 47] deck=[47, 31, 16, 26, 24, 3, 25, 23, 21, 36, 5, 0, 20, 13, 39, 41, 22, 49, 44, 10, 46, 18, 9, 38, 48, 35, 42, 43, 37, 30, 12, 50, 6, 1, 33, 45, 14, 11, 8, 4, 29, 7, 34, 19, 27, 51, 15, 40, 28, 32, 17, 2]
v9 SR swap                           min out= 2  in+out= 4  evals=2 restarts=1
    positions=[27, 11] deck=[18, 38, 46, 21, 0, 43, 40, 33, 13, 10, 9, 27, 8, 15, 7, 26, 32, 5, 48, 36, 42, 25, 2, 3, 4, 45, 11, 19, 20, 14, 31, 22, 35, 30, 23, 49, 41, 24, 50, 12, 37, 29, 16, 28, 44, 1, 34, 6, 17, 47, 39, 51]
v9 SR 3-cycle                        min out= 3  in+out= 6  evals=1476406 restarts=473
    positions=[13, 5, 40] deck=[24, 21, 39, 50, 29, 28, 35, 25, 48, 33, 18, 43, 45, 3, 19, 42, 37, 8, 40, 9, 36, 34, 47, 32, 13, 27, 31, 16, 7, 38, 30, 11, 23, 1, 44, 12, 6, 14, 17, 22, 15, 41, 0, 2, 4, 46, 26, 51, 10, 20, 5, 49]
v9 SRGC swap                         min out= 2  in+out= 4  evals=211 restarts=1
    positions=[48, 16] deck=[49, 14, 37, 9, 16, 44, 25, 2, 5, 35, 6, 51, 47, 20, 50, 0, 10, 38, 33, 48, 32, 39, 46, 8, 30, 26, 11, 19, 43, 15, 42, 17, 27, 40, 45, 3, 24, 36, 23, 18, 1, 13, 7, 41, 21, 12, 34, 28, 22, 31, 29, 4]
v9 SRGC 3-cycle                      min out= 2  in+out= 5  evals=20162 restarts=6
    positions=[41, 37, 45] deck=[4, 9, 43, 44, 20, 32, 1, 17, 48, 24, 41, 22, 49, 26, 30, 11, 15, 47, 2, 6, 37, 3, 51, 10, 39, 33, 19, 50, 45, 13, 36, 28, 27, 8, 14, 38, 29, 31, 21, 34, 25, 7, 12, 5, 46, 23, 35, 16, 18, 40, 42, 0]
v9 RK swap                           min out= 2  in+out= 4  evals=45 restarts=1  key FIXED_KEY (one round)
    positions=[17, 21] deck=[50, 51, 43, 18, 33, 23, 41, 22, 15, 28, 36, 4, 11, 27, 2, 49, 45, 46, 16, 19, 6, 42, 48, 29, 10, 34, 14, 13, 47, 24, 40, 35, 12, 26, 3, 44, 39, 20, 7, 31, 21, 17, 1, 0, 32, 9, 37, 25, 5, 8, 30, 38]
v9 RK 3-cycle                        min out= 2  in+out= 5  evals=17029 restarts=5  key FIXED_KEY (one round)
    positions=[3, 51, 47] deck=[2, 3, 8, 18, 25, 20, 29, 9, 26, 31, 38, 23, 15, 34, 5, 1, 10, 7, 37, 36, 0, 49, 48, 4, 24, 19, 14, 41, 17, 40, 28, 33, 46, 45, 43, 13, 47, 51, 32, 12, 44, 50, 11, 21, 16, 35, 39, 6, 22, 30, 27, 42]
v9 GC swap p=0                       min out= 2  in+out= 4  evals=32894 restarts=9
    positions=[0, 6] deck=[12, 8, 40, 51, 13, 42, 38, 37, 19, 28, 11, 20, 24, 17, 15, 7, 14, 50, 30, 2, 5, 22, 48, 31, 27, 26, 44, 23, 6, 16, 18, 25, 3, 4, 49, 45, 34, 36, 43, 33, 47, 10, 0, 21, 29, 46, 1, 41, 39, 35, 32, 9]
v9 GC swap p=1                       min out= 2  in+out= 4  evals=138600 restarts=35
    positions=[1, 3] deck=[31, 0, 5, 12, 1, 45, 50, 10, 42, 23, 2, 32, 14, 26, 18, 13, 19, 3, 7, 29, 41, 6, 9, 21, 33, 25, 22, 24, 48, 49, 28, 38, 11, 8, 34, 43, 44, 46, 4, 17, 15, 30, 27, 37, 47, 39, 16, 40, 20, 36, 51, 35]
v9 GC swap p=2                       min out= 2  in+out= 4  evals=168167 restarts=45
    positions=[2, 5] deck=[51, 2, 22, 33, 41, 48, 9, 36, 28, 10, 42, 5, 37, 3, 50, 0, 40, 24, 49, 7, 17, 21, 8, 11, 34, 26, 47, 30, 14, 6, 15, 13, 32, 31, 1, 12, 27, 19, 23, 16, 4, 38, 25, 39, 29, 45, 20, 46, 43, 35, 18, 44]
v9 SR swap diff-rows diff-ranks      min out=26  in+out=28  evals=1512993 restarts=324
    positions=[19, 40] deck=[34, 4, 29, 22, 31, 51, 21, 20, 39, 25, 15, 3, 12, 50, 14, 27, 30, 19, 13, 10, 44, 48, 35, 8, 38, 43, 28, 5, 41, 7, 49, 23, 45, 32, 26, 36, 16, 2, 24, 1, 42, 47, 0, 37, 11, 33, 17, 6, 9, 46, 18, 40]
v9 2 keyed rounds swap               min out= 2  in+out= 4  evals=9421 restarts=2  keys K1..K2
    positions=[6, 10] deck=[32, 37, 28, 13, 14, 39, 4, 21, 38, 27, 16, 44, 25, 48, 33, 23, 2, 9, 43, 42, 41, 30, 31, 1, 12, 36, 8, 50, 26, 0, 40, 7, 46, 45, 11, 6, 47, 34, 20, 15, 35, 17, 24, 3, 18, 19, 10, 22, 49, 29, 5, 51]
v9 3 keyed rounds swap               min out= 2  in+out= 4  evals=52317 restarts=14  keys K1..K3
    positions=[15, 23] deck=[24, 23, 1, 19, 46, 40, 10, 38, 50, 48, 4, 34, 35, 3, 44, 2, 5, 17, 8, 12, 51, 9, 14, 42, 7, 13, 47, 26, 28, 41, 15, 43, 36, 6, 32, 49, 31, 20, 25, 18, 30, 33, 22, 45, 37, 39, 16, 29, 11, 27, 21, 0]
