# hill climbing, 480s budget per target (stops early at weight 2), seed 991
# fixed key = shuffle(seed 20260927); an n-round target uses the real PassKey keys K1..Kn of that master key (shown per target)
v8 GC swap q<=1                      min out= 3  in+out= 5  evals=4290106 restarts=1268
    positions=[0, 1] deck=[49, 11, 46, 26, 42, 20, 28, 3, 5, 32, 33, 22, 0, 14, 37, 24, 31, 38, 2, 45, 9, 21, 4, 25, 10, 48, 39, 1, 8, 19, 27, 23, 17, 12, 15, 18, 35, 50, 13, 29, 16, 36, 7, 47, 44, 34, 43, 51, 6, 40, 30, 41]
v8 GC swap q<=2                      min out= 3  in+out= 5  evals=4267823 restarts=1272
    positions=[2, 1] deck=[26, 33, 36, 32, 30, 14, 35, 11, 13, 43, 48, 9, 5, 29, 18, 4, 51, 31, 19, 34, 38, 37, 16, 1, 45, 10, 15, 12, 6, 24, 44, 0, 3, 50, 41, 42, 40, 2, 17, 7, 25, 27, 21, 8, 49, 39, 23, 20, 47, 28, 22, 46]
v8 GC swap q<=3                      min out= 2  in+out= 4  evals=1996734 restarts=588
    positions=[1, 3] deck=[6, 12, 33, 31, 15, 51, 49, 5, 29, 10, 38, 44, 45, 24, 28, 4, 19, 40, 41, 1, 17, 2, 21, 25, 7, 47, 11, 20, 35, 16, 27, 18, 0, 46, 37, 42, 14, 43, 34, 22, 48, 26, 36, 50, 9, 23, 30, 39, 8, 32, 3, 13]
v8 GC swap q<=4                      min out= 2  in+out= 4  evals=2907209 restarts=858
    positions=[4, 3] deck=[26, 32, 11, 0, 12, 22, 40, 45, 1, 8, 17, 7, 27, 21, 31, 23, 51, 35, 50, 2, 25, 9, 6, 13, 4, 36, 3, 43, 39, 46, 33, 15, 5, 49, 24, 47, 38, 34, 16, 44, 29, 48, 10, 19, 41, 20, 18, 42, 28, 30, 14, 37]
v8 GC swap q<=5                      min out= 2  in+out= 4  evals=229754 restarts=67
    positions=[2, 5] deck=[51, 39, 11, 43, 23, 12, 42, 20, 46, 36, 17, 25, 44, 31, 5, 35, 47, 21, 7, 10, 32, 16, 14, 34, 29, 26, 49, 50, 41, 13, 2, 24, 38, 48, 1, 40, 22, 0, 9, 37, 18, 3, 15, 6, 45, 33, 27, 28, 30, 19, 4, 8]
v8 GC swap q<=6                      min out= 2  in+out= 4  evals=101056 restarts=30
    positions=[4, 6] deck=[26, 2, 6, 20, 49, 10, 12, 42, 51, 21, 14, 29, 46, 41, 38, 8, 22, 48, 30, 36, 37, 33, 45, 9, 31, 0, 32, 18, 5, 44, 1, 15, 50, 23, 28, 27, 43, 34, 7, 40, 47, 35, 3, 25, 11, 13, 4, 19, 17, 24, 39, 16]
v8 4 keyed rounds swap               min out= 2  in+out= 4  evals=25157 restarts=7  keys K1..K4
    positions=[35, 39] deck=[0, 13, 5, 39, 36, 8, 45, 49, 38, 27, 26, 11, 29, 24, 17, 30, 40, 35, 22, 7, 6, 19, 1, 12, 47, 41, 3, 37, 4, 50, 42, 43, 21, 46, 28, 10, 44, 25, 15, 23, 32, 2, 14, 18, 31, 51, 16, 48, 9, 20, 33, 34]
v8 5 keyed rounds swap               min out= 2  in+out= 4  evals=414961 restarts=99  keys K1..K5
    positions=[38, 7] deck=[23, 39, 27, 14, 18, 6, 50, 25, 42, 13, 46, 33, 36, 48, 41, 43, 2, 1, 17, 11, 38, 22, 40, 0, 47, 34, 20, 51, 28, 24, 37, 32, 5, 9, 29, 49, 15, 21, 12, 16, 7, 30, 35, 31, 3, 10, 26, 8, 45, 44, 19, 4]
v8 encrypt swap                      min out= 2  in+out= 4  evals=77802 restarts=21  keys K0..K6 (whole cipher)
    positions=[8, 10] deck=[17, 25, 39, 29, 36, 21, 47, 40, 49, 6, 10, 46, 18, 34, 20, 16, 1, 15, 2, 44, 42, 9, 37, 43, 27, 0, 19, 31, 14, 28, 48, 22, 23, 45, 38, 50, 26, 4, 8, 11, 35, 13, 7, 3, 24, 30, 12, 5, 32, 33, 51, 41]
v9 GC swap q<=1                      min out= 3  in+out= 5  evals=4768624 restarts=1511
    positions=[0, 1] deck=[3, 39, 7, 26, 16, 9, 19, 41, 51, 2, 46, 35, 28, 11, 18, 30, 20, 24, 17, 0, 47, 40, 5, 45, 32, 44, 37, 33, 21, 1, 13, 43, 38, 36, 12, 31, 23, 15, 14, 8, 50, 34, 10, 29, 4, 22, 25, 6, 48, 42, 27, 49]
v9 GC swap q<=2                      min out= 2  in+out= 4  evals=288370 restarts=89
    positions=[1, 2] deck=[32, 0, 12, 6, 30, 45, 29, 23, 38, 4, 40, 34, 22, 11, 50, 17, 49, 51, 43, 47, 25, 36, 7, 26, 21, 28, 3, 16, 13, 20, 15, 41, 1, 35, 5, 10, 39, 46, 18, 2, 9, 37, 42, 27, 24, 14, 44, 33, 31, 19, 8, 48]
v9 GC swap q<=3                      min out= 2  in+out= 4  evals=29560 restarts=9
    positions=[3, 2] deck=[7, 28, 12, 0, 13, 36, 27, 39, 47, 49, 20, 50, 17, 9, 15, 29, 41, 23, 8, 18, 34, 32, 26, 2, 4, 38, 25, 5, 33, 37, 45, 22, 43, 19, 42, 31, 21, 30, 11, 24, 6, 1, 40, 10, 35, 3, 51, 14, 46, 16, 48, 44]
v9 GC swap q<=4                      min out= 2  in+out= 4  evals=246204 restarts=73
    positions=[1, 2] deck=[28, 12, 0, 18, 8, 33, 48, 24, 39, 5, 10, 41, 14, 51, 22, 43, 27, 6, 11, 9, 31, 40, 34, 42, 7, 23, 19, 25, 4, 44, 38, 20, 46, 15, 47, 17, 45, 3, 49, 1, 35, 2, 26, 16, 13, 50, 32, 37, 21, 30, 29, 36]
v9 GC swap q<=5                      min out= 2  in+out= 4  evals=56583 restarts=17
    positions=[2, 3] deck=[45, 46, 0, 12, 25, 27, 37, 13, 26, 32, 21, 50, 7, 18, 9, 42, 29, 44, 6, 31, 11, 24, 47, 14, 43, 48, 39, 51, 15, 19, 34, 36, 8, 23, 4, 5, 40, 38, 33, 35, 22, 20, 17, 3, 41, 1, 28, 16, 2, 10, 30, 49]
v9 GC swap q<=6                      min out= 2  in+out= 4  evals=120834 restarts=37
    positions=[6, 3] deck=[14, 50, 47, 51, 26, 44, 12, 49, 23, 28, 38, 1, 4, 48, 33, 32, 9, 15, 8, 42, 0, 29, 40, 46, 18, 16, 20, 39, 13, 34, 6, 7, 36, 2, 17, 24, 19, 37, 45, 5, 31, 11, 27, 35, 25, 22, 10, 21, 3, 30, 41, 43]
v9 4 keyed rounds swap               min out=43  in+out=45  evals=633558 restarts=151  keys K1..K4
    positions=[36, 44] deck=[6, 45, 16, 30, 1, 38, 14, 36, 9, 26, 5, 29, 18, 32, 20, 33, 23, 8, 0, 2, 12, 50, 48, 4, 7, 41, 22, 39, 40, 46, 10, 13, 35, 17, 43, 42, 49, 31, 51, 24, 37, 19, 25, 21, 15, 34, 44, 11, 3, 47, 27, 28]
v9 5 keyed rounds swap               min out=43  in+out=45  evals=590383 restarts=146  keys K1..K5
    positions=[22, 48] deck=[32, 8, 0, 48, 13, 11, 1, 34, 12, 46, 30, 38, 44, 50, 33, 43, 9, 29, 39, 49, 40, 20, 15, 18, 26, 5, 3, 22, 10, 16, 17, 37, 21, 27, 25, 36, 19, 31, 24, 42, 45, 23, 2, 14, 35, 7, 6, 51, 47, 4, 41, 28]
v9 encrypt swap                      min out=44  in+out=46  evals=301073 restarts=74  keys K0..K6 (whole cipher)
    positions=[15, 45] deck=[36, 43, 4, 21, 39, 46, 24, 50, 7, 26, 32, 30, 33, 22, 51, 31, 1, 27, 8, 12, 42, 3, 44, 13, 18, 9, 35, 16, 45, 11, 29, 49, 6, 14, 23, 0, 2, 48, 25, 38, 15, 40, 5, 41, 17, 20, 10, 28, 34, 37, 47, 19]
