[1] v8: 20000 random decks: GC(swap 50 51) has weight exactly 2; GC(d)[26] == d[0]
[1] v9: 20000 random decks: GC(swap 50 51) has weight exactly 2; GC(d)[26] == d[0]
[2] v8: 132600 swaps: w==2 <=> unchanged seat sequence (held on all). Weight-2 mechanisms (leaving seat p, leaving seat q): {('bb', 'bb'): 13687, ('bb', 'end'): 1651, ('bb', 'fo'): 184, ('fo', 'bb'): 44, ('fo', 'end'): 15, ('fo', 'fo'): 1}; same-rank pairs among weight-2: 1050/15582
[2] v9: 132600 swaps: w==2 <=> unchanged seat sequence (held on all). Weight-2 mechanisms (leaving seat p, leaving seat q): {('bb', 'bb'): 4667, ('bb', 'end'): 940, ('bb', 'fo'): 122, ('fo', 'bb'): 37, ('fo', 'end'): 16, ('fo', 'fo'): 4}; same-rank pairs among weight-2: 953/5786
[3] v8 SR row:diff-w4                n=  94796 weights min=8 max=8 dist={8: 94796}
[3] v8 SR row:same-w4                n=  30004 weights min=2 max=2 dist={2: 30004}
[3] v8 SR rows,diff-rank             n= 381822 weights min=30 max=52 mean=45.49
[3] v8 SR rows,same-rank:diff-col    n=  21885 weights min=2 max=2 dist={2: 21885}
[3] v8 SR rows,same-rank:same-col    n=   1893 weights min=2 max=2 dist={2: 1893}
[3] v9 SR row:diff-w4                n=  95359 weights min=8 max=8 dist={8: 95359}
[3] v9 SR row:same-w4                n=  29441 weights min=2 max=2 dist={2: 29441}
[3] v9 SR rows,diff-rank             n= 381752 weights min=30 max=52 mean=45.50
[3] v9 SR rows,same-rank:diff-col    n=  22064 weights min=8 max=8 dist={8: 22064}
[3] v9 SR rows,same-rank:same-col    n=   1784 weights min=2 max=2 dist={2: 1784}
[4] v8 SRGC weight-2 events over 400 decks x 1326 swaps: 6782; SumRanks-stage weight among them: {2: 6782}
        3030  SR class row:same-w4                GC mechanism double-overflow
        2706  SR class rows,same-rank:diff-col    GC mechanism double-overflow
         369  SR class row:same-w4                GC mechanism q=51
         334  SR class rows,same-rank:same-col    GC mechanism double-overflow
         292  SR class rows,same-rank:diff-col    GC mechanism q=51
          28  SR class row:same-w4                GC mechanism tail(50,51)
          23  SR class rows,same-rank:diff-col    GC mechanism tail(50,51)
[4] v9 SRGC weight-2 events over 400 decks x 1326 swaps: 1349; SumRanks-stage weight among them: {2: 1349}
         849  SR class row:same-w4                GC mechanism double-overflow
         295  SR class rows,same-rank:same-col    GC mechanism double-overflow
         184  SR class row:same-w4                GC mechanism q=51
          17  SR class row:same-w4                GC mechanism tail(50,51)
           4  SR class rows,same-rank:same-col    GC mechanism q=51
