v8 GC swap                           in=2 out=2  positions [13, 31] cards ['5C', '4S']
    2D AC 6H AD 6S 4H 5H KC 2S 3H 3D JS 5D 5C 6C 8D AH KH QD 5S QH 8H 4C JH 7C 3C 7H QC 9C 9D 8C 4S 3S 2H JC 7D 4D KD AS 2C 6D TH KS JD QS TS 9S TD 9H 7S TC 8S
v8 GC 3-cycle                        in=3 out=2  positions [47, 48, 49] cards ['AS', 'TC', 'KC']
    JC QD 8H 2D 4H JD QS QC 8S 7C 2H 6C 5S 6D 2C 5C KS 6S 7S JS 4S 2S JH 9H 9D 3D TD 5H 4C 3H 8D TH KD 7D AD QH 9C AC 6H TS 3S 9S AH 8C 7H 3C KH AS TC KC 4D 5D
v8 SR swap                           in=2 out=2  positions [38, 34] cards ['5H', 'AH']
    JS 5D TH 9C TC 4D QD 8D JC QH 3H 4S TS 5C 7H 6C 3S 4C KC 2H 8H 2C 3D AC 2S TD 7C 6S 9H 8S KH JD 3C KS AH AD 6D QS 5H 4H 2D 6H KD 7D QC 5S 9D 7S 8C AS 9S JH
v8 SR 3-cycle                        in=3 out=3  positions [27, 24, 12] cards ['6H', 'TD', '6C']
    3D QS 9H TC 2S 5D QH AC 9D AS AH 4C 6C 4D 7D JS TS JH 5C 5S 9S 5H 4H 7C TD TH 8C 6H KD KC 3S 3C 8H 2H 7H JD 6D 7S 4S 2C KS 6S JC QC 9C 2D QD 8D KH AD 3H 8S
v8 SRGC swap                         in=2 out=2  positions [21, 37] cards ['3D', 'JC']
    3S QC AC 7C 9S 4D 9C 6C 2D 6S QS 6D QD 8S 9D 7S KD 8C 2C 8D TS 3D TH AD 4S JH 2H 7D AS 4H KS 7H JD 3C 5D 6H 9H JC 2S 4C KC QH JS TD 5H 5C 5S 8H TC KH 3H AH
v8 SRGC 3-cycle                      in=3 out=2  positions [23, 19, 27] cards ['3H', '3C', 'JD']
    QC 4S 3S QH 6C AS AD 9H AH 8H 2H 9D 6H 9S 6S TS 9C 5S 5D 3C 7S 7H 4H 3H 7C 8C 8D JD JS QS JH 2D 4D TC KS 3D 4C 6D 7D 2C 5H KC 8S 2S TH QD AC 5C KH KD TD JC
v8 RK swap                           in=2 out=2  positions [42, 38] cards ['JS', 'JC']
    8D 8S TC 9H 2S QD 9D 7H 4C 6S QC KH 6H QS TH QH 9S 8H 8C 6D AC AS 3D 7D 4D KD 3S JH 6C 7S 2H 4H JD 2D TS 9C 3H 5C JC 3C 5D AD JS 7C TD 5H KC 4S 2C AH KS 5S
v8 RK 3-cycle                        in=3 out=2  positions [17, 50, 43] cards ['3H', '3S', '3C']
    8D 5C 4C TH KH AC 4H 4S QC 5S TS TC 6C 7S KD JC QH 3H 6D JH QD 7C JD 6H AH 2H QS AS JS 8C KS 7D 7H 5D 9D AD 2S 9C 2C 6S 8S TD 9S 3C 2D 3D 5H 8H KC 4D 3S 9H
v8 GC swap p=0                       in=2 out=2  positions [0, 7] cards ['KC', 'KS']
    KC 8H 8D 8C KD QH 4S KS KH 2S 5S 2D 2H AS 6H JD QC 6D 3C TC 9C 4D 5D JH 4C QS 6C 7C 5H 7H 2C 3H AH 9S 7D 8S 3S TD AD 6S 3D 4H QD JS TS 7S 5C 9H AC TH 9D JC
v8 GC swap p=1                       in=2 out=2  positions [1, 3] cards ['KC', '7S']
    6S KC QS 7S 2H 4C 3D 7C AS TH 6D QD QC 5D 4D JD 9S JC 7D 4S 4H 2D 9H 3S AH TD 5S TS TC 2C 2S 6C 8C 3H 8D 8H QH AC 9C 7H 3C JS 5H 8S AD 6H 9D JH KS KD 5C KH
v8 GC swap p=2                       in=2 out=2  positions [2, 38] cards ['4D', 'KC']
    8H AC 4D 6S 7H AH 7D 5D 9C 9H 8C QC AS 4H 4C TS 3C 7C QH 9S 2S 3H QD 2D 4S 8D 6D KH 3S 6C 5H JC QS 6H TH 9D 5C AD KC TC JD TD 5S JH KD 3D JS 8S KS 2C 2H 7S
v8 SR swap diff-rows diff-ranks      in=2 out=26  positions [47, 45] cards ['TC', '6S']
    9S 2H 5D 7H QS KC 8H 3D KH JS 4H 7D JC AD TS 3C 9D 6C 4D TD 6H 8D KD 4S JH QC 7C 2S 3S 7S 5H 3H JD AS KS 5S 6D 8C 9C 9H 8S 2D 5C 4C QH 6S 2C TC QD TH AH AC
v8 2 keyed rounds swap               in=2 out=2  positions [30, 10] cards ['8D', '8C']
    QD 5H TD TC AC 5C AS 8H 2C JC 8C 4S 7D KH 4C 6H 3S JD 3H KS 6C 4H QC 7C AD 2H 9D KC 3C QH 8D TS JH 6D JS TH 3D 9H AH 4D 9S 5D 7S 7H QS 2S 9C 6S KD 2D 8S 5S
v8 3 keyed rounds swap               in=2 out=2  positions [11, 22] cards ['6S', '6H']
    8D 4S 4D KS 8C 3D 5C JH 2H TD QC 6S AS AD 9S 3S KD 4H 2S KC 6C 4C 6H QD 9C 5H AH 7S KH 9H TH 5D 2C 7D AC TC JD QH JS JC TS 8H 7H 5S 8S 7C 3H 9D 3C 6D QS 2D
v9 GC swap                           in=2 out=2  positions [23, 22] cards ['7C', '6D']
    QH 7H AD 8C KD 3C 2C TH 6C AH AC 4C 3H KH 9D 7S 9C 4S 3D 9S 2H 2S 6D 7C 5S KC JD TC JH TS 6H 5C 9H AS 5H 4D 2D 8D JS 8S QS QD 8H 5D QC 6S JC TD 7D KS 3S 4H
v9 GC 3-cycle                        in=3 out=2  positions [48, 49, 47] cards ['3S', '7S', '2D']
    9D 6S 4H AS QH 4C KH JH 9H JS 6C AC 8H AH AD 3D TH JD 6D JC 8D 6H TC KS TD TS 4D 5D QS 5S KC QD 7C 2C 8S 7D 2H QC 9C 5C 4S 8C 9S 7H 2S KD 3H 2D 3S 7S 5H 3C
v9 SR swap                           in=2 out=2  positions [27, 11] cards ['7H', '2S']
    6H KS 8D 9H AC 5D 2D 8S AH JC TC 2S 9C 3H 8C AS 7S 6C TD JS 4D KH 3C 4C 5C 7D QC 7H 8H 2H 6S TH TS 5S JH JD 3D QH QD KC QS 4S 4H 3S 6D 2C 9S 7C 5H 9D AD KD
v9 SR 3-cycle                        in=3 out=3  positions [13, 5, 40] cards ['4C', '3S', '3H']
    QH 9H AD QD 4S 3S TS KH TD 8S 6H 5D 7D 4C 7H 4D QS 9C 2D TC JS 9S 9D 7S AH 2S 6S 4H 8C KS 5S QC JH 2C 6D KC 7C 2H 5H TH 3H 3D AC 3C 5C 8D AS KD JC 8H 6C JD
v9 SRGC swap                         in=2 out=2  positions [48, 16] cards ['TH', 'JC']
    JD 2H QS TC 4H 6D KH 3C 6C TS 7C KD 9D 8H QD AC JC KS 8S TD 7S AD 8D 9C 5S AS QC 7H 5D 3H 4D 5H 2S 2D 7D 4C QH JS JH 6H 2C AH 8C 3D 9H KC 9S 3S TH 6S 4S 5C
v9 SRGC 3-cycle                      in=3 out=2  positions [41, 37, 45] cards ['8C', '6S', 'JH']
    5C TC 5D 6D 8H 7S 2C 5H TD QH 3D TH JD AS 5S QC 3H 9D 3C 7C QS 4C KD JC AD 8S 7H QD 7D AH JS 3S 2S 9C 2H KS 4S 6S 9H 9S KH 8C KC 6C 8D JH TS 4H 6H 2D 4D AC
v9 RK swap                           in=2 out=2  positions [17, 21] cards ['8D', '4D']
    QD KD 5D 6H 8S JH 3D TH 3H 3S JS 5C QC 2S 3C JD 7D 8D 4H 7H 7C 4D TD 4S JC 9S 2H AH 9D QH 2D TS KC AS 4C 6D AD 8H 8C 6S 9H 5H 2C AC 7S TC QS KH 6C 9C 5S KS
v9 RK 3-cycle                        in=3 out=2  positions [3, 51, 47] cards ['6H', '4D', '7C']
    3C 4C 9C 6H KH 8H 4S TC AS 6S KS JH 3H 9S 6C 2C JC 8C QS JS AC JD TD 5C QH 7H 2H 3D 5H 2D 3S 8S 8D 7D 5D AH 9D KD 7S KC 6D QD QC 9H 4H TS AD 7C TH 5S 2S 4D
v9 GC swap p=0                       in=2 out=2  positions [0, 6] cards ['KC', 'KS']
    KC 9C 2D KD AH 4D KS QS 7H 3S QC 8H QH 5H 3H 8C 2H QD 5S 3C 6C TH TD 6S 2S AS 6D JH 7C 4H 6H KH 4C 5C JD 7D 9S JS 5D 8S 9D JC AC 9H 4S 8D 2C 3D AD TS 7S TC
v9 GC swap p=1                       in=2 out=2  positions [1, 3] cards ['AC', 'KC']
    6S AC 6C KC 2C 7D QD JC 4D JH 3C 7S 2H AS 6H AH 7H 4C 8C 4S 3D 7C TC 9H 8S KH TH QH TD JD 3S KS QC 9C 9S 5D 6D 8D 5C 5H 3H 5S 2S QS 9D AD 4H 2D 8H JS KD TS
v9 GC swap p=2                       in=2 out=2  positions [2, 5] cards ['TH', 'TD']
    KD 3C TH 8S 3D TD TC JS 3S JC 4D 6C QS 4C QD AC 2D QH JD 8C 5H 9H 9C QC 9S AS 9D 5S 2H 7C 3H AH 7S 6S 2C KC 2S 7H JH 4H 5C KS KH AD 4S 7D 8H 8D 5D TS 6H 6D
v9 SR swap diff-rows diff-ranks      in=2 out=26  positions [19, 40] cards ['JC', '4D']
    9S 5C 4S TH 6S KD 9H 8H AD KH 3H 4C KC QD 2H 2S 5S 7H AH JC 6D TD TS 9C KS 5D 3S 6C 3D 8C JD JH 7D 7S AS JS 4H 3C QH 2C 4D 9D AC QS QC 8S 5H 7C TC 8D 6H 2D
v9 2 keyed rounds swap               in=2 out=2  positions [6, 10] cards ['5C', '4H']
    7S QS 3S AH 2H AD 5C 9H KS 2S 4H 6D KH TD 8S JH 3C TC 5D 4D 3D 5S 6S 2C KC JS 9C QD AS AC 2D 8C 8D 7D QC 7C 9D 9S 8H 3H TS 5H QH 4C 6H 7H JC TH JD 4S 6C KD
v9 3 keyed rounds swap               in=2 out=2  positions [15, 23] cards ['3C', '4D']
    QH JH 2C 7H 8D 2D JC KS QD TD 5C 9S TS 4C 6D 3C 6C 5H 9C KC KD TC 2H 4D 8C AH 9D AS 3S 3D 3H 5D JS 7C 7S JD 6S 8H KH 6H 5S 8S TH 7D QS AD 4H 4S QC 2S 9H AC
v8 GC swap q<=1                      in=2 out=3  positions [0, 1] cards ['JD', 'QC']
    JD QC 8D AS 4D 8H 3S 4C 6C 7S 8S TH AC 2H QS QH 6S KS 3C 7D TC 9H 5C KH JC TD AD 2C 9C 7H 2S JH 5H KC 3H 6H TS QD AH 4S 4H JS 8C 9D 6D 9S 5D KD 7C 2D 5S 3D
v8 GC swap q<=2                      in=2 out=3  positions [2, 1] cards ['JS', '8S']
    AS 8S JS 7S 5S 2H TS QC AH 5D TD TC 6C 4S 6H 5C KD 6S 7H 9S KS QS 4H 2C 7D JC 3H KC 7C QH 6D AC 4C QD 3D 4D 2D 3C 5H 8C KH 2S 9H 9C JD AD JH 8H 9D 3S TH 8D
v8 GC swap q<=3                      in=2 out=2  positions [1, 3] cards ['KC', '6S']
    7C KC 8S 6S 3H KD JD 6C 4S JC KS 6D 7D QH 3S 5C 7H 2D 3D 2C 5H 3C 9H KH 8C 9D QC 8H TS 4H 2S 6H AC 8D QS 4D 2H 5D 9S TH TD AS JS QD TC JH 5S AD 9C 7S 4C AH
v8 GC swap q<=4                      in=2 out=2  positions [4, 3] cards ['KC', 'AC']
    AS 7S QC AC KC TH 2D 7D 2C 9C 5H 8C 2S 9H 6S JH KD TS QD 3C KH TC 7C AH 5C JS 4C 5D AD 8D 8S 3H 6C JD QH 9D KS 9S 4H 6D 4S TD JC 7H 3D 8H 6H 4D 3S 5S 2H QS
v8 GC swap q<=5                      in=2 out=2  positions [2, 5] cards ['QC', 'KC']
    KD AD QC 5D JH KC 4D 8H 8D JS 5H KH 6D 6S 6C TS 9D 9H 8C JC 7S 4H 2H 9S 4S AS JD QD 3D AH 3C QH KS TD 2C 2D TH AC TC QS 6H 4C 3H 7C 7D 8S 2S 3S 5S 7H 5C 9C
v8 GC swap q<=6                      in=2 out=2  positions [4, 6] cards ['JD', 'KC']
    AS 3C 7C 8H JD JC KC 4D KD 9H 2H 4S 8D 3D KS 9C TH TD 5S JS QS 8S 7D TC 6S AC 7S 6H 6C 6D 2C 3H QD JH 3S 2S 5D 9S 8C 2D 9D TS 4C KH QC AH 5C 7H 5H QH AD 4H
v8 4 keyed rounds swap               in=2 out=2  positions [35, 39] cards ['JC', 'JH']
    AC AH 6C AD JS 9C 7D JD KS 2S AS QC 4S QH 5H 5S 2D TS TH 8C 7C 7H 2C KC 9D 3D 4C QS 5C QD 4D 5D 9H 8D 3S JC 6D KH 3H JH 7S 3C 2H 6H 6S KD 4H TD TC 8H 8S 9S
v8 5 keyed rounds swap               in=2 out=2  positions [38, 7] cards ['KC', 'KH']
    JH AD 2S 2H 6H 7C QD KH 4D AH 8D 8S JS TD 3D 5D 3C 2C 5H QC KS TH 2D AC 9D 9S 8H KD 3S QH QS 7S 6C TC 4S JD 3H 9H KC 4H 8C 5S TS 6S 4C JC AS 9C 7D 6D 7H 5C
v8 encrypt swap                      in=2 out=2  positions [8, 10] cards ['JD', 'JC']
    5H KH AD 4S JS 9H 9D 2D JD 7C JC 8D 6H 9S 8H 4H 2C 3H 3C 6D 4D TC QS 5D 2S AC 7H 6S 2H 3S TD TH JH 7D KS QD AS 5C 9C QC TS AH 8C 4C QH 5S KC 6C 7S 8S KD 3D
v9 GC swap q<=1                      in=2 out=3  positions [0, 1] cards ['4C', 'AD']
    4C AD 8C AS 4H TC 7H 3D KD 3C 8D TS 3S QC 6H 5S 8H QH 5H AC 9D 2D 6C 7D 7S 6D QS 8S 9H 2C AH 5D KS JS KC 6S JH 3H 2H 9C QD 9S JC 4S 5C TH KH 7C TD 4D 2S JD
v9 GC swap q<=2                      in=2 out=2  positions [1, 2] cards ['AC', 'KC']
    7S AC KC 7C 5S 7D 4S JH KS 5C 2D 9S TH QC QD 5H JD KD 5D 9D KH JS 8C AS 9H 3S 4C 4H AH 8H 3H 3D 2C TS 6C JC AD 8D 6H 3C TC QS 4D 2S QH 2H 6D 8S 6S 7H 9C TD
v9 GC swap q<=3                      in=2 out=2  positions [3, 2] cards ['AC', 'KC']
    8C 3S KC AC AH JS 2S AD 9D JD 8H QD 5H TC 3H 4S 3D JH 9C 6H 9S 7S AS 3C 5C KS KH 6C 8S QS 7D TH 5D 7H 4D 6S 9H 5S QC QH 7C 2C 2D JC TS 4C KD 2H 8D 4H TD 6D
v9 GC swap q<=4                      in=2 out=2  positions [1, 2] cards ['KC', 'AC']
    3S KC AC 6H 9C 8S TD QH AD 6C JC 3D 2H KD TH 5D 2S 7C QC TC 6S 2D 9S 4D 8C JH 7H KH 5C 6D KS 8H 8D 3H 9D 5H 7D 4C JD 2C TS 3C AS 4H AH QD 7S QS 9H 5S 4S JS
v9 GC swap q<=5                      in=2 out=2  positions [2, 3] cards ['AC', 'KC']
    7D 8D AC KC KH 2S QS AH AS 7S 9H QD 8C 6H TC 4D 4S 6D 7C 6S QC QH 9D 2H 5D TD AD KD 3H 7H 9S JS 9C JH 5C 6C 2D KS 8S TS TH 8H 5H 4C 3D 2C 3S 4H 3C JC 5S JD
v9 GC swap q<=6                      in=2 out=2  positions [6, 3] cards ['KC', 'KD']
    2H QD 9D KD AS 6D KC JD JH 3S KS 2C 5C TD 8S 7S TC 3H 9C 4D AC 4S 2D 8D 6H 4H 8H AD AH 9S 7C 8C JS 3C 5H QH 7H QS 7D 6C 6S QC 2S TS KH TH JC 9H 4C 5S 3D 5D
v9 4 keyed rounds swap               in=2 out=43  positions [36, 44] cards ['JD', '3H']
    7C 7D 4H 5S 2C KS 2H JS TC AS 6C 4S 6H 7S 8H 8S JH 9C AC 3C KC QD TD 5C 8C 3D TH AD 2D 8D JC AH TS 5H 5D 4D JD 6S KD QH QS 7H KH 9H 3H 9S 6D QC 4C 9D 2S 3S
v9 5 keyed rounds swap               in=2 out=43  positions [22, 48] cards ['3H', '9D']
    7S 9C AC TD AH QC 2C 9S KC 8D 5S KS 6D QD 8S 5D TC 4S AD JD 2D 8H 3H 6H AS 6C 4C TH JC 4H 5H QS 9H 2S KH JS 7H 6S QH 4D 7D JH 3C 2H TS 8C 7C KD 9D 5C 3D 3S
v9 encrypt swap                      in=2 out=44  positions [15, 45] cards ['6S', '8H']
    JS 5D 5C 9H AD 8D QH QD 8C AS 7S 5S 8S TH KD 6S 2C 2S 9C KC 4D 4C 6D AH 6H TC TS 4H 7D QC 4S JD 7C 2H JH AC 3C TD KH KS 3H 2D 6C 3D 5H 8H JC 3S 9S QS 9D 7H
trail_v9_4.log: alive 4/4 weights [2, 2, 2, 2] swap (24,5) cards JS,JC
    TH 4D 5H QH 5S JC AD AH 2S 9D 3S QD QC KD 4S JH 9C 4C 2D 8H KC QS TS TC JS 6D 2C 7S 9H 9S 3D 8D 6H AC 8C 2H 5D TD 4H 3C 7C 7D 8S 6S KH 6C 7H AS JD 3H 5C KS
trail_v9_4.log: alive 4/4 weights [2, 2, 2, 2] swap (14,50) cards QC,JH
    9D TD 8H 2S 8S 7D TS 2C TH 9S 7H 3C 8C 2H QC 9H 6H 5H 6D 4S 6C 5C JD 3H QH 5D AC KD 2D TC QS 3D JC JS 9C 5S 7C AH 8D KH 7S 3S QD KC 4C 4H KS 4D 6S AD JH AS
trail_v9_4.log: alive 4/4 weights [2, 2, 2, 2] swap (41,25) cards QH,KC
    KH 8H TH 5D 2S AC TD 3H 3S QC 7S 3D 2C TC 2D JH 8S 5C JD QS 2H 9H KS 8D 5S KC 4C 6S 6D 7C 4S 4H 3C TS AS 7H 6C AH 6H 9S 7D QH JS AD QD 9D 8C KD 5H 4D JC 9C
trail_v9_5.log: alive 4/5 weights [2, 2, 2, 2, 51] swap (18,10) cards QH,KC
    2H QD 7S 8C QC 5H 4C 6D 9D 4S KC JD JH 7C AD JS AH 4D QH 5C QS 3H 8H 5S 7H 8S 9S TC 3D 6S KD AC 9H KS 5D 4H JC TD 7D 9C 6C 8D 2S 6H AS 3S 3C TH 2C 2D TS KH
trail_v9_enc.log: alive 5/7 weights [2, 2, 2, 2, 2, 49] swap (33,27) cards JC,QD
    4D AS 4C 3C 6S 8D JS KS 5H 7C 8S KH JD 2D 8C 4S 9H AD 5D 3H 6C KC QC 4H 3D TC 2H QD 7H TH 6D AH 8H JC 2C 6H 9D JH 5S QH 7S 5C 7D QS 3S KD TS TD AC 9S 9C 2S
trail_v9_enc.log: alive 5/7 weights [2, 2, 2, 2, 2, 50] swap (50,7) cards TH,QD
    2D KC 9H 3D 6S 5C AD QD 8D 7D 4C 3H 5S KH 2C AS AH 8S TC 2H 6H AC QH 4H JS 5H QC QS 8H 2S 3S 3C 7H JD JC KS 7S 8C 5D 6C TD 4S 9D 6D 7C KD 4D JH TS 9S TH 9C
trail_v9_enc.log: alive 5/7 weights [2, 2, 2, 2, 2, 51] swap (37,14) cards QC,JH
    9D 7C AC JD 6D JS KD 8D 4H 6H 8H 6C KH 5S JH 5H 6S 7D 7H 4C 2C 9C 5C 7S AS 4D 3D 2D 5D AH TD 3S 2H AD 9S KC QH QC 2S 8S JC 9H 3H KS 4S TH 3C TC QD TS QS 8C
trail_v9_enc.log: alive 5/7 weights [2, 2, 2, 2, 2, 51] swap (42,24) cards QH,KC
    AD 5D JC 6C TS 2S 6S JD 2D QS 7C TH 8S 7S 3H 8D 9C AC AS TD 6D 4S QD 2H KC 4H 8H 4D KS 6H 5S JS 3C 7H 5H 8C 9D 5C 4C AH KH 7D QH 9S 3S JH 9H 3D QC TC 2C KD
54 witnesses re-verified
