# command: ci 85000000
build: HashDeckBody(new-deck order) = 0286e85ac12530b60a3c706a8f339cd238203e1eb2bf4f2b877341cf60; block = build dm_step; HashDecksBody present
selfcheck: compose(h, inverse(h)) == identity (legality of h: by uniformH's construction, not checked) and block == build HashDeckBodyFrom: 8/8
a1 N=400 SEED0=85000000: 1 chunks of <= 500, chunk c uses seed SEED0 + c
A1 (f' = f(., K turned over), 2-edge-flip prediction): accepted 0/400 = 0.000e+0; 95% CI (Wilson) [0.00e+0, 9.51e-3]; exact one-sided 95% upper bound 7.46e-3
  accepted == (W unchanged by the flip) in every game; W unchanged 0/400; ideal 1/|G| ~ 2^-225.9
  self-check y1 == build HashDeckBodyFrom: 1 chunks
# time a1: 8.7 s, 4 workers
e1 N=400 SEED0=85100000: 1 chunks of <= 500, chunk c uses seed SEED0 + c
E1: secret uniform h, uniform deck D, D' = D with cards 51 and 52 swapped; z = f(h,D)^-1 f(h,D')
  fixE: n=400 P(fixE>=2) = 0.2650 [0.2241,0.3103] ideal 0.264241 adv +0.0008 (95% half-width 0.0431); mean 1.0275 +- 0.0999 (ideal 1)
  fixC: n=400 P(fixC>=2) = 0.2200 [0.1822,0.2632] ideal 0.264241 adv -0.0442 (95% half-width 0.0405); mean 0.9350 +- 0.0947 (ideal 1)
  equal outputs (collisions): 0/400; self-check vs build HashDeckBodyFrom: 1 chunks
# time e1: 7.9 s, 4 workers
e3 N=100 SEED0=85200000: 1 chunks of <= 500, chunk c uses seed SEED0 + c
E3: t = f*(IV-COOK12, [K, D, L, K turned over]), t' with D's cards 51 and 52 swapped; z = t^-1 t'
  fixE: n=100 P(fixE>=2) = 0.2700 [0.1927,0.3643] ideal 0.264241 adv +0.0058 (95% half-width 0.0858); mean 1.0100 +- 0.1980 (ideal 1)
  fixC: n=100 P(fixC>=2) = 0.2100 [0.1417,0.2998] ideal 0.264241 adv -0.0542 (95% half-width 0.0791); mean 0.9300 +- 0.1994 (ideal 1)
  equal outputs (collisions): 0/100; self-check vs build HashDeckBodyFrom: 1 chunks; vs build HashDecksBody: 1 chunks
# time e3: 7.7 s, 4 workers
