col v10:0,1 N 20000000 (tries 20000000): distinct 20000000 repeats(pairs) 0 max-multiplicity 1 min-support 42 max-agree-with-SPEC 10 diff=SPEC 0 gamma-in-v10Sym 0
  support hist: 42:4 43:17 44:198 45:1481 46:10159 47:60779 48:306703 49:1225292 50:3678703 51:7359053 52:7357611
  agree hist: 0:7369937 1:7345461 2:3674203 3:1228896 4:307584 5:61836 6:10375 7:1513 8:175 9:19 10:1
col v10:0,2 N 20000000 (tries 20000000): distinct 20000000 repeats(pairs) 0 max-multiplicity 1 min-support 42 max-agree-with-SPEC 10 diff=SPEC 0 gamma-in-v10Sym 0
  support hist: 42:2 43:22 44:176 45:1465 46:10202 47:61453 48:306930 49:1227475 50:3676762 51:7359221 52:7356292
  agree hist: 0:7368293 1:7347533 2:3673279 3:1228142 4:308579 5:61977 6:10486 7:1493 8:188 9:29 10:1
col v10:0,3 N 20000000 (tries 20000000): distinct 20000000 repeats(pairs) 0 max-multiplicity 1 min-support 42 max-agree-with-SPEC 10 diff=SPEC 0 gamma-in-v10Sym 0
  support hist: 42:3 43:21 44:175 45:1451 46:10140 47:61603 48:307910 49:1227351 50:3676656 51:7358752 52:7355938
  agree hist: 0:7371600 1:7342593 2:3671662 3:1230277 4:308758 5:62913 6:10430 7:1527 8:204 9:35 10:1
col v10:10,0 N 20000000 (tries 20000000): distinct 20000000 repeats(pairs) 0 max-multiplicity 1 min-support 41 max-agree-with-SPEC 10 diff=SPEC 0 gamma-in-v10Sym 0
  support hist: 41:1 43:20 44:173 45:1415 46:10296 47:61284 48:306277 49:1226644 50:3679934 51:7355433 52:7358523
  agree hist: 0:7358043 1:7355522 2:3679186 3:1227434 4:306734 5:61131 6:10248 7:1500 8:183 9:18 10:1
col v10:10,1 N 20000000 (tries 20000000): distinct 20000000 repeats(pairs) 0 max-multiplicity 1 min-support 42 max-agree-with-SPEC 10 diff=SPEC 0 gamma-in-v10Sym 0
  support hist: 42:1 43:20 44:184 45:1456 46:10156 47:61169 48:306408 49:1227728 50:3677648 51:7358794 52:7356436
  agree hist: 0:7359044 1:7355537 2:3677434 3:1227944 4:306575 5:61635 6:10070 7:1547 8:193 9:20 10:1
col v10:10,2 N 20000000 (tries 20000000): distinct 20000000 repeats(pairs) 0 max-multiplicity 1 min-support 42 max-agree-with-SPEC 10 diff=SPEC 0 gamma-in-v10Sym 0
  support hist: 42:3 43:17 44:176 45:1429 46:10188 47:61226 48:306619 49:1227839 50:3677463 51:7355894 52:7359146
  agree hist: 0:7357249 1:7360139 2:3677074 3:1226074 4:305762 5:61837 6:10258 7:1413 8:167 9:22 10:5
col v10:10,3 N 20000000 (tries 20000000): distinct 20000000 repeats(pairs) 0 max-multiplicity 1 min-support 42 max-agree-with-SPEC 11 diff=SPEC 0 gamma-in-v10Sym 0
  support hist: 42:2 43:19 44:183 45:1475 46:9978 47:61062 48:306698 49:1226409 50:3680949 51:7355857 52:7357368
  agree hist: 0:7355140 1:7357391 2:3679032 3:1228403 4:306896 5:61354 6:10126 7:1473 8:163 9:21 11:1
col v10:11,0 N 20000000 (tries 20000000): distinct 20000000 repeats(pairs) 0 max-multiplicity 1 min-support 42 max-agree-with-SPEC 9 diff=SPEC 0 gamma-in-v10Sym 0
  support hist: 42:1 43:27 44:176 45:1476 46:10249 47:61388 48:306594 49:1226401 50:3677556 51:7359238 52:7356894
  agree hist: 0:7363549 1:7351744 2:3677676 3:1227658 4:305856 5:61439 6:10388 7:1486 8:180 9:24
col v10:11,1 N 20000000 (tries 20000000): distinct 20000000 repeats(pairs) 0 max-multiplicity 1 min-support 42 max-agree-with-SPEC 11 diff=SPEC 0 gamma-in-v10Sym 0
  support hist: 42:1 43:19 44:197 45:1534 46:10304 47:61101 48:305788 49:1226898 50:3678782 51:7359806 52:7355570
  agree hist: 0:7359454 1:7355771 2:3676591 3:1226892 4:307560 5:61861 6:10256 7:1418 8:181 9:13 10:2 11:1
col v10:11,2 N 20000000 (tries 20000000): distinct 20000000 repeats(pairs) 0 max-multiplicity 1 min-support 42 max-agree-with-SPEC 10 diff=SPEC 0 gamma-in-v10Sym 0
  support hist: 42:2 43:16 44:188 45:1454 46:10157 47:61434 48:306474 49:1226463 50:3677479 51:7355787 52:7360546
  agree hist: 0:7356419 1:7355337 2:3681292 3:1225772 4:307732 5:61670 6:10075 7:1488 8:196 9:17 10:2
col v10:11,3 N 20000000 (tries 20000000): distinct 20000000 repeats(pairs) 0 max-multiplicity 1 min-support 42 max-agree-with-SPEC 10 diff=SPEC 0 gamma-in-v10Sym 0
  support hist: 42:4 43:16 44:169 45:1416 46:10333 47:61497 48:306174 49:1224962 50:3678797 51:7358423 52:7358209
  agree hist: 0:7357533 1:7355783 2:3677819 3:1227003 4:308101 5:61949 6:10123 7:1475 8:190 9:21 10:3
col v10:12,0 N 20000000 (tries 20000000): distinct 20000000 repeats(pairs) 0 max-multiplicity 1 min-support 42 max-agree-with-SPEC 10 diff=SPEC 0 gamma-in-v10Sym 0
  support hist: 42:2 43:20 44:164 45:1476 46:10232 47:61433 48:306232 49:1226873 50:3679859 51:7356941 52:7356768
  agree hist: 0:7361776 1:7354933 2:3677525 3:1223946 4:307572 5:62271 6:10411 7:1369 8:173 9:23 10:1
col v10:12,1 N 20000000 (tries 20000000): distinct 20000000 repeats(pairs) 0 max-multiplicity 1 min-support 42 max-agree-with-SPEC 10 diff=SPEC 0 gamma-in-v10Sym 0
  support hist: 42:2 43:23 44:181 45:1378 46:10330 47:61264 48:305555 49:1226937 50:3677060 51:7357862 52:7359408
  agree hist: 0:7364471 1:7353715 2:3677905 3:1224581 4:306000 5:61367 6:10298 7:1445 8:199 9:18 10:1
col v10:12,2 N 20000000 (tries 20000000): distinct 20000000 repeats(pairs) 0 max-multiplicity 1 min-support 42 max-agree-with-SPEC 10 diff=SPEC 0 gamma-in-v10Sym 0
  support hist: 42:3 43:26 44:192 45:1370 46:10051 47:61230 48:307029 49:1224528 50:3679231 51:7357357 52:7358983
  agree hist: 0:7357817 1:7358776 2:3678040 3:1225096 4:306725 5:61224 6:10645 7:1474 8:181 9:20 10:2
col v10:12,3 N 20000000 (tries 20000000): distinct 20000000 repeats(pairs) 0 max-multiplicity 1 min-support 41 max-agree-with-SPEC 10 diff=SPEC 0 gamma-in-v10Sym 0
  support hist: 41:1 43:22 44:190 45:1474 46:10179 47:61336 48:306721 49:1226297 50:3678456 51:7357372 52:7357952
  agree hist: 0:7357127 1:7357251 2:3677963 3:1227016 4:307254 5:61466 6:10234 7:1489 8:174 9:25 10:1
col v10:1,0 N 20000000 (tries 20000000): distinct 20000000 repeats(pairs) 0 max-multiplicity 1 min-support 42 max-agree-with-SPEC 10 diff=SPEC 0 gamma-in-v10Sym 0
  support hist: 42:2 43:20 44:203 45:1435 46:10177 47:60941 48:307038 49:1229282 50:3678321 51:7356772 52:7355809
  agree hist: 0:7364522 1:7349691 2:3676732 3:1226661 4:308296 5:61964 6:10369 7:1555 8:185 9:23 10:2
col v10:1,1 N 20000000 (tries 20000000): distinct 20000000 repeats(pairs) 0 max-multiplicity 1 min-support 42 max-agree-with-SPEC 10 diff=SPEC 0 gamma-in-v10Sym 0
  support hist: 42:3 43:25 44:172 45:1440 46:10329 47:61462 48:306695 49:1226215 50:3679936 51:7357679 52:7356044
  agree hist: 0:7359996 1:7352489 2:3680482 3:1227008 4:306545 5:61508 6:10318 7:1452 8:191 9:9 10:2
col v10:1,2 N 20000000 (tries 20000000): distinct 20000000 repeats(pairs) 0 max-multiplicity 1 min-support 42 max-agree-with-SPEC 12 diff=SPEC 0 gamma-in-v10Sym 0
  support hist: 42:1 43:27 44:186 45:1410 46:10191 47:61434 48:306026 49:1224848 50:3681523 51:7357701 52:7356653
  agree hist: 0:7365644 1:7349254 2:3677888 3:1227149 4:306885 5:61207 6:10230 7:1529 8:183 9:25 10:5 12:1
col v10:1,3 N 20000000 (tries 20000000): distinct 20000000 repeats(pairs) 0 max-multiplicity 1 min-support 42 max-agree-with-SPEC 10 diff=SPEC 0 gamma-in-v10Sym 0
  support hist: 42:5 43:17 44:167 45:1468 46:10287 47:61430 48:306283 49:1226070 50:3678183 51:7356462 52:7359628
  agree hist: 0:7359088 1:7351636 2:3680563 3:1228435 4:306561 5:61855 6:10223 7:1422 8:193 9:21 10:3
col v10:2,0 N 20000000 (tries 20000000): distinct 20000000 repeats(pairs) 0 max-multiplicity 1 min-support 42 max-agree-with-SPEC 10 diff=SPEC 0 gamma-in-v10Sym 0
  support hist: 42:1 43:20 44:177 45:1499 46:10358 47:61473 48:306576 49:1227191 50:3679087 51:7355280 52:7358338
  agree hist: 0:7360108 1:7357112 2:3676075 3:1225597 4:307707 5:61218 6:10472 7:1495 8:189 9:24 10:3
col v10:2,1 N 20000000 (tries 20000000): distinct 20000000 repeats(pairs) 0 max-multiplicity 1 min-support 41 max-agree-with-SPEC 11 diff=SPEC 0 gamma-in-v10Sym 0
  support hist: 41:1 42:2 43:17 44:164 45:1398 46:10302 47:61003 48:306900 49:1226507 50:3678506 51:7359252 52:7355948
  agree hist: 0:7359034 1:7354241 2:3678912 3:1227824 4:306783 5:61207 6:10326 7:1466 8:176 9:25 10:4 11:2
col v10:2,2 N 20000000 (tries 20000000): distinct 20000000 repeats(pairs) 0 max-multiplicity 1 min-support 41 max-agree-with-SPEC 11 diff=SPEC 0 gamma-in-v10Sym 0
  support hist: 41:2 42:3 43:18 44:201 45:1487 46:10030 47:61789 48:307716 49:1226925 50:3679778 51:7355896 52:7356155
  agree hist: 0:7358231 1:7356332 2:3678089 3:1227296 4:306884 5:61100 6:10344 7:1498 8:206 9:18 10:1 11:1
col v10:2,3 N 20000000 (tries 20000000): distinct 20000000 repeats(pairs) 0 max-multiplicity 1 min-support 42 max-agree-with-SPEC 10 diff=SPEC 0 gamma-in-v10Sym 0
  support hist: 42:3 43:18 44:185 45:1478 46:10320 47:60664 48:306366 49:1227101 50:3679398 51:7356987 52:7357480
  agree hist: 0:7357309 1:7354022 2:3681005 3:1227030 4:307047 5:61489 6:10343 7:1555 8:176 9:22 10:2
col v10:3,0 N 20000000 (tries 20000000): distinct 20000000 repeats(pairs) 0 max-multiplicity 1 min-support 42 max-agree-with-SPEC 10 diff=SPEC 0 gamma-in-v10Sym 0
  support hist: 42:3 43:20 44:194 45:1510 46:10308 47:61155 48:306520 49:1224999 50:3680614 51:7357449 52:7357228
  agree hist: 0:7355723 1:7360527 2:3677120 3:1226281 4:306825 5:61526 6:10265 7:1542 8:171 9:17 10:3
col v10:3,1 N 20000000 (tries 20000000): distinct 20000000 repeats(pairs) 0 max-multiplicity 1 min-support 41 max-agree-with-SPEC 10 diff=SPEC 0 gamma-in-v10Sym 0
  support hist: 41:1 42:2 43:15 44:170 45:1470 46:10121 47:61506 48:306537 49:1226558 50:3679607 51:7359291 52:7354722
  agree hist: 0:7357641 1:7352950 2:3681339 3:1227487 4:306814 5:61708 6:10332 7:1518 8:191 9:16 10:4
col v10:3,2 N 20000000 (tries 20000000): distinct 20000000 repeats(pairs) 0 max-multiplicity 1 min-support 42 max-agree-with-SPEC 10 diff=SPEC 0 gamma-in-v10Sym 0
  support hist: 42:4 43:12 44:186 45:1505 46:10183 47:61600 48:305276 49:1226486 50:3675270 51:7359031 52:7360447
  agree hist: 0:7356848 1:7355009 2:3681921 3:1224779 4:307768 5:61819 6:10121 7:1494 8:216 9:23 10:2
col v10:3,3 N 20000000 (tries 20000000): distinct 20000000 repeats(pairs) 0 max-multiplicity 1 min-support 42 max-agree-with-SPEC 10 diff=SPEC 0 gamma-in-v10Sym 0
  support hist: 42:1 43:19 44:176 45:1483 46:10086 47:60802 48:306417 49:1226244 50:3680406 51:7358605 52:7355761
  agree hist: 0:7356059 1:7357734 2:3679585 3:1226900 4:306831 5:61067 6:10122 7:1512 8:168 9:18 10:4
col v10:4,0 N 20000000 (tries 20000000): distinct 20000000 repeats(pairs) 0 max-multiplicity 1 min-support 42 max-agree-with-SPEC 10 diff=SPEC 0 gamma-in-v10Sym 0
  support hist: 42:3 43:16 44:166 45:1507 46:10164 47:61279 48:307026 49:1227049 50:3677122 51:7358750 52:7356918
  agree hist: 0:7355687 1:7354513 2:3684436 3:1225658 4:306541 5:61364 6:10136 7:1455 8:177 9:31 10:2
col v10:4,1 N 20000000 (tries 20000000): distinct 20000000 repeats(pairs) 0 max-multiplicity 1 min-support 42 max-agree-with-SPEC 10 diff=SPEC 0 gamma-in-v10Sym 0
  support hist: 42:1 43:22 44:182 45:1462 46:10264 47:61347 48:306763 49:1226247 50:3676985 51:7358234 52:7358493
  agree hist: 0:7356875 1:7354228 2:3682250 3:1226544 4:306652 5:61382 6:10338 7:1511 8:200 9:19 10:1
col v10:4,2 N 20000000 (tries 20000000): distinct 20000000 repeats(pairs) 0 max-multiplicity 1 min-support 41 max-agree-with-SPEC 10 diff=SPEC 0 gamma-in-v10Sym 0
  support hist: 41:1 42:1 43:22 44:167 45:1424 46:10158 47:61972 48:307295 49:1225686 50:3676088 51:7356223 52:7360963
  agree hist: 0:7357684 1:7356962 2:3679818 3:1226289 4:305694 5:61576 6:10257 7:1507 8:194 9:18 10:1
col v10:4,3 N 20000000 (tries 20000000): distinct 20000000 repeats(pairs) 0 max-multiplicity 1 min-support 41 max-agree-with-SPEC 10 diff=SPEC 0 gamma-in-v10Sym 0
  support hist: 41:1 43:11 44:187 45:1441 46:10184 47:60724 48:306495 49:1226372 50:3680060 51:7360811 52:7353714
  agree hist: 0:7356285 1:7356925 2:3679623 3:1227129 4:306642 5:61432 6:10279 7:1472 8:189 9:21 10:3
col v10:5,0 N 20000000 (tries 20000000): distinct 20000000 repeats(pairs) 0 max-multiplicity 1 min-support 42 max-agree-with-SPEC 10 diff=SPEC 0 gamma-in-v10Sym 0
  support hist: 42:4 43:18 44:185 45:1449 46:10076 47:61015 48:307110 49:1227731 50:3677536 51:7354124 52:7360752
  agree hist: 0:7358477 1:7356793 2:3676363 3:1227856 4:306509 5:61975 6:10345 7:1497 8:153 9:30 10:2
col v10:5,1 N 20000000 (tries 20000000): distinct 20000000 repeats(pairs) 0 max-multiplicity 1 min-support 42 max-agree-with-SPEC 10 diff=SPEC 0 gamma-in-v10Sym 0
  support hist: 42:3 43:23 44:186 45:1509 46:10306 47:61437 48:306730 49:1226635 50:3679401 51:7359813 52:7353957
  agree hist: 0:7359396 1:7354744 2:3680170 3:1225781 4:306555 5:61573 6:10122 7:1459 8:178 9:21 10:1
col v10:5,2 N 20000000 (tries 20000000): distinct 20000000 repeats(pairs) 0 max-multiplicity 1 min-support 42 max-agree-with-SPEC 10 diff=SPEC 0 gamma-in-v10Sym 0
  support hist: 42:4 43:17 44:194 45:1437 46:10370 47:61159 48:306116 49:1226492 50:3678391 51:7359899 52:7355921
  agree hist: 0:7353267 1:7360436 2:3679639 3:1227237 4:306305 5:61167 6:10374 7:1387 8:165 9:22 10:1
col v10:5,3 N 20000000 (tries 20000000): distinct 20000000 repeats(pairs) 0 max-multiplicity 1 min-support 42 max-agree-with-SPEC 10 diff=SPEC 0 gamma-in-v10Sym 0
  support hist: 42:2 43:19 44:172 45:1454 46:10222 47:61112 48:306071 49:1226476 50:3674840 51:7358121 52:7361511
  agree hist: 0:7355551 1:7358847 2:3678416 3:1226654 4:307340 5:61182 6:10335 7:1473 8:181 9:20 10:1
col v10:6,0 N 20000000 (tries 20000000): distinct 20000000 repeats(pairs) 0 max-multiplicity 1 min-support 42 max-agree-with-SPEC 10 diff=SPEC 0 gamma-in-v10Sym 0
  support hist: 42:2 43:17 44:187 45:1448 46:10299 47:61108 48:307638 49:1226509 50:3680191 51:7357768 52:7354833
  agree hist: 0:7360476 1:7353359 2:3681012 3:1225356 4:306421 5:61371 6:10348 7:1440 8:190 9:26 10:1
col v10:6,1 N 20000000 (tries 20000000): distinct 20000000 repeats(pairs) 0 max-multiplicity 1 min-support 43 max-agree-with-SPEC 10 diff=SPEC 0 gamma-in-v10Sym 0
  support hist: 43:25 44:175 45:1486 46:10090 47:61812 48:306353 49:1226468 50:3680167 51:7358886 52:7354538
  agree hist: 0:7361139 1:7353277 2:3678138 3:1227654 4:306319 5:61605 6:10236 7:1436 8:178 9:16 10:2
col v10:6,2 N 20000000 (tries 20000000): distinct 20000000 repeats(pairs) 0 max-multiplicity 1 min-support 42 max-agree-with-SPEC 10 diff=SPEC 0 gamma-in-v10Sym 0
  support hist: 42:2 43:24 44:176 45:1464 46:10139 47:61109 48:305026 49:1224996 50:3680018 51:7358332 52:7358714
  agree hist: 0:7357115 1:7358838 2:3679715 3:1224621 4:306348 5:61331 6:10434 7:1404 8:172 9:21 10:1
col v10:6,3 N 20000000 (tries 20000000): distinct 20000000 repeats(pairs) 0 max-multiplicity 1 min-support 43 max-agree-with-SPEC 10 diff=SPEC 0 gamma-in-v10Sym 0
  support hist: 43:15 44:187 45:1507 46:10377 47:61163 48:306982 49:1224275 50:3676277 51:7359789 52:7359428
  agree hist: 0:7358106 1:7357531 2:3678664 3:1226512 4:306370 5:61001 6:10120 7:1493 8:177 9:23 10:3
col v10:7,0 N 20000000 (tries 20000000): distinct 20000000 repeats(pairs) 0 max-multiplicity 1 min-support 43 max-agree-with-SPEC 10 diff=SPEC 0 gamma-in-v10Sym 0
  support hist: 43:15 44:170 45:1444 46:10096 47:61605 48:307267 49:1227492 50:3680032 51:7359102 52:7352777
  agree hist: 0:7356957 1:7356664 2:3678550 3:1227993 4:306241 5:61772 6:10140 7:1492 8:168 9:22 10:1
col v10:7,1 N 20000000 (tries 20000000): distinct 20000000 repeats(pairs) 0 max-multiplicity 1 min-support 42 max-agree-with-SPEC 10 diff=SPEC 0 gamma-in-v10Sym 0
  support hist: 42:1 43:29 44:163 45:1445 46:10222 47:60854 48:306836 49:1224831 50:3677667 51:7359020 52:7358932
  agree hist: 0:7358136 1:7355760 2:3680751 3:1225773 4:306215 5:61340 6:10348 7:1469 8:186 9:17 10:5
col v10:7,2 N 20000000 (tries 20000000): distinct 20000000 repeats(pairs) 0 max-multiplicity 1 min-support 42 max-agree-with-SPEC 10 diff=SPEC 0 gamma-in-v10Sym 0
  support hist: 42:1 43:17 44:184 45:1500 46:10276 47:61169 48:306287 49:1224054 50:3678089 51:7353811 52:7364612
  agree hist: 0:7359149 1:7357077 2:3676901 3:1226660 4:306760 5:61617 6:10236 7:1375 8:198 9:25 10:2
col v10:7,3 N 20000000 (tries 20000000): distinct 20000000 repeats(pairs) 0 max-multiplicity 1 min-support 43 max-agree-with-SPEC 10 diff=SPEC 0 gamma-in-v10Sym 0
  support hist: 43:23 44:188 45:1449 46:10239 47:61437 48:306421 49:1226728 50:3678678 51:7357070 52:7357767
  agree hist: 0:7359999 1:7353484 2:3679934 3:1226827 4:306551 5:61336 6:10229 7:1406 8:201 9:28 10:5
col v10:8,0 N 20000000 (tries 20000000): distinct 20000000 repeats(pairs) 0 max-multiplicity 1 min-support 42 max-agree-with-SPEC 10 diff=SPEC 0 gamma-in-v10Sym 0
  support hist: 42:5 43:23 44:180 45:1418 46:10228 47:61302 48:307001 49:1226765 50:3677370 51:7359875 52:7355833
  agree hist: 0:7359974 1:7354480 2:3678541 3:1226938 4:306793 5:61434 6:10189 7:1438 8:187 9:25 10:1
col v10:8,1 N 20000000 (tries 20000000): distinct 20000000 repeats(pairs) 0 max-multiplicity 1 min-support 41 max-agree-with-SPEC 10 diff=SPEC 0 gamma-in-v10Sym 0
  support hist: 41:1 42:3 43:30 44:184 45:1521 46:10189 47:61585 48:305992 49:1225087 50:3680891 51:7357540 52:7356977
  agree hist: 0:7358881 1:7357592 2:3677950 3:1225429 4:306712 5:61484 6:10335 7:1433 8:164 9:14 10:6
col v10:8,2 N 20000000 (tries 20000000): distinct 20000000 repeats(pairs) 0 max-multiplicity 1 min-support 42 max-agree-with-SPEC 10 diff=SPEC 0 gamma-in-v10Sym 0
  support hist: 42:1 43:22 44:188 45:1457 46:10304 47:61534 48:306298 49:1227522 50:3679893 51:7356963 52:7355818
  agree hist: 0:7356624 1:7358772 2:3679420 3:1225196 4:307234 5:60974 6:10189 7:1394 8:177 9:19 10:1
col v10:8,3 N 20000000 (tries 20000000): distinct 20000000 repeats(pairs) 0 max-multiplicity 1 min-support 41 max-agree-with-SPEC 11 diff=SPEC 0 gamma-in-v10Sym 0
  support hist: 41:1 42:2 43:24 44:188 45:1465 46:10158 47:61402 48:306821 49:1224636 50:3679695 51:7358822 52:7356786
  agree hist: 0:7359691 1:7358175 2:3677067 3:1224724 4:306714 5:61781 6:10170 7:1449 8:205 9:20 10:3 11:1
col v10:9,0 N 20000000 (tries 20000000): distinct 20000000 repeats(pairs) 0 max-multiplicity 1 min-support 42 max-agree-with-SPEC 10 diff=SPEC 0 gamma-in-v10Sym 0
  support hist: 42:1 43:12 44:177 45:1459 46:10160 47:61068 48:306836 49:1225572 50:3680153 51:7359444 52:7355118
  agree hist: 0:7357941 1:7355127 2:3681746 3:1225007 4:306888 5:61493 6:10138 7:1463 8:170 9:24 10:3
col v10:9,1 N 20000000 (tries 20000000): distinct 20000000 repeats(pairs) 0 max-multiplicity 1 min-support 42 max-agree-with-SPEC 10 diff=SPEC 0 gamma-in-v10Sym 0
  support hist: 42:1 43:25 44:166 45:1502 46:10154 47:61327 48:305873 49:1227291 50:3674735 51:7359295 52:7359631
  agree hist: 0:7356783 1:7357092 2:3680420 3:1225733 4:306356 5:61626 6:10294 7:1493 8:180 9:20 10:3
col v10:9,2 N 20000000 (tries 20000000): distinct 20000000 repeats(pairs) 0 max-multiplicity 1 min-support 41 max-agree-with-SPEC 9 diff=SPEC 0 gamma-in-v10Sym 0
  support hist: 41:1 42:3 43:22 44:179 45:1519 46:9963 47:61234 48:305742 49:1227120 50:3677172 51:7362258 52:7354787
  agree hist: 0:7355390 1:7359561 2:3677926 3:1226207 4:307298 5:61620 6:10286 7:1502 8:188 9:22
col v10:9,3 N 20000000 (tries 20000000): distinct 20000000 repeats(pairs) 0 max-multiplicity 1 min-support 43 max-agree-with-SPEC 10 diff=SPEC 0 gamma-in-v10Sym 0
  support hist: 43:26 44:182 45:1538 46:10249 47:61598 48:306824 49:1223662 50:3677052 51:7359593 52:7359276
  agree hist: 0:7359265 1:7355726 2:3679238 3:1225959 4:307079 5:60906 6:10239 7:1375 8:195 9:15 10:3
