row v10:0,1 N 20000000 (tries 20000000): distinct 20000000 repeats(pairs) 0 max-multiplicity 1 min-support 41 max-agree-with-SPEC 18 diff=SPEC 0 stem-check-failures 0
  support hist: 41:1 42:1 43:14 44:147 45:1118 46:8158 47:51105 48:265151 49:1108959 50:3486790 51:7330517 52:7748039
  agree hist: 1:1764537 2:4106680 3:4934365 4:4108142 5:2659643 6:1412111 7:639342 8:251023 9:87248 10:26839 11:7520 12:1981 13:427 14:118 15:22 16:1 18:1
row v10:0,2 N 20000000 (tries 20000000): distinct 20000000 repeats(pairs) 0 max-multiplicity 1 min-support 42 max-agree-with-SPEC 17 diff=SPEC 0 stem-check-failures 0
  support hist: 42:1 43:13 44:144 45:1157 46:8479 47:50550 48:264600 49:1109459 50:3487810 51:7332604 52:7745183
  agree hist: 1:1760198 2:4099867 3:4929767 4:4108652 5:2660862 6:1417688 7:642895 8:253697 9:88570 10:27418 11:7850 12:1963 13:447 14:107 15:15 16:3 17:1
row v10:0,3 N 20000000 (tries 20000000): distinct 20000000 repeats(pairs) 0 max-multiplicity 1 min-support 43 max-agree-with-SPEC 19 diff=SPEC 0 stem-check-failures 0
  support hist: 43:18 44:127 45:1015 46:7112 47:45070 48:236599 49:1009885 50:3291578 51:7247396 52:8161200
  agree hist: 1:34726 2:799665 3:1955762 4:2968573 5:3483745 6:3389933 7:2822853 8:2033037 9:1271837 10:694520 11:332412 12:138929 13:51027 14:16504 15:4813 16:1271 17:315 18:60 19:18
row v10:10,0 N 20000000 (tries 20000000): distinct 20000000 repeats(pairs) 0 max-multiplicity 1 min-support 42 max-agree-with-SPEC 11 diff=SPEC 0 stem-check-failures 0
  support hist: 42:1 43:19 44:171 45:1301 46:9369 47:56558 48:290565 49:1180457 50:3613343 51:7356825 52:7491391
  agree hist: 1:7842778 2:7390872 3:3423745 4:1049769 5:240435 6:44401 7:6932 8:945 9:105 10:17 11:1
row v10:10,1 N 20000000 (tries 20000000): distinct 20000000 repeats(pairs) 0 max-multiplicity 1 min-support 42 max-agree-with-SPEC 10 diff=SPEC 0 stem-check-failures 0
  support hist: 42:1 43:16 44:168 45:1218 46:9329 47:57046 48:291118 49:1185632 50:3616704 51:7360497 52:7478271
  agree hist: 1:8290413 2:7307799 3:3208918 4:942335 5:207420 6:36740 7:5573 8:713 9:85 10:4
row v10:10,2 N 20000000 (tries 20000000): distinct 20000000 repeats(pairs) 0 max-multiplicity 1 min-support 42 max-agree-with-SPEC 10 diff=SPEC 0 stem-check-failures 0
  support hist: 42:2 43:13 44:182 45:1341 46:9218 47:57328 48:290006 49:1184576 50:3614707 51:7358381 52:7484246
  agree hist: 1:8293516 2:7306580 3:3208697 4:939732 5:208228 6:36830 7:5596 8:722 9:88 10:11
row v10:10,3 N 20000000 (tries 20000000): distinct 20000000 repeats(pairs) 0 max-multiplicity 1 min-support 42 max-agree-with-SPEC 10 diff=SPEC 0 stem-check-failures 0
  support hist: 42:3 43:20 44:162 45:1338 46:9281 47:56969 48:291489 49:1184032 50:3615585 51:7356226 52:7484895
  agree hist: 1:8279659 2:7301960 3:3217400 4:947627 5:209417 6:37573 7:5576 8:679 9:96 10:13
row v10:11,0 N 20000000 (tries 20000000): distinct 20000000 repeats(pairs) 0 max-multiplicity 1 min-support 42 max-agree-with-SPEC 10 diff=SPEC 0 stem-check-failures 0
  support hist: 42:2 43:16 44:166 45:1295 46:9343 47:56541 48:289383 49:1180890 50:3609905 51:7357242 52:7495217
  agree hist: 1:7853053 2:7381081 3:3420649 4:1049565 5:242359 6:45051 7:7099 8:1015 9:115 10:13
row v10:11,1 N 20000000 (tries 20000000): distinct 20000000 repeats(pairs) 0 max-multiplicity 1 min-support 42 max-agree-with-SPEC 11 diff=SPEC 0 stem-check-failures 0
  support hist: 42:4 43:19 44:174 45:1293 46:9151 47:57369 48:290436 49:1183896 50:3611811 51:7361494 52:7484353
  agree hist: 1:8326662 2:7298474 3:3194299 4:932015 5:205503 6:36717 7:5506 8:726 9:86 10:10 11:2
row v10:11,2 N 20000000 (tries 20000000): distinct 20000000 repeats(pairs) 0 max-multiplicity 1 min-support 40 max-agree-with-SPEC 11 diff=SPEC 0 stem-check-failures 0
  support hist: 40:1 41:1 42:4 43:18 44:152 45:1306 46:9410 47:57076 48:290050 49:1182362 50:3614762 51:7364012 52:7480846
  agree hist: 1:8329574 2:7299275 3:3190759 4:932363 5:205143 6:36641 7:5455 8:706 9:76 10:7 11:1
row v10:11,3 N 20000000 (tries 20000000): distinct 20000000 repeats(pairs) 0 max-multiplicity 1 min-support 43 max-agree-with-SPEC 10 diff=SPEC 0 stem-check-failures 0
  support hist: 43:21 44:142 45:1322 46:9212 47:57136 48:291179 49:1184424 50:3612010 51:7363599 52:7480955
  agree hist: 1:8289471 2:7301724 3:3213630 4:942799 5:208551 6:37297 7:5737 8:689 9:90 10:12
row v10:12,0 N 20000000 (tries 20000000): distinct 20000000 repeats(pairs) 0 max-multiplicity 1 min-support 41 max-agree-with-SPEC 11 diff=SPEC 0 stem-check-failures 0
  support hist: 41:1 42:3 43:19 44:161 45:1320 46:9105 47:56994 48:289223 49:1182948 50:3612361 51:7357862 52:7490003
  agree hist: 1:7961744 2:7310527 3:3371827 4:1049353 5:248688 6:48568 7:7970 8:1154 9:142 10:23 11:4
row v10:12,1 N 20000000 (tries 20000000): distinct 20000000 repeats(pairs) 0 max-multiplicity 1 min-support 42 max-agree-with-SPEC 11 diff=SPEC 0 stem-check-failures 0
  support hist: 42:1 43:17 44:160 45:1309 46:9192 47:56800 48:290613 49:1183475 50:3614875 51:7358124 52:7485434
  agree hist: 1:8358949 2:7266823 3:3182039 4:935998 5:211068 6:38201 7:5995 8:795 9:124 10:7 11:1
row v10:12,2 N 20000000 (tries 20000000): distinct 20000000 repeats(pairs) 0 max-multiplicity 1 min-support 42 max-agree-with-SPEC 11 diff=SPEC 0 stem-check-failures 0
  support hist: 42:1 43:14 44:149 45:1321 46:9391 47:56884 48:290863 49:1183730 50:3615092 51:7360372 52:7482183
  agree hist: 1:8359006 2:7267778 3:3179742 4:937940 5:210502 6:38340 7:5816 8:784 9:83 10:6 11:3
row v10:12,3 N 20000000 (tries 20000000): distinct 20000000 repeats(pairs) 0 max-multiplicity 1 min-support 42 max-agree-with-SPEC 11 diff=SPEC 0 stem-check-failures 0
  support hist: 42:3 43:22 44:138 45:1348 46:9330 47:57065 48:291458 49:1183702 50:3614920 51:7357188 52:7484826
  agree hist: 1:8343430 2:7264917 3:3188490 4:943367 5:213686 6:38973 7:6144 8:849 9:132 10:11 11:1
row v10:1,0 N 20000000 (tries 20000000): distinct 20000000 repeats(pairs) 0 max-multiplicity 1 min-support 41 max-agree-with-SPEC 11 diff=SPEC 0 stem-check-failures 0
  support hist: 41:1 42:5 43:12 44:148 45:1349 46:9214 47:56793 48:290022 49:1180210 50:3611728 51:7359673 52:7490845
  agree hist: 1:7962585 2:7310821 3:3371405 4:1049526 5:248391 6:48097 7:7797 8:1214 9:138 10:22 11:4
row v10:1,1 N 20000000 (tries 20000000): distinct 20000000 repeats(pairs) 0 max-multiplicity 1 min-support 41 max-agree-with-SPEC 10 diff=SPEC 0 stem-check-failures 0
  support hist: 41:1 42:2 43:18 44:157 45:1335 46:9386 47:57281 48:291093 49:1185248 50:3615931 51:7356801 52:7482747
  agree hist: 1:8363863 2:7261387 3:3181218 4:937536 5:210422 6:38647 7:5999 8:815 9:99 10:14
row v10:1,2 N 20000000 (tries 20000000): distinct 20000000 repeats(pairs) 0 max-multiplicity 1 min-support 41 max-agree-with-SPEC 11 diff=SPEC 0 stem-check-failures 0
  support hist: 41:1 42:3 43:22 44:136 45:1275 46:9474 47:57136 48:290886 49:1184029 50:3615330 51:7358786 52:7482922
  agree hist: 1:8357739 2:7265677 3:3181988 4:939901 5:209651 6:38250 7:5868 8:802 9:110 10:12 11:2
row v10:1,3 N 20000000 (tries 20000000): distinct 20000000 repeats(pairs) 0 max-multiplicity 1 min-support 42 max-agree-with-SPEC 11 diff=SPEC 0 stem-check-failures 0
  support hist: 42:2 43:15 44:159 45:1326 46:9254 47:57080 48:289854 49:1183520 50:3614813 51:7359521 52:7484456
  agree hist: 1:8344574 2:7263369 3:3190603 4:943417 5:212515 6:38693 7:5939 8:769 9:105 10:15 11:1
row v10:2,0 N 20000000 (tries 20000000): distinct 20000000 repeats(pairs) 0 max-multiplicity 1 min-support 42 max-agree-with-SPEC 12 diff=SPEC 0 stem-check-failures 0
  support hist: 42:1 43:23 44:146 45:1245 46:9339 47:56902 48:288943 49:1179424 50:3611800 51:7359128 52:7493049
  agree hist: 1:7848940 2:7385279 3:3418928 4:1050366 5:243039 6:45089 7:7277 8:946 9:122 10:13 12:1
row v10:2,1 N 20000000 (tries 20000000): distinct 20000000 repeats(pairs) 0 max-multiplicity 1 min-support 42 max-agree-with-SPEC 10 diff=SPEC 0 stem-check-failures 0
  support hist: 42:2 43:17 44:137 45:1277 46:9382 47:56500 48:290942 49:1183809 50:3615611 51:7357667 52:7484656
  agree hist: 1:8329751 2:7297268 3:3191593 4:932736 5:205847 6:36523 7:5452 8:724 9:101 10:5
row v10:2,2 N 20000000 (tries 20000000): distinct 20000000 repeats(pairs) 0 max-multiplicity 1 min-support 42 max-agree-with-SPEC 11 diff=SPEC 0 stem-check-failures 0
  support hist: 42:2 43:14 44:163 45:1358 46:9296 47:56974 48:290488 49:1184500 50:3617165 51:7357161 52:7482879
  agree hist: 1:8325170 2:7299462 3:3194664 4:932383 5:205679 6:36299 7:5545 8:694 9:90 10:11 11:3
row v10:2,3 N 20000000 (tries 20000000): distinct 20000000 repeats(pairs) 0 max-multiplicity 1 min-support 42 max-agree-with-SPEC 11 diff=SPEC 0 stem-check-failures 0
  support hist: 42:2 43:23 44:146 45:1330 46:9238 47:57405 48:290320 49:1183659 50:3616058 51:7360050 52:7481769
  agree hist: 1:8286493 2:7303539 3:3212246 4:944911 5:209292 6:37039 7:5640 8:761 9:69 10:7 11:3
row v10:3,0 N 20000000 (tries 20000000): distinct 20000000 repeats(pairs) 0 max-multiplicity 1 min-support 42 max-agree-with-SPEC 10 diff=SPEC 0 stem-check-failures 0
  support hist: 42:5 43:10 44:172 45:1328 46:9337 47:56885 48:288610 49:1181065 50:3612890 51:7357279 52:7492419
  agree hist: 1:7841733 2:7391258 3:3424000 4:1050212 5:240366 6:44511 7:6872 8:927 9:108 10:13
row v10:3,1 N 20000000 (tries 20000000): distinct 20000000 repeats(pairs) 0 max-multiplicity 1 min-support 41 max-agree-with-SPEC 11 diff=SPEC 0 stem-check-failures 0
  support hist: 41:1 43:20 44:168 45:1324 46:9231 47:57327 48:291025 49:1184393 50:3616323 51:7358830 52:7481358
  agree hist: 1:8296822 2:7303853 3:3207240 4:941502 5:207441 6:36821 7:5513 8:726 9:77 10:4 11:1
row v10:3,2 N 20000000 (tries 20000000): distinct 20000000 repeats(pairs) 0 max-multiplicity 1 min-support 42 max-agree-with-SPEC 10 diff=SPEC 0 stem-check-failures 0
  support hist: 42:1 43:17 44:141 45:1371 46:9126 47:57023 48:290120 49:1182946 50:3616538 51:7358983 52:7483734
  agree hist: 1:8292431 2:7305794 3:3210440 4:939878 5:208507 6:36700 7:5440 8:733 9:70 10:7
row v10:3,3 N 20000000 (tries 20000000): distinct 20000000 repeats(pairs) 0 max-multiplicity 1 min-support 41 max-agree-with-SPEC 10 diff=SPEC 0 stem-check-failures 0
  support hist: 41:1 43:17 44:176 45:1246 46:9270 47:57006 48:291732 49:1183971 50:3612182 51:7359965 52:7484434
  agree hist: 1:8281239 2:7301769 3:3216566 4:947200 5:209736 6:37160 7:5515 8:719 9:93 10:3
row v10:4,0 N 20000000 (tries 20000000): distinct 20000000 repeats(pairs) 0 max-multiplicity 1 min-support 41 max-agree-with-SPEC 11 diff=SPEC 0 stem-check-failures 0
  support hist: 41:1 42:1 43:26 44:167 45:1353 46:9242 47:57289 48:289471 49:1181033 50:3611734 51:7360530 52:7489153
  agree hist: 1:7847885 2:7387630 3:3421620 4:1049579 5:240903 6:44403 7:6935 8:926 9:108 10:10 11:1
row v10:4,1 N 20000000 (tries 20000000): distinct 20000000 repeats(pairs) 0 max-multiplicity 1 min-support 42 max-agree-with-SPEC 13 diff=SPEC 0 stem-check-failures 0
  support hist: 42:2 43:20 44:186 45:1352 46:9289 47:57192 48:290750 49:1185102 50:3615462 51:7357535 52:7483110
  agree hist: 1:8325685 2:7304270 3:3194050 4:930467 5:203503 6:35943 7:5323 8:683 9:69 10:6 13:1
row v10:4,2 N 20000000 (tries 20000000): distinct 20000000 repeats(pairs) 0 max-multiplicity 1 min-support 42 max-agree-with-SPEC 10 diff=SPEC 0 stem-check-failures 0
  support hist: 42:1 43:16 44:170 45:1350 46:9335 47:56911 48:290818 49:1183539 50:3618422 51:7356392 52:7483046
  agree hist: 1:8323002 2:7308165 3:3192527 4:930808 5:203555 6:35808 7:5403 8:651 9:73 10:8
row v10:4,3 N 20000000 (tries 20000000): distinct 20000000 repeats(pairs) 0 max-multiplicity 1 min-support 42 max-agree-with-SPEC 11 diff=SPEC 0 stem-check-failures 0
  support hist: 42:2 43:16 44:154 45:1344 46:9213 47:57033 48:291134 49:1185974 50:3615307 51:7357073 52:7482750
  agree hist: 1:8300884 2:7309317 3:3204718 4:937064 5:205566 6:36248 7:5435 8:684 9:73 10:9 11:2
row v10:5,0 N 20000000 (tries 20000000): distinct 20000000 repeats(pairs) 0 max-multiplicity 1 min-support 42 max-agree-with-SPEC 10 diff=SPEC 0 stem-check-failures 0
  support hist: 42:1 43:19 44:148 45:1281 46:9299 47:56802 48:288696 49:1180584 50:3608934 51:7361926 52:7492310
  agree hist: 1:7838694 2:7397016 3:3425124 4:1047862 5:239788 6:43722 7:6745 8:921 9:115 10:13
row v10:5,1 N 20000000 (tries 20000000): distinct 20000000 repeats(pairs) 0 max-multiplicity 1 min-support 42 max-agree-with-SPEC 11 diff=SPEC 0 stem-check-failures 0
  support hist: 42:1 43:20 44:147 45:1286 46:9359 47:57344 48:290037 49:1186788 50:3615857 51:7357796 52:7481365
  agree hist: 1:8310404 2:7311380 3:3200876 4:930729 5:204221 6:36279 7:5327 8:687 9:87 10:9 11:1
row v10:5,2 N 20000000 (tries 20000000): distinct 20000000 repeats(pairs) 0 max-multiplicity 1 min-support 42 max-agree-with-SPEC 11 diff=SPEC 0 stem-check-failures 0
  support hist: 42:2 43:15 44:159 45:1291 46:9281 47:57148 48:290736 49:1183601 50:3617280 51:7361696 52:7478791
  agree hist: 1:8305541 2:7314522 3:3200655 4:932935 5:204401 6:35770 7:5410 8:691 9:66 10:7 11:2
row v10:5,3 N 20000000 (tries 20000000): distinct 20000000 repeats(pairs) 0 max-multiplicity 1 min-support 42 max-agree-with-SPEC 10 diff=SPEC 0 stem-check-failures 0
  support hist: 42:1 43:18 44:152 45:1276 46:9317 47:57101 48:289488 49:1184611 50:3614094 51:7353785 52:7490157
  agree hist: 1:8284031 2:7312688 3:3213541 4:940436 5:206705 6:36531 7:5325 8:655 9:81 10:7
row v10:6,0 N 20000000 (tries 20000000): distinct 20000000 repeats(pairs) 0 max-multiplicity 1 min-support 42 max-agree-with-SPEC 10 diff=SPEC 0 stem-check-failures 0
  support hist: 42:1 43:17 44:158 45:1273 46:9334 47:56889 48:290117 49:1180204 50:3610689 51:7355165 52:7496153
  agree hist: 1:7869512 2:7369173 3:3414142 4:1050973 5:242630 6:45294 7:7186 8:945 9:133 10:12
row v10:6,1 N 20000000 (tries 20000000): distinct 20000000 repeats(pairs) 0 max-multiplicity 1 min-support 41 max-agree-with-SPEC 11 diff=SPEC 0 stem-check-failures 0
  support hist: 41:1 42:1 43:9 44:151 45:1321 46:9357 47:57170 48:290479 49:1184079 50:3616512 51:7358354 52:7482566
  agree hist: 1:8352713 2:7281081 3:3181242 4:934681 5:207074 6:36680 7:5712 8:734 9:72 10:10 11:1
row v10:6,2 N 20000000 (tries 20000000): distinct 20000000 repeats(pairs) 0 max-multiplicity 1 min-support 42 max-agree-with-SPEC 10 diff=SPEC 0 stem-check-failures 0
  support hist: 42:2 43:18 44:162 45:1227 46:9385 47:56996 48:290676 49:1184034 50:3616529 51:7355970 52:7485001
  agree hist: 1:8349390 2:7284062 3:3183293 4:933131 5:206400 6:37309 7:5578 8:737 9:94 10:6
row v10:6,3 N 20000000 (tries 20000000): distinct 20000000 repeats(pairs) 0 max-multiplicity 1 min-support 43 max-agree-with-SPEC 10 diff=SPEC 0 stem-check-failures 0
  support hist: 43:20 44:182 45:1339 46:9346 47:57212 48:290559 49:1183852 50:3613215 51:7357365 52:7486910
  agree hist: 1:8301136 2:7280002 3:3208675 4:950203 5:213969 6:39109 7:5978 8:820 9:97 10:11
row v10:7,0 N 20000000 (tries 20000000): distinct 20000000 repeats(pairs) 0 max-multiplicity 1 min-support 42 max-agree-with-SPEC 11 diff=SPEC 0 stem-check-failures 0
  support hist: 42:3 43:16 44:155 45:1279 46:9262 47:56707 48:289166 49:1182569 50:3613049 51:7356401 52:7491393
  agree hist: 1:7867499 2:7371234 3:3413819 4:1050782 5:243185 6:45230 7:7065 8:1043 9:131 10:11 11:1
row v10:7,1 N 20000000 (tries 20000000): distinct 20000000 repeats(pairs) 0 max-multiplicity 1 min-support 41 max-agree-with-SPEC 11 diff=SPEC 0 stem-check-failures 0
  support hist: 41:1 42:1 43:13 44:151 45:1274 46:9239 47:56975 48:290369 49:1182363 50:3616229 51:7361217 52:7482168
  agree hist: 1:8351093 2:7279404 3:3184622 4:934655 5:206592 6:37330 7:5447 8:762 9:87 10:6 11:2
row v10:7,2 N 20000000 (tries 20000000): distinct 20000000 repeats(pairs) 0 max-multiplicity 1 min-support 41 max-agree-with-SPEC 10 diff=SPEC 0 stem-check-failures 0
  support hist: 41:1 42:3 43:16 44:168 45:1363 46:9216 47:56959 48:290346 49:1183148 50:3612943 51:7361364 52:7484473
  agree hist: 1:8345863 2:7285258 3:3186479 4:932508 5:206686 6:36865 7:5532 8:723 9:75 10:11
row v10:7,3 N 20000000 (tries 20000000): distinct 20000000 repeats(pairs) 0 max-multiplicity 1 min-support 42 max-agree-with-SPEC 10 diff=SPEC 0 stem-check-failures 0
  support hist: 42:2 43:25 44:150 45:1268 46:9268 47:57069 48:289999 49:1183892 50:3618248 51:7355037 52:7485042
  agree hist: 1:8307800 2:7276973 3:3205632 4:950744 5:212706 6:39404 7:5895 8:733 9:100 10:13
row v10:8,0 N 20000000 (tries 20000000): distinct 20000000 repeats(pairs) 0 max-multiplicity 1 min-support 42 max-agree-with-SPEC 11 diff=SPEC 0 stem-check-failures 0
  support hist: 42:3 43:20 44:161 45:1324 46:9277 47:56732 48:289458 49:1179335 50:3610858 51:7357947 52:7494885
  agree hist: 1:7838341 2:7395368 3:3427598 4:1046652 5:240145 6:43897 7:7002 8:869 9:112 10:12 11:4
row v10:8,1 N 20000000 (tries 20000000): distinct 20000000 repeats(pairs) 0 max-multiplicity 1 min-support 41 max-agree-with-SPEC 10 diff=SPEC 0 stem-check-failures 0
  support hist: 41:1 42:2 43:13 44:157 45:1290 46:9342 47:57189 48:290315 49:1183752 50:3618275 51:7355699 52:7483965
  agree hist: 1:8306374 2:7312275 3:3201595 4:933721 5:204083 6:35800 7:5385 8:682 9:76 10:9
row v10:8,2 N 20000000 (tries 20000000): distinct 20000000 repeats(pairs) 0 max-multiplicity 1 min-support 43 max-agree-with-SPEC 10 diff=SPEC 0 stem-check-failures 0
  support hist: 43:21 44:157 45:1341 46:9178 47:57018 48:289392 49:1183361 50:3614608 51:7361186 52:7483738
  agree hist: 1:8309114 2:7310761 3:3201807 4:931564 5:204706 6:36047 7:5249 8:666 9:79 10:7
row v10:8,3 N 20000000 (tries 20000000): distinct 20000000 repeats(pairs) 0 max-multiplicity 1 min-support 42 max-agree-with-SPEC 11 diff=SPEC 0 stem-check-failures 0
  support hist: 42:1 43:19 44:162 45:1335 46:9405 47:57188 48:290954 49:1184665 50:3614005 51:7362918 52:7479348
  agree hist: 1:8286896 2:7316039 3:3208416 4:939228 5:206453 6:36636 7:5574 8:681 9:73 10:3 11:1
row v10:9,0 N 20000000 (tries 20000000): distinct 20000000 repeats(pairs) 0 max-multiplicity 1 min-support 42 max-agree-with-SPEC 11 diff=SPEC 0 stem-check-failures 0
  support hist: 42:4 43:14 44:159 45:1300 46:9190 47:57021 48:289905 49:1181394 50:3610629 51:7358805 52:7491579
  agree hist: 1:7848878 2:7383784 3:3423805 4:1049465 5:241502 6:44707 7:6829 8:898 9:118 10:13 11:1
row v10:9,1 N 20000000 (tries 20000000): distinct 20000000 repeats(pairs) 0 max-multiplicity 1 min-support 42 max-agree-with-SPEC 11 diff=SPEC 0 stem-check-failures 0
  support hist: 42:2 43:14 44:178 45:1306 46:9196 47:57108 48:290318 49:1184252 50:3615157 51:7360914 52:7481555
  agree hist: 1:8325483 2:7305900 3:3193110 4:929529 5:203569 6:36239 7:5360 8:716 9:85 10:8 11:1
row v10:9,2 N 20000000 (tries 20000000): distinct 20000000 repeats(pairs) 0 max-multiplicity 1 min-support 42 max-agree-with-SPEC 10 diff=SPEC 0 stem-check-failures 0
  support hist: 42:1 43:18 44:140 45:1304 46:9349 47:56904 48:289993 49:1182306 50:3616367 51:7359510 52:7484108
  agree hist: 1:8324747 2:7304970 3:3193514 4:930961 5:203636 6:36037 7:5347 8:698 9:80 10:10
row v10:9,3 N 20000000 (tries 20000000): distinct 20000000 repeats(pairs) 0 max-multiplicity 1 min-support 43 max-agree-with-SPEC 12 diff=SPEC 0 stem-check-failures 0
  support hist: 43:17 44:177 45:1366 46:9193 47:57245 48:291201 49:1183214 50:3613999 51:7356564 52:7487024
  agree hist: 1:8301446 2:7306659 3:3205846 4:937907 5:205569 6:36347 7:5462 8:679 9:72 10:12 12:1
