rule 30, 20000 decks x 1326 swaps
spread all swaps      : cases 26520000  min 2  p1 4  p10 14  median 32  mean 31.12  max 52  | spread=2 0.00538  <=4 0.01427  <=8 0.04180
spread swaps with i<40: cases 25200000  min 2  p1 9  p10 17  median 33  mean 32.39  max 52  | spread=2 0.00047  <=4 0.00220  <=8 0.00911
spread swaps with i<20: cases 16600000  min 2  p1 16  p10 29  median 38  mean 38.17  max 52  | spread=2 0.00002  <=4 0.00078  <=8 0.00280
spread i<20, gap j-i>16: cases 10200000  min 18  p1 31  p10 34  median 42  mean 42.05  max 52  | spread=2 0.00000  <=4 0.00000  <=8 0.00000
spread i<40, gap j-i<=4: cases 3200000  min 2  p1 4  p10 10  median 21  mean 20.55  max 45  | spread=2 0.00372  <=4 0.01724  <=8 0.06790
excess (vs survival prediction): zero (=survival) 0.00538  mean 30.08
histogram spread: 2:142649 3:97405 4:138277 5:154753 6:173979 7:192190 8:209409 9:227815 10:247132 11:268555 12:289066 13:313313 14:335902 15:361210 16:387496 17:414312 18:441997 19:470467 20:500499 21:533233 22:563791 23:595098 24:628193 25:660317 26:690245 27:715534 28:739924 29:760299 30:775170 31:785758 32:791643 33:795227 34:793226 35:789599 36:784506 37:773984 38:767019 39:756106 40:743603 41:727431 42:711470 43:694058 44:674196 45:650168 46:622916 47:590401 48:551498 49:502626 50:435847 51:344182 52:206306 
per i (over all j>i): i  min  mean  frac(spread=2)  ideal-one-pass mean ~ (52-i)-1
  i= 0  min  3  mean 45.34  spread2 0.00000
  i= 1  min  3  mean 44.56  spread2 0.00000
  i= 2  min  3  mean 43.76  spread2 0.00000
  i= 3  min  3  mean 42.95  spread2 0.00000
  i= 4  min  2  mean 42.14  spread2 0.00000
  i= 5  min  2  mean 41.31  spread2 0.00000
  i= 6  min  2  mean 40.49  spread2 0.00000
  i= 7  min  2  mean 39.66  spread2 0.00000
  i= 8  min  2  mean 38.84  spread2 0.00001
  i= 9  min  2  mean 38.00  spread2 0.00001
  i=10  min  2  mean 37.16  spread2 0.00001
  i=11  min  2  mean 36.31  spread2 0.00001
  i=12  min  2  mean 35.46  spread2 0.00002
  i=13  min  2  mean 34.60  spread2 0.00003
  i=14  min  2  mean 33.74  spread2 0.00004
  i=15  min  2  mean 32.89  spread2 0.00004
  i=16  min  2  mean 32.01  spread2 0.00006
  i=17  min  2  mean 31.14  spread2 0.00010
  i=18  min  2  mean 30.26  spread2 0.00009
  i=19  min  2  mean 29.38  spread2 0.00014
  i=20  min  2  mean 28.49  spread2 0.00013
  i=21  min  2  mean 27.60  spread2 0.00017
  i=22  min  2  mean 26.71  spread2 0.00020
  i=23  min  2  mean 25.81  spread2 0.00026
  i=24  min  2  mean 24.91  spread2 0.00031
  i=25  min  2  mean 24.00  spread2 0.00037
  i=26  min  2  mean 23.09  spread2 0.00045
  i=27  min  2  mean 22.17  spread2 0.00056
  i=28  min  2  mean 21.24  spread2 0.00061
  i=29  min  2  mean 20.32  spread2 0.00091
  i=30  min  2  mean 19.39  spread2 0.00092
  i=31  min  2  mean 18.46  spread2 0.00122
  i=32  min  2  mean 17.51  spread2 0.00152
  i=33  min  2  mean 16.57  spread2 0.00191
  i=34  min  2  mean 15.62  spread2 0.00216
  i=35  min  2  mean 14.67  spread2 0.00284
  i=36  min  2  mean 13.72  spread2 0.00373
  i=37  min  2  mean 12.76  spread2 0.00456
  i=38  min  2  mean 11.80  spread2 0.00591
  i=39  min  2  mean 10.84  spread2 0.00766
  i=40  min  2  mean  9.89  spread2 0.00999
  i=41  min  2  mean  8.93  spread2 0.01443
  i=42  min  2  mean  7.99  spread2 0.02016
  i=43  min  2  mean  7.07  spread2 0.03002
  i=44  min  2  mean  6.16  spread2 0.04761
  i=45  min  2  mean  5.28  spread2 0.07608
  i=46  min  2  mean  4.44  spread2 0.12989
  i=47  min  2  mean  3.66  spread2 0.22546
  i=48  min  2  mean  2.94  spread2 0.39305
  i=49  min  2  mean  2.33  spread2 0.66945
  i=50  min  2  mean  2.00  spread2 1.00000
per (i,j) buckets of 4 positions: min spread / mean spread
         j 0- 3     j 4- 7     j 8-11     j12-15     j16-19     j20-23     j24-27     j28-31     j32-35     j36-39     j40-43     j44-47     j48-51  
i 0- 3   3/ 24.5     3/ 30.3    12/ 36.1    19/ 40.0    28/ 42.9    32/ 45.2    33/ 46.9    34/ 48.1    35/ 48.9    38/ 49.4    38/ 49.7    38/ 49.9    37/ 49.9  
i 4- 7     -        2/ 24.0     2/ 29.4    11/ 34.7    17/ 38.1    24/ 40.6    28/ 42.5    31/ 43.8    32/ 44.7    34/ 45.3    34/ 45.6    34/ 45.8    33/ 45.9  
i 8-11     -          -        2/ 23.4     2/ 28.3    10/ 32.9    18/ 35.9    21/ 38.0    24/ 39.5    28/ 40.5    27/ 41.2    29/ 41.5    30/ 41.7    29/ 41.8  
i12-15     -          -          -        2/ 22.4     2/ 26.8     9/ 30.9    16/ 33.4    20/ 35.1    21/ 36.3    25/ 37.0    26/ 37.4    26/ 37.6    26/ 37.7  
i16-19     -          -          -          -        2/ 21.2     2/ 25.0     8/ 28.6    13/ 30.6    17/ 32.0    20/ 32.8    18/ 33.3    20/ 33.5    22/ 33.7  
i20-23     -          -          -          -          -        2/ 19.7     2/ 22.9     8/ 25.9    11/ 27.6    15/ 28.6    15/ 29.2    17/ 29.5    18/ 29.6  
i24-27     -          -          -          -          -          -        2/ 17.8     2/ 20.5     5/ 23.0     8/ 24.3    12/ 25.0    14/ 25.4    12/ 25.5  
i28-31     -          -          -          -          -          -          -        2/ 15.5     2/ 17.8     2/ 19.9     8/ 20.8    10/ 21.2    10/ 21.5  
i32-35     -          -          -          -          -          -          -          -        2/ 13.0     2/ 14.8     2/ 16.5     2/ 17.1     6/ 17.4  
i36-39     -          -          -          -          -          -          -          -          -        2/ 10.3     2/ 11.7     2/ 12.9     2/ 13.3  
i40-43     -          -          -          -          -          -          -          -          -          -        2/  7.5     2/  8.4     2/  9.3  
i44-47     -          -          -          -          -          -          -          -          -          -          -        2/  4.8     2/  5.2  
i48-51     -          -          -          -          -          -          -          -          -          -          -          -        2/  2.6  
position pair with i<40 most often at spread 2: (39,40) 0.07575; pair (50,51): 1.00000
