rule 33, 20000 decks x 1326 swaps
spread all swaps      : cases 26520000  min 2  p1 4  p10 14  median 32  mean 31.33  max 52  | spread=2 0.00506  <=4 0.01365  <=8 0.04064
spread swaps with i<40: cases 25200000  min 2  p1 9  p10 17  median 33  mean 32.61  max 52  | spread=2 0.00041  <=4 0.00180  <=8 0.00807
spread swaps with i<20: cases 16600000  min 2  p1 17  p10 29  median 39  mean 38.46  max 52  | spread=2 0.00002  <=4 0.00051  <=8 0.00219
spread i<20, gap j-i>16: cases 10200000  min 22  p1 31  p10 34  median 43  mean 42.19  max 52  | spread=2 0.00000  <=4 0.00000  <=8 0.00000
spread i<40, gap j-i<=4: cases 3200000  min 2  p1 4  p10 10  median 22  mean 20.98  max 46  | spread=2 0.00323  <=4 0.01418  <=8 0.06073
excess (vs survival prediction): zero (=survival) 0.00506  mean 30.30
histogram spread: 2:134173 3:93886 4:133959 5:151285 6:170289 7:188334 8:205728 9:225255 10:244318 11:264176 12:286407 13:308167 14:331595 15:356026 16:382366 17:407970 18:433929 19:462451 20:492178 21:520989 22:553235 23:583141 24:616052 25:645599 26:674391 27:703455 28:728455 29:750321 30:765835 31:778640 32:786846 33:792056 34:794377 35:790935 36:788232 37:781669 38:773014 39:763427 40:752804 41:739470 42:724745 43:705987 44:688487 45:666132 46:641384 47:609956 48:572243 49:524271 50:458123 51:361450 52:211787 
per i (over all j>i): i  min  mean  frac(spread=2)  ideal-one-pass mean ~ (52-i)-1
  i= 0  min  3  mean 45.77  spread2 0.00000
  i= 1  min  2  mean 44.96  spread2 0.00000
  i= 2  min  3  mean 44.13  spread2 0.00000
  i= 3  min  2  mean 43.31  spread2 0.00000
  i= 4  min  3  mean 42.48  spread2 0.00000
  i= 5  min  2  mean 41.65  spread2 0.00001
  i= 6  min  2  mean 40.81  spread2 0.00000
  i= 7  min  2  mean 39.96  spread2 0.00000
  i= 8  min  2  mean 39.12  spread2 0.00001
  i= 9  min  2  mean 38.27  spread2 0.00001
  i=10  min  2  mean 37.42  spread2 0.00001
  i=11  min  2  mean 36.56  spread2 0.00002
  i=12  min  2  mean 35.70  spread2 0.00002
  i=13  min  2  mean 34.83  spread2 0.00003
  i=14  min  2  mean 33.96  spread2 0.00003
  i=15  min  2  mean 33.08  spread2 0.00005
  i=16  min  2  mean 32.21  spread2 0.00005
  i=17  min  2  mean 31.32  spread2 0.00005
  i=18  min  2  mean 30.44  spread2 0.00007
  i=19  min  2  mean 29.54  spread2 0.00006
  i=20  min  2  mean 28.66  spread2 0.00010
  i=21  min  2  mean 27.76  spread2 0.00012
  i=22  min  2  mean 26.85  spread2 0.00014
  i=23  min  2  mean 25.95  spread2 0.00018
  i=24  min  2  mean 25.04  spread2 0.00025
  i=25  min  2  mean 24.12  spread2 0.00031
  i=26  min  2  mean 23.20  spread2 0.00036
  i=27  min  2  mean 22.28  spread2 0.00048
  i=28  min  2  mean 21.35  spread2 0.00050
  i=29  min  2  mean 20.42  spread2 0.00065
  i=30  min  2  mean 19.49  spread2 0.00082
  i=31  min  2  mean 18.55  spread2 0.00108
  i=32  min  2  mean 17.60  spread2 0.00128
  i=33  min  2  mean 16.64  spread2 0.00162
  i=34  min  2  mean 15.70  spread2 0.00204
  i=35  min  2  mean 14.74  spread2 0.00244
  i=36  min  2  mean 13.78  spread2 0.00321
  i=37  min  2  mean 12.82  spread2 0.00410
  i=38  min  2  mean 11.86  spread2 0.00540
  i=39  min  2  mean 10.89  spread2 0.00692
  i=40  min  2  mean  9.94  spread2 0.00914
  i=41  min  2  mean  8.98  spread2 0.01240
  i=42  min  2  mean  8.03  spread2 0.01811
  i=43  min  2  mean  7.11  spread2 0.02536
  i=44  min  2  mean  6.19  spread2 0.04066
  i=45  min  2  mean  5.31  spread2 0.06608
  i=46  min  2  mean  4.46  spread2 0.11755
  i=47  min  2  mean  3.67  spread2 0.21068
  i=48  min  2  mean  2.94  spread2 0.38443
  i=49  min  2  mean  2.33  spread2 0.66838
  i=50  min  2  mean  2.00  spread2 1.00000
per (i,j) buckets of 4 positions: min spread / mean spread
         j 0- 3     j 4- 7     j 8-11     j12-15     j16-19     j20-23     j24-27     j28-31     j32-35     j36-39     j40-43     j44-47     j48-51  
i 0- 3   2/ 25.5     2/ 31.2    11/ 36.9    23/ 40.7    27/ 43.6    34/ 45.7    34/ 47.3    38/ 48.3    37/ 49.1    39/ 49.5    38/ 49.8    41/ 49.9    41/ 49.9  
i 4- 7     -        2/ 24.9     2/ 30.2    13/ 35.3    20/ 38.7    27/ 41.1    28/ 42.8    32/ 44.1    35/ 44.9    35/ 45.4    35/ 45.7    37/ 45.8    37/ 45.9  
i 8-11     -          -        2/ 24.1     2/ 28.9    13/ 33.5    18/ 36.3    24/ 38.3    28/ 39.7    30/ 40.7    32/ 41.3    32/ 41.6    33/ 41.7    33/ 41.8  
i12-15     -          -          -        2/ 23.0     2/ 27.3    11/ 31.3    19/ 33.7    21/ 35.3    26/ 36.4    26/ 37.1    28/ 37.5    28/ 37.7    30/ 37.7  
i16-19     -          -          -          -        2/ 21.7     2/ 25.4    10/ 28.9    16/ 30.8    19/ 32.1    22/ 32.9    24/ 33.4    24/ 33.6    25/ 33.6  
i20-23     -          -          -          -          -        2/ 20.1     2/ 23.2     7/ 26.2    15/ 27.7    17/ 28.7    20/ 29.2    19/ 29.5    21/ 29.6  
i24-27     -          -          -          -          -          -        2/ 18.0     2/ 20.7     5/ 23.2    11/ 24.4    14/ 25.1    17/ 25.4    17/ 25.5  
i28-31     -          -          -          -          -          -          -        2/ 15.7     2/ 18.0     2/ 20.0     9/ 20.9    10/ 21.3    12/ 21.5  
i32-35     -          -          -          -          -          -          -          -        2/ 13.2     2/ 15.0     3/ 16.6     5/ 17.2     8/ 17.4  
i36-39     -          -          -          -          -          -          -          -          -        2/ 10.4     2/ 11.8     2/ 12.9     4/ 13.3  
i40-43     -          -          -          -          -          -          -          -          -          -        2/  7.5     2/  8.4     2/  9.3  
i44-47     -          -          -          -          -          -          -          -          -          -          -        2/  4.9     2/  5.2  
i48-51     -          -          -          -          -          -          -          -          -          -          -          -        2/  2.6  
position pair with i<40 most often at spread 2: (39,40) 0.07255; pair (50,51): 1.00000
