ideal random layer, one swap: cases 2000000  min 42  p1 48  p10 50  median 51  mean 51.00  max 52  | spread=2 0.00000  <=4 0.00000  <=8 0.00000
ideal one-pass layer: mean spread by first swapped position i (min possible 2)
  i= 0 mean 51.01
  i= 1 mean 50.02
  i= 2 mean 49.01
  i= 3 mean 48.02
  i= 4 mean 47.01
  i= 5 mean 46.01
  i= 6 mean 45.03
  i= 7 mean 44.02
  i= 8 mean 43.03
  i= 9 mean 42.02
  i=10 mean 41.03
  i=11 mean 40.03
  i=12 mean 39.03
  i=13 mean 38.03
  i=14 mean 37.03
  i=15 mean 36.03
  i=16 mean 35.03
  i=17 mean 34.03
  i=18 mean 33.03
  i=19 mean 32.03
  i=20 mean 31.03
  i=21 mean 30.03
  i=22 mean 29.04
  i=23 mean 28.03
  i=24 mean 27.03
  i=25 mean 26.03
  i=26 mean 25.04
  i=27 mean 24.04
  i=28 mean 23.05
  i=29 mean 22.06
  i=30 mean 21.05
  i=31 mean 20.04
  i=32 mean 19.05
  i=33 mean 18.06
  i=34 mean 17.06
  i=35 mean 16.06
  i=36 mean 15.06
  i=37 mean 14.07
  i=38 mean 13.07
  i=39 mean 12.08
  i=40 mean 11.08
  i=41 mean 10.10
  i=42 mean  9.11
  i=43 mean  8.12
  i=44 mean  7.14
  i=45 mean  6.16
  i=46 mean  5.20
  i=47 mean  4.25
  i=48 mean  3.34
  i=49 mean  2.50
  i=50 mean  2.00
