naming: the 48 non-King cards name 30/30 edges and 20/20 corners; 52 cards name 30 edges, 20 corners
mdw3_lib SAF0: fast == slow literal transliteration on 12/12 random blocks
mdw3_lib SAF26: fast == slow literal transliteration on 12/12 random blocks
mdw3_lib SAR26: fast == slow literal transliteration on 12/12 random blocks
mdw3_lib SBF26: fast == slow literal transliteration on 12/12 random blocks
mdw3_lib SBR26: fast == slow literal transliteration on 12/12 random blocks
mdw3_lib SCF26: fast == slow literal transliteration on 12/12 random blocks
mdw3_lib SCR26: fast == slow literal transliteration on 12/12 random blocks
mdw3_lib SDF26: fast == slow literal transliteration on 12/12 random blocks
mdw3_lib SDR26: fast == slow literal transliteration on 12/12 random blocks
mdw3_lib naming: the 48 non-King card steps name 30/30 edges and 20/20 corners (every pass)
merge SAR26: N=25000, seeds 43000000+...; cost {'steps': 78, 'turns': 390, 'piece_turn_clicks': 312, 'card_clicks': '130 + sum of echo amounts (echo amount = suit of the held card, so 130 + m*k)', 'face_lookups': 312, 'pieces_found_per_step': 2, 'regrips': 0, 'solves': 3}
  merge SAR26 IV   swap at  1: mean differing slots 49.1655, P(<=46) 0.01020 (ideal 0.01042), state equal right after the pair 0, collisions 0  [6s]
  merge SAR26 IV   swap at  2: mean differing slots 49.1678, P(<=46) 0.01000 (ideal 0.01042), state equal right after the pair 0, collisions 0  [7s]
  merge SAR26 IV   swap at 13: mean differing slots 49.1739, P(<=46) 0.01036 (ideal 0.01042), state equal right after the pair 0, collisions 0  [8s]
  merge SAR26 IV   swap at 26: mean differing slots 49.1638, P(<=46) 0.01080 (ideal 0.01042), state equal right after the pair 0, collisions 0  [9s]
  merge SAR26 IV   swap at 27: mean differing slots 49.1750, P(<=46) 0.01076 (ideal 0.01042), state equal right after the pair 0, collisions 0  [9s]
  merge SAR26 IV   swap at 39: mean differing slots 49.1647, P(<=46) 0.00976 (ideal 0.01042), state equal right after the pair 1, collisions 0  [10s]
  merge SAR26 IV   swap at 50: mean differing slots 49.1661, P(<=46) 0.01024 (ideal 0.01042), state equal right after the pair 0, collisions 0  [11s]
  merge SAR26 IV   swap at 51: mean differing slots 49.1708, P(<=46) 0.01036 (ideal 0.01042), state equal right after the pair 0, collisions 0  [10s]
  merge SAR26 rand swap at  1: mean differing slots 49.1679, P(<=46) 0.00932 (ideal 0.01042), state equal right after the pair 0, collisions 0  [6s]
  merge SAR26 rand swap at  2: mean differing slots 49.1693, P(<=46) 0.00964 (ideal 0.01042), state equal right after the pair 0, collisions 0  [7s]
  merge SAR26 rand swap at 13: mean differing slots 49.1575, P(<=46) 0.01048 (ideal 0.01042), state equal right after the pair 0, collisions 0  [7s]
  merge SAR26 rand swap at 26: mean differing slots 49.1646, P(<=46) 0.01052 (ideal 0.01042), state equal right after the pair 0, collisions 0  [8s]
  merge SAR26 rand swap at 27: mean differing slots 49.1752, P(<=46) 0.00952 (ideal 0.01042), state equal right after the pair 0, collisions 0  [8s]
  merge SAR26 rand swap at 39: mean differing slots 49.1568, P(<=46) 0.01044 (ideal 0.01042), state equal right after the pair 0, collisions 0  [9s]
  merge SAR26 rand swap at 50: mean differing slots 49.1684, P(<=46) 0.00980 (ideal 0.01042), state equal right after the pair 0, collisions 0  [10s]
  merge SAR26 rand swap at 51: mean differing slots 49.1628, P(<=46) 0.01052 (ideal 0.01042), state equal right after the pair 0, collisions 0  [10s]
merge SAR26: 400000 adjacent-swap pairs (8 positions [1, 2, 13, 26, 27, 39, 50, 51] x IV/uniform x 25000); state equal right after the swapped pair 1; output collisions 0; 0-hit 95% bound per pair 7.49e-06; hits []
  IV   differing output slots: mean 49.1684 (ideal 49.1667); [0-40] 0.00000 (ideal 0.00000); [41-44] 0.00024 (ideal 0.00023); [45-46] 0.01006 (ideal 0.01019); [47-47] 0.04138 (ideal 0.04192); [48-48] 0.15137 (ideal 0.15090); [49-49] 0.36151 (ideal 0.36217); [50-50] 0.43544 (ideal 0.43460)
  rand differing output slots: mean 49.1653 (ideal 49.1667); [0-40] 0.00000 (ideal 0.00000); [41-44] 0.00021 (ideal 0.00023); [45-46] 0.00982 (ideal 0.01019); [47-47] 0.04219 (ideal 0.04192); [48-48] 0.15152 (ideal 0.15090); [49-49] 0.36321 (ideal 0.36217); [50-50] 0.43305 (ideal 0.43460)
wall time 135 s, workers 4
