naming: the 48 non-King cards name 30/30 edges and 20/20 corners; 52 cards name 30 edges, 20 corners
mdw3_lib SAF0: fast == slow literal transliteration on 12/12 random blocks
mdw3_lib SAF26: fast == slow literal transliteration on 12/12 random blocks
mdw3_lib SAR26: fast == slow literal transliteration on 12/12 random blocks
mdw3_lib SBF26: fast == slow literal transliteration on 12/12 random blocks
mdw3_lib SBR26: fast == slow literal transliteration on 12/12 random blocks
mdw3_lib SCF26: fast == slow literal transliteration on 12/12 random blocks
mdw3_lib SCR26: fast == slow literal transliteration on 12/12 random blocks
mdw3_lib SDF26: fast == slow literal transliteration on 12/12 random blocks
mdw3_lib SDR26: fast == slow literal transliteration on 12/12 random blocks
mdw3_lib naming: the 48 non-King card steps name 30/30 edges and 20/20 corners (every pass)
merge SBR13: N=25000, seeds 43300000+...; cost {'steps': 65, 'turns': 390, 'piece_turn_clicks': 325, 'card_clicks': '130 + sum of echo amounts (echo amount = suit of the held card, so 130 + m*k)', 'face_lookups': 325, 'pieces_found_per_step': 2, 'regrips': 0, 'solves': 3}
  merge SBR13 IV   swap at  1: mean differing slots 49.1642, P(<=46) 0.01004 (ideal 0.01042), state equal right after the pair 0, collisions 0  [6s]
  merge SBR13 IV   swap at  2: mean differing slots 49.1630, P(<=46) 0.01040 (ideal 0.01042), state equal right after the pair 0, collisions 0  [6s]
  merge SBR13 IV   swap at 13: mean differing slots 49.1636, P(<=46) 0.01048 (ideal 0.01042), state equal right after the pair 0, collisions 0  [7s]
  merge SBR13 IV   swap at 26: mean differing slots 49.1624, P(<=46) 0.01076 (ideal 0.01042), state equal right after the pair 0, collisions 0  [9s]
  merge SBR13 IV   swap at 27: mean differing slots 49.1576, P(<=46) 0.01084 (ideal 0.01042), state equal right after the pair 0, collisions 0  [9s]
  merge SBR13 IV   swap at 39: mean differing slots 49.1631, P(<=46) 0.01052 (ideal 0.01042), state equal right after the pair 0, collisions 0  [10s]
  merge SBR13 IV   swap at 50: mean differing slots 49.1684, P(<=46) 0.01084 (ideal 0.01042), state equal right after the pair 0, collisions 0  [11s]
  merge SBR13 IV   swap at 51: mean differing slots 49.1672, P(<=46) 0.01024 (ideal 0.01042), state equal right after the pair 0, collisions 0  [11s]
  merge SBR13 rand swap at  1: mean differing slots 49.1694, P(<=46) 0.01140 (ideal 0.01042), state equal right after the pair 0, collisions 0  [6s]
  merge SBR13 rand swap at  2: mean differing slots 49.1718, P(<=46) 0.00956 (ideal 0.01042), state equal right after the pair 0, collisions 0  [7s]
  merge SBR13 rand swap at 13: mean differing slots 49.1590, P(<=46) 0.01164 (ideal 0.01042), state equal right after the pair 0, collisions 0  [8s]
  merge SBR13 rand swap at 26: mean differing slots 49.1746, P(<=46) 0.00916 (ideal 0.01042), state equal right after the pair 0, collisions 0  [9s]
  merge SBR13 rand swap at 27: mean differing slots 49.1669, P(<=46) 0.01084 (ideal 0.01042), state equal right after the pair 0, collisions 0  [9s]
  merge SBR13 rand swap at 39: mean differing slots 49.1595, P(<=46) 0.01052 (ideal 0.01042), state equal right after the pair 0, collisions 0  [10s]
  merge SBR13 rand swap at 50: mean differing slots 49.1728, P(<=46) 0.00984 (ideal 0.01042), state equal right after the pair 0, collisions 0  [11s]
  merge SBR13 rand swap at 51: mean differing slots 49.1586, P(<=46) 0.00992 (ideal 0.01042), state equal right after the pair 0, collisions 0  [11s]
merge SBR13: 400000 adjacent-swap pairs (8 positions [1, 2, 13, 26, 27, 39, 50, 51] x IV/uniform x 25000); state equal right after the swapped pair 0; output collisions 0; 0-hit 95% bound per pair 7.49e-06; hits []
  IV   differing output slots: mean 49.1637 (ideal 49.1667); [0-40] 0.00000 (ideal 0.00000); [41-44] 0.00026 (ideal 0.00023); [45-46] 0.01026 (ideal 0.01019); [47-47] 0.04260 (ideal 0.04192); [48-48] 0.15100 (ideal 0.15090); [49-49] 0.36255 (ideal 0.36217); [50-50] 0.43334 (ideal 0.43460)
  rand differing output slots: mean 49.1666 (ideal 49.1667); [0-40] 0.00000 (ideal 0.00000); [41-44] 0.00021 (ideal 0.00023); [45-46] 0.01015 (ideal 0.01019); [47-47] 0.04188 (ideal 0.04192); [48-48] 0.15093 (ideal 0.15090); [49-49] 0.36252 (ideal 0.36217); [50-50] 0.43431 (ideal 0.43460)
wall time 137 s, workers 4
