naming: the 48 non-King cards name 30/30 edges and 20/20 corners; 52 cards name 30 edges, 20 corners
mdw3_lib SAF0: fast == slow literal transliteration on 12/12 random blocks
mdw3_lib SAF26: fast == slow literal transliteration on 12/12 random blocks
mdw3_lib SAR26: fast == slow literal transliteration on 12/12 random blocks
mdw3_lib SBF26: fast == slow literal transliteration on 12/12 random blocks
mdw3_lib SBR26: fast == slow literal transliteration on 12/12 random blocks
mdw3_lib SCF26: fast == slow literal transliteration on 12/12 random blocks
mdw3_lib SCR26: fast == slow literal transliteration on 12/12 random blocks
mdw3_lib SDF26: fast == slow literal transliteration on 12/12 random blocks
mdw3_lib SDR26: fast == slow literal transliteration on 12/12 random blocks
mdw3_lib naming: the 48 non-King card steps name 30/30 edges and 20/20 corners (every pass)
big SBR13: N=2000000, seeds 45300000+...; cost {'steps': 65, 'turns': 390, 'piece_turn_clicks': 325, 'card_clicks': '130 + sum of echo amounts (echo amount = suit of the held card, so 130 + m*k)', 'face_lookups': 325, 'pieces_found_per_step': 2, 'regrips': 0, 'solves': 3}
[5/20 chunks] cumulative n=500000  [267s]
  D1  left  Q = W(h)^-1 W(gh)   n=500000: exact prediction 0 [0.00e+00,5.99e-06] | P(fixE>=2) 0.26449 [0.26327,0.26572] adv +0.00025 | P(fixC>=2) 0.26355 [0.26233,0.26477] adv -0.00070
     mean fixE 1.00082 +- 0.00278, mean fixC 0.99829 +- 0.00277 (ideal 1) | mean moved 49.16693 +- 0.00253 (ideal 49.16667, diff +0.00027)
     chi2 cyc-type E 912.7/951 p=0.81, C 243.9/216 p=0.094 | fixE-hist 3.2/5 p=0.66, fixC-hist 7.2/5 p=0.2
     fixC hist (obs/ideal): 0:0.36873/0.36788, 1:0.36773/0.36788, 2:0.18371/0.18394, 3:0.06062/0.06131, 4:0.01545/0.01533
     per-slot 'position fixed': corners 0.04951..0.05052 (ideal 0.05000, 1-slot 95% hw 0.00060), edges 0.03281..0.03387 (ideal 0.03333) | max |z| 2.13 at slot 48, Bonferroni p 1; sum z^2 35.6/50 (chi2_50 p=0.94; slots not independent)
     per-slot 'fixed, orientation 0': corners 0.01626..0.01697 (ideal 0.01667, 1-slot 95% hw 0.00035), edges 0.01632..0.01695 (ideal 0.01667) | max |z| 2.22 at slot 18, Bonferroni p 1; sum z^2 42.0/50 (chi2_50 p=0.78; slots not independent)
  D1' right Delta = W(hg)W(h)^-1 n=500000: exact prediction 0 [0.00e+00,5.99e-06] | P(fixE>=2) 0.26482 [0.26359,0.26604] adv +0.00057 | P(fixC>=2) 0.26417 [0.26295,0.26539] adv -0.00007
     mean fixE 1.00037 +- 0.00277, mean fixC 1.00034 +- 0.00277 (ideal 1) | mean moved 49.16365 +- 0.00254 (ideal 49.16667, diff -0.00301)
     chi2 cyc-type E 989.9/951 p=0.19, C 225.4/216 p=0.32 | fixE-hist 2.2/5 p=0.82, fixC-hist 1.0/5 p=0.96
     fixC hist (obs/ideal): 0:0.36788/0.36788, 1:0.36795/0.36788, 2:0.18367/0.18394, 3:0.06135/0.06131, 4:0.01548/0.01533
     per-slot 'position fixed': corners 0.04943..0.05057 (ideal 0.05000, 1-slot 95% hw 0.00060), edges 0.03279..0.03388 (ideal 0.03333) | max |z| 2.14 at slot 31, Bonferroni p 1; sum z^2 55.0/50 (chi2_50 p=0.29; slots not independent)
     per-slot 'fixed, orientation 0': corners 0.01635..0.01701 (ideal 0.01667, 1-slot 95% hw 0.00035), edges 0.01643..0.01707 (ideal 0.01667) | max |z| 2.25 at slot 36, Bonferroni p 1; sum z^2 44.4/50 (chi2_50 p=0.7; slots not independent)
  paired D1 - D1' (same deal, h, g): P(fixC>=2) diff -0.00062 +- 0.00173; mean moved diff +0.00328 +- 0.00358
[10/20 chunks] cumulative n=1000000  [401s]
  D1  left  Q = W(h)^-1 W(gh)   n=1000000: exact prediction 0 [0.00e+00,3.00e-06] | P(fixE>=2) 0.26504 [0.26417,0.26590] adv +0.00079 | P(fixC>=2) 0.26438 [0.26351,0.26524] adv +0.00013
     mean fixE 1.00188 +- 0.00196, mean fixC 0.99955 +- 0.00196 (ideal 1) | mean moved 49.16527 +- 0.00179 (ideal 49.16667, diff -0.00140)
     chi2 cyc-type E 1043.2/1106 p=0.91, C 226.0/228 p=0.52 | fixE-hist 4.5/5 p=0.48, fixC-hist 5.1/5 p=0.4
     fixC hist (obs/ideal): 0:0.36865/0.36788, 1:0.36698/0.36788, 2:0.18404/0.18394, 3:0.06122/0.06131, 4:0.01540/0.01533
     per-slot 'position fixed': corners 0.04959..0.05033 (ideal 0.05000, 1-slot 95% hw 0.00043), edges 0.03304..0.03374 (ideal 0.03333) | max |z| 2.24 at slot 35, Bonferroni p 1; sum z^2 48.0/50 (chi2_50 p=0.55; slots not independent)
     per-slot 'fixed, orientation 0': corners 0.01645..0.01693 (ideal 0.01667, 1-slot 95% hw 0.00025), edges 0.01643..0.01694 (ideal 0.01667) | max |z| 2.12 at slot 29, Bonferroni p 1; sum z^2 52.8/50 (chi2_50 p=0.37; slots not independent)
  D1' right Delta = W(hg)W(h)^-1 n=1000000: exact prediction 0 [0.00e+00,3.00e-06] | P(fixE>=2) 0.26505 [0.26418,0.26591] adv +0.00081 | P(fixC>=2) 0.26358 [0.26272,0.26444] adv -0.00066
     mean fixE 1.00194 +- 0.00196, mean fixC 0.99934 +- 0.00196 (ideal 1) | mean moved 49.16443 +- 0.00179 (ideal 49.16667, diff -0.00224)
     chi2 cyc-type E 1124.5/1106 p=0.34, C 218.6/228 p=0.66 | fixE-hist 5.2/5 p=0.39, fixC-hist 5.4/5 p=0.36
     fixC hist (obs/ideal): 0:0.36758/0.36788, 1:0.36884/0.36788, 2:0.18360/0.18394, 3:0.06096/0.06131, 4:0.01536/0.01533
     per-slot 'position fixed': corners 0.04967..0.05035 (ideal 0.05000, 1-slot 95% hw 0.00043), edges 0.03299..0.03389 (ideal 0.03333) | max |z| 3.12 at slot 31, Bonferroni p 0.089; sum z^2 64.8/50 (chi2_50 p=0.077; slots not independent)
     per-slot 'fixed, orientation 0': corners 0.01649..0.01693 (ideal 0.01667, 1-slot 95% hw 0.00025), edges 0.01646..0.01699 (ideal 0.01667) | max |z| 2.54 at slot 42, Bonferroni p 0.55; sum z^2 39.4/50 (chi2_50 p=0.86; slots not independent)
  paired D1 - D1' (same deal, h, g): P(fixC>=2) diff +0.00080 +- 0.00122; mean moved diff +0.00084 +- 0.00253
[15/20 chunks] cumulative n=1500000  [538s]
  D1  left  Q = W(h)^-1 W(gh)   n=1500000: exact prediction 0 [0.00e+00,2.00e-06] | P(fixE>=2) 0.26483 [0.26412,0.26554] adv +0.00059 | P(fixC>=2) 0.26472 [0.26402,0.26543] adv +0.00048
     mean fixE 1.00132 +- 0.00160, mean fixC 1.00038 +- 0.00160 (ideal 1) | mean moved 49.16567 +- 0.00146 (ideal 49.16667, diff -0.00100)
     chi2 cyc-type E 1174.0/1169 p=0.45, C 221.2/235 p=0.73 | fixE-hist 6.0/5 p=0.31, fixC-hist 8.3/5 p=0.14
     fixC hist (obs/ideal): 0:0.36844/0.36788, 1:0.36684/0.36788, 2:0.18409/0.18394, 3:0.06155/0.06131, 4:0.01538/0.01533
     per-slot 'position fixed': corners 0.04964..0.05031 (ideal 0.05000, 1-slot 95% hw 0.00035), edges 0.03307..0.03359 (ideal 0.03333) | max |z| 2.03 at slot 15, Bonferroni p 1; sum z^2 42.1/50 (chi2_50 p=0.78; slots not independent)
     per-slot 'fixed, orientation 0': corners 0.01642..0.01686 (ideal 0.01667, 1-slot 95% hw 0.00020), edges 0.01651..0.01685 (ideal 0.01667) | max |z| 2.35 at slot 15, Bonferroni p 0.95; sum z^2 57.4/50 (chi2_50 p=0.22; slots not independent)
  D1' right Delta = W(hg)W(h)^-1 n=1500000: exact prediction 0 [0.00e+00,2.00e-06] | P(fixE>=2) 0.26486 [0.26416,0.26557] adv +0.00062 | P(fixC>=2) 0.26404 [0.26334,0.26475] adv -0.00020
     mean fixE 1.00089 +- 0.00160, mean fixC 1.00014 +- 0.00160 (ideal 1) | mean moved 49.16491 +- 0.00146 (ideal 49.16667, diff -0.00176)
     chi2 cyc-type E 1171.6/1169 p=0.47, C 228.5/235 p=0.61 | fixE-hist 6.7/5 p=0.25, fixC-hist 5.1/5 p=0.4
     fixC hist (obs/ideal): 0:0.36730/0.36788, 1:0.36865/0.36788, 2:0.18397/0.18394, 3:0.06108/0.06131, 4:0.01533/0.01533
     per-slot 'position fixed': corners 0.04974..0.05030 (ideal 0.05000, 1-slot 95% hw 0.00035), edges 0.03314..0.03370 (ideal 0.03333) | max |z| 2.52 at slot 31, Bonferroni p 0.59; sum z^2 50.9/50 (chi2_50 p=0.44; slots not independent)
     per-slot 'fixed, orientation 0': corners 0.01661..0.01689 (ideal 0.01667, 1-slot 95% hw 0.00020), edges 0.01656..0.01689 (ideal 0.01667) | max |z| 2.15 at slot 42, Bonferroni p 1; sum z^2 28.4/50 (chi2_50 p=0.99; slots not independent)
  paired D1 - D1' (same deal, h, g): P(fixC>=2) diff +0.00068 +- 0.00100; mean moved diff +0.00076 +- 0.00206
[20/20 chunks] cumulative n=2000000  [670s]
  D1  left  Q = W(h)^-1 W(gh)   n=2000000: exact prediction 0 [0.00e+00,1.50e-06] | P(fixE>=2) 0.26463 [0.26402,0.26524] adv +0.00039 | P(fixC>=2) 0.26463 [0.26402,0.26524] adv +0.00039
     mean fixE 1.00104 +- 0.00139, mean fixC 1.00049 +- 0.00139 (ideal 1) | mean moved 49.16579 +- 0.00127 (ideal 49.16667, diff -0.00088)
     chi2 cyc-type E 1195.9/1225 p=0.72, C 223.5/237 p=0.73 | fixE-hist 8.5/5 p=0.13, fixC-hist 10.6/5 p=0.06
     fixC hist (obs/ideal): 0:0.36838/0.36788, 1:0.36699/0.36788, 2:0.18399/0.18394, 3:0.06148/0.06131, 4:0.01544/0.01533
     per-slot 'position fixed': corners 0.04964..0.05030 (ideal 0.05000, 1-slot 95% hw 0.00030), edges 0.03310..0.03357 (ideal 0.03333) | max |z| 2.31 at slot 15, Bonferroni p 1; sum z^2 49.2/50 (chi2_50 p=0.51; slots not independent)
     per-slot 'fixed, orientation 0': corners 0.01647..0.01687 (ideal 0.01667, 1-slot 95% hw 0.00018), edges 0.01652..0.01691 (ideal 0.01667) | max |z| 2.70 at slot 27, Bonferroni p 0.35; sum z^2 62.8/50 (chi2_50 p=0.11; slots not independent)
  D1' right Delta = W(hg)W(h)^-1 n=2000000: exact prediction 0 [0.00e+00,1.50e-06] | P(fixE>=2) 0.26479 [0.26418,0.26540] adv +0.00055 | P(fixC>=2) 0.26398 [0.26336,0.26459] adv -0.00027
     mean fixE 1.00086 +- 0.00139, mean fixC 0.99997 +- 0.00138 (ideal 1) | mean moved 49.16559 +- 0.00127 (ideal 49.16667, diff -0.00108)
     chi2 cyc-type E 1216.4/1225 p=0.56, C 227.7/237 p=0.66 | fixE-hist 5.2/5 p=0.39, fixC-hist 6.6/5 p=0.25
     fixC hist (obs/ideal): 0:0.36740/0.36788, 1:0.36862/0.36788, 2:0.18393/0.18394, 3:0.06105/0.06131, 4:0.01535/0.01533
     per-slot 'position fixed': corners 0.04969..0.05024 (ideal 0.05000, 1-slot 95% hw 0.00030), edges 0.03314..0.03363 (ideal 0.03333) | max |z| 2.35 at slot 31, Bonferroni p 0.94; sum z^2 54.6/50 (chi2_50 p=0.3; slots not independent)
     per-slot 'fixed, orientation 0': corners 0.01653..0.01688 (ideal 0.01667, 1-slot 95% hw 0.00018), edges 0.01656..0.01683 (ideal 0.01667) | max |z| 2.33 at slot 11, Bonferroni p 0.98; sum z^2 35.6/50 (chi2_50 p=0.94; slots not independent)
  paired D1 - D1' (same deal, h, g): P(fixC>=2) diff +0.00066 +- 0.00086; mean moved diff +0.00020 +- 0.00179
wall time 670 s, workers 4

real	11m11.249s
user	44m29.712s
sys	0m0.254s
