naming: the 48 non-King cards name 30/30 edges and 20/20 corners; 52 cards name 30 edges, 20 corners
mdw3_lib SAF0: fast == slow literal transliteration on 12/12 random blocks
mdw3_lib SAF26: fast == slow literal transliteration on 12/12 random blocks
mdw3_lib SAR26: fast == slow literal transliteration on 12/12 random blocks
mdw3_lib SBF26: fast == slow literal transliteration on 12/12 random blocks
mdw3_lib SBR26: fast == slow literal transliteration on 12/12 random blocks
mdw3_lib SCF26: fast == slow literal transliteration on 12/12 random blocks
mdw3_lib SCR26: fast == slow literal transliteration on 12/12 random blocks
mdw3_lib SDF26: fast == slow literal transliteration on 12/12 random blocks
mdw3_lib SDR26: fast == slow literal transliteration on 12/12 random blocks
mdw3_lib naming: the 48 non-King card steps name 30/30 edges and 20/20 corners (every pass)
D2 scan, 100000 pairs each; seeds 40_000_000 + 1000*j + chunk (j = item index)
D2 SAF0     n= 100000  P(fixE>=2) 0.9200 [0.9183,0.9216] adv +0.6557 | P(fixC>=2) 0.6783 [0.6754,0.6812] adv +0.4140 | mean fixE 5.4485, fixC 2.5375 (ideal 1 +-0.0062) | mean moved 43.1772 +- 0.0292 (ideal 49.1667, diff -5.9895) | chi2 cyc-type E 865293.3/508 p=0, C 404779.7/172 p=0 | chi2 fixE-hist p=0, fixC-hist p=0  [17s]
     cost {'steps': 52, 'turns': 260, 'piece_turn_clicks': 208, 'card_clicks': '130 + sum of echo amounts (echo amount = suit of the held card, so 130 + m*k)', 'face_lookups': 208, 'pieces_found_per_step': 2, 'regrips': 0, 'solves': 3}
D2 SBF0     n= 100000  P(fixE>=2) 0.8778 [0.8758,0.8798] adv +0.6136 | P(fixC>=2) 0.5872 [0.5842,0.5903] adv +0.3230 | mean fixE 4.8036, fixC 2.1270 (ideal 1 +-0.0062) | mean moved 44.2118 +- 0.0275 (ideal 49.1667, diff -4.9549) | chi2 cyc-type E 673989.9/508 p=0, C 187694.8/172 p=0 | chi2 fixE-hist p=0, fixC-hist p=0  [21s]
     cost {'steps': 52, 'turns': 312, 'piece_turn_clicks': 260, 'card_clicks': '130 + sum of echo amounts (echo amount = suit of the held card, so 130 + m*k)', 'face_lookups': 260, 'pieces_found_per_step': 2, 'regrips': 0, 'solves': 3}
D2 SCF0     n= 100000  P(fixE>=2) 0.9199 [0.9182,0.9216] adv +0.6557 | P(fixC>=2) 0.6829 [0.6800,0.6857] adv +0.4186 | mean fixE 5.5186, fixC 2.5599 (ideal 1 +-0.0062) | mean moved 43.0800 +- 0.0296 (ideal 49.1667, diff -6.0866) | chi2 cyc-type E 877999.6/508 p=0, C 413916.1/172 p=0 | chi2 fixE-hist p=0, fixC-hist p=0  [19s]
     cost {'steps': 52, 'turns': 260, 'piece_turn_clicks': 208, 'card_clicks': '130 + sum of echo amounts (echo amount = suit of the held card, so 130 + m*k)', 'face_lookups': 260, 'pieces_found_per_step': 2, 'regrips': 0, 'solves': 3}
D2 SDF0     n= 100000  P(fixE>=2) 0.9845 [0.9837,0.9853] adv +0.7203 | P(fixC>=2) 0.8488 [0.8466,0.8510] adv +0.5846 | mean fixE 9.1105, fixC 4.0776 (ideal 1 +-0.0062) | mean moved 37.5262 +- 0.0413 (ideal 49.1667, diff -11.6405) | chi2 cyc-type E 1489375.3/508 p=0, C 2414821.4/172 p=0 | chi2 fixE-hist p=0, fixC-hist p=0  [12s]
     cost {'steps': 52, 'turns': 156, 'piece_turn_clicks': 104, 'card_clicks': '130 + sum of echo amounts (echo amount = suit of the held card, so 130 + m*k)', 'face_lookups': 156, 'pieces_found_per_step': 2, 'regrips': 0, 'solves': 3}
D2 SAF13    n= 100000  P(fixE>=2) 0.2745 [0.2717,0.2772] adv +0.0102 | P(fixC>=2) 0.2668 [0.2641,0.2696] adv +0.0026 | mean fixE 1.0290, fixC 1.0075 (ideal 1 +-0.0062) | mean moved 49.1396 +- 0.0058 (ideal 49.1667, diff -0.0270) | chi2 cyc-type E 613.9/508 p=0.00085, C 171.4/172 p=0.5 | chi2 fixE-hist p=5.5e-19, fixC-hist p=0.12  [21s]
     cost {'steps': 65, 'turns': 325, 'piece_turn_clicks': 260, 'card_clicks': '130 + sum of echo amounts (echo amount = suit of the held card, so 130 + m*k)', 'face_lookups': 260, 'pieces_found_per_step': 2, 'regrips': 0, 'solves': 3}
D2 SAR13    n= 100000  P(fixE>=2) 0.2719 [0.2692,0.2747] adv +0.0077 | P(fixC>=2) 0.2623 [0.2595,0.2650] adv -0.0020 | mean fixE 1.0175, fixC 0.9967 (ideal 1 +-0.0062) | mean moved 49.1586 +- 0.0057 (ideal 49.1667, diff -0.0081) | chi2 cyc-type E 577.3/508 p=0.018, C 211.7/172 p=0.021 | chi2 fixE-hist p=2.5e-06, fixC-hist p=0.1  [21s]
     cost {'steps': 65, 'turns': 325, 'piece_turn_clicks': 260, 'card_clicks': '130 + sum of echo amounts (echo amount = suit of the held card, so 130 + m*k)', 'face_lookups': 260, 'pieces_found_per_step': 2, 'regrips': 0, 'solves': 3}
D2 SBF13    n= 100000  P(fixE>=2) 0.2729 [0.2701,0.2757] adv +0.0087 | P(fixC>=2) 0.2678 [0.2651,0.2706] adv +0.0036 | mean fixE 1.0244, fixC 1.0093 (ideal 1 +-0.0062) | mean moved 49.1449 +- 0.0058 (ideal 49.1667, diff -0.0218) | chi2 cyc-type E 517.9/508 p=0.37, C 180.1/172 p=0.32 | chi2 fixE-hist p=8.8e-15, fixC-hist p=0.078  [25s]
     cost {'steps': 65, 'turns': 390, 'piece_turn_clicks': 325, 'card_clicks': '130 + sum of echo amounts (echo amount = suit of the held card, so 130 + m*k)', 'face_lookups': 325, 'pieces_found_per_step': 2, 'regrips': 0, 'solves': 3}
D2 SBR13    n= 100000  P(fixE>=2) 0.2665 [0.2637,0.2692] adv +0.0022 | P(fixC>=2) 0.2665 [0.2638,0.2693] adv +0.0023 | mean fixE 1.0036, fixC 1.0018 (ideal 1 +-0.0062) | mean moved 49.1664 +- 0.0057 (ideal 49.1667, diff -0.0002) | chi2 cyc-type E 551.4/508 p=0.089, C 171.3/172 p=0.5 | chi2 fixE-hist p=0.66, fixC-hist p=0.21  [25s]
     cost {'steps': 65, 'turns': 390, 'piece_turn_clicks': 325, 'card_clicks': '130 + sum of echo amounts (echo amount = suit of the held card, so 130 + m*k)', 'face_lookups': 325, 'pieces_found_per_step': 2, 'regrips': 0, 'solves': 3}
D2 SCF13    n= 100000  P(fixE>=2) 0.2701 [0.2674,0.2729] adv +0.0059 | P(fixC>=2) 0.2658 [0.2631,0.2686] adv +0.0016 | mean fixE 1.0164, fixC 1.0047 (ideal 1 +-0.0062) | mean moved 49.1538 +- 0.0057 (ideal 49.1667, diff -0.0129) | chi2 cyc-type E 523.4/508 p=0.31, C 177.7/172 p=0.37 | chi2 fixE-hist p=2e-05, fixC-hist p=0.49  [23s]
     cost {'steps': 65, 'turns': 325, 'piece_turn_clicks': 260, 'card_clicks': '130 + sum of echo amounts (echo amount = suit of the held card, so 130 + m*k)', 'face_lookups': 325, 'pieces_found_per_step': 2, 'regrips': 0, 'solves': 3}
D2 SCR13    n= 100000  P(fixE>=2) 0.2715 [0.2688,0.2743] adv +0.0073 | P(fixC>=2) 0.2650 [0.2623,0.2677] adv +0.0007 | mean fixE 1.0205, fixC 1.0022 (ideal 1 +-0.0062) | mean moved 49.1536 +- 0.0057 (ideal 49.1667, diff -0.0130) | chi2 cyc-type E 571.2/508 p=0.027, C 156.5/172 p=0.8 | chi2 fixE-hist p=2.8e-08, fixC-hist p=0.54  [23s]
     cost {'steps': 65, 'turns': 325, 'piece_turn_clicks': 260, 'card_clicks': '130 + sum of echo amounts (echo amount = suit of the held card, so 130 + m*k)', 'face_lookups': 325, 'pieces_found_per_step': 2, 'regrips': 0, 'solves': 3}
D2 SDF13    n= 100000  P(fixE>=2) 0.4968 [0.4937,0.4999] adv +0.2326 | P(fixC>=2) 0.3309 [0.3280,0.3338] adv +0.0666 | mean fixE 2.0208, fixC 1.2231 (ideal 1 +-0.0062) | mean moved 47.9303 +- 0.0172 (ideal 49.1667, diff -1.2364) | chi2 cyc-type E 56914.8/508 p=0, C 6153.3/172 p=0 | chi2 fixE-hist p=0, fixC-hist p=0  [15s]
     cost {'steps': 65, 'turns': 195, 'piece_turn_clicks': 130, 'card_clicks': '130 + sum of echo amounts (echo amount = suit of the held card, so 130 + m*k)', 'face_lookups': 195, 'pieces_found_per_step': 2, 'regrips': 0, 'solves': 3}
D2 SDR13    n= 100000  P(fixE>=2) 0.3235 [0.3206,0.3264] adv +0.0592 | P(fixC>=2) 0.2703 [0.2676,0.2731] adv +0.0061 | mean fixE 1.1767, fixC 1.0207 (ideal 1 +-0.0062) | mean moved 49.0410 +- 0.0068 (ideal 49.1667, diff -0.1257) | chi2 cyc-type E 2671.2/508 p=1.4e-289, C 213.9/172 p=0.016 | chi2 fixE-hist p=0, fixC-hist p=4.9e-10  [15s]
     cost {'steps': 65, 'turns': 195, 'piece_turn_clicks': 130, 'card_clicks': '130 + sum of echo amounts (echo amount = suit of the held card, so 130 + m*k)', 'face_lookups': 195, 'pieces_found_per_step': 2, 'regrips': 0, 'solves': 3}
D2 SAF26    n= 100000  P(fixE>=2) 0.2722 [0.2694,0.2749] adv +0.0079 | P(fixC>=2) 0.2651 [0.2624,0.2678] adv +0.0009 | mean fixE 1.0196, fixC 1.0035 (ideal 1 +-0.0062) | mean moved 49.1525 +- 0.0057 (ideal 49.1667, diff -0.0142) | chi2 cyc-type E 509.3/508 p=0.48, C 183.5/172 p=0.26 | chi2 fixE-hist p=8.7e-08, fixC-hist p=0.4  [25s]
     cost {'steps': 78, 'turns': 390, 'piece_turn_clicks': 312, 'card_clicks': '130 + sum of echo amounts (echo amount = suit of the held card, so 130 + m*k)', 'face_lookups': 312, 'pieces_found_per_step': 2, 'regrips': 0, 'solves': 3}
D2 SAR26    n= 100000  P(fixE>=2) 0.2637 [0.2609,0.2664] adv -0.0006 | P(fixC>=2) 0.2635 [0.2608,0.2662] adv -0.0007 | mean fixE 0.9985, fixC 1.0001 (ideal 1 +-0.0062) | mean moved 49.1662 +- 0.0056 (ideal 49.1667, diff -0.0005) | chi2 cyc-type E 535.2/508 p=0.19, C 175.5/172 p=0.41 | chi2 fixE-hist p=0.79, fixC-hist p=0.29  [25s]
     cost {'steps': 78, 'turns': 390, 'piece_turn_clicks': 312, 'card_clicks': '130 + sum of echo amounts (echo amount = suit of the held card, so 130 + m*k)', 'face_lookups': 312, 'pieces_found_per_step': 2, 'regrips': 0, 'solves': 3}
D2 SBF26    n= 100000  P(fixE>=2) 0.2704 [0.2677,0.2732] adv +0.0062 | P(fixC>=2) 0.2634 [0.2607,0.2662] adv -0.0008 | mean fixE 1.0185, fixC 1.0003 (ideal 1 +-0.0062) | mean moved 49.1500 +- 0.0058 (ideal 49.1667, diff -0.0167) | chi2 cyc-type E 553.1/508 p=0.082, C 179.3/172 p=0.34 | chi2 fixE-hist p=2.9e-09, fixC-hist p=0.32  [30s]
     cost {'steps': 78, 'turns': 468, 'piece_turn_clicks': 390, 'card_clicks': '130 + sum of echo amounts (echo amount = suit of the held card, so 130 + m*k)', 'face_lookups': 390, 'pieces_found_per_step': 2, 'regrips': 0, 'solves': 3}
D2 SBR26    n= 100000  P(fixE>=2) 0.2645 [0.2618,0.2673] adv +0.0003 | P(fixC>=2) 0.2652 [0.2624,0.2679] adv +0.0009 | mean fixE 0.9976, fixC 1.0044 (ideal 1 +-0.0062) | mean moved 49.1615 +- 0.0057 (ideal 49.1667, diff -0.0052) | chi2 cyc-type E 494.9/508 p=0.65, C 179.0/172 p=0.34 | chi2 fixE-hist p=0.66, fixC-hist p=0.6  [30s]
     cost {'steps': 78, 'turns': 468, 'piece_turn_clicks': 390, 'card_clicks': '130 + sum of echo amounts (echo amount = suit of the held card, so 130 + m*k)', 'face_lookups': 390, 'pieces_found_per_step': 2, 'regrips': 0, 'solves': 3}
D2 SCF26    n= 100000  P(fixE>=2) 0.2715 [0.2687,0.2743] adv +0.0072 | P(fixC>=2) 0.2681 [0.2654,0.2709] adv +0.0039 | mean fixE 1.0221, fixC 1.0111 (ideal 1 +-0.0062) | mean moved 49.1460 +- 0.0058 (ideal 49.1667, diff -0.0207) | chi2 cyc-type E 581.2/508 p=0.013, C 178.2/172 p=0.36 | chi2 fixE-hist p=4.5e-12, fixC-hist p=0.013  [28s]
     cost {'steps': 78, 'turns': 390, 'piece_turn_clicks': 312, 'card_clicks': '130 + sum of echo amounts (echo amount = suit of the held card, so 130 + m*k)', 'face_lookups': 390, 'pieces_found_per_step': 2, 'regrips': 0, 'solves': 3}
D2 SCR26    n= 100000  P(fixE>=2) 0.2648 [0.2620,0.2675] adv +0.0005 | P(fixC>=2) 0.2654 [0.2627,0.2682] adv +0.0012 | mean fixE 1.0022, fixC 1.0033 (ideal 1 +-0.0062) | mean moved 49.1643 +- 0.0057 (ideal 49.1667, diff -0.0023) | chi2 cyc-type E 532.4/508 p=0.22, C 164.8/172 p=0.64 | chi2 fixE-hist p=0.96, fixC-hist p=0.89  [27s]
     cost {'steps': 78, 'turns': 390, 'piece_turn_clicks': 312, 'card_clicks': '130 + sum of echo amounts (echo amount = suit of the held card, so 130 + m*k)', 'face_lookups': 390, 'pieces_found_per_step': 2, 'regrips': 0, 'solves': 3}
D2 SDF26    n= 100000  P(fixE>=2) 0.4356 [0.4325,0.4387] adv +0.1714 | P(fixC>=2) 0.3236 [0.3207,0.3265] adv +0.0593 | mean fixE 1.8320, fixC 1.2027 (ideal 1 +-0.0062) | mean moved 48.1285 +- 0.0172 (ideal 49.1667, diff -1.0382) | chi2 cyc-type E 35725.4/508 p=0, C 5482.8/172 p=0 | chi2 fixE-hist p=0, fixC-hist p=0  [17s]
     cost {'steps': 78, 'turns': 234, 'piece_turn_clicks': 156, 'card_clicks': '130 + sum of echo amounts (echo amount = suit of the held card, so 130 + m*k)', 'face_lookups': 234, 'pieces_found_per_step': 2, 'regrips': 0, 'solves': 3}
D2 SDR26    n= 100000  P(fixE>=2) 0.2862 [0.2834,0.2890] adv +0.0220 | P(fixC>=2) 0.2679 [0.2652,0.2707] adv +0.0037 | mean fixE 1.0685, fixC 1.0096 (ideal 1 +-0.0062) | mean moved 49.1080 +- 0.0066 (ideal 49.1667, diff -0.0586) | chi2 cyc-type E 813.4/508 p=1.7e-16, C 169.5/172 p=0.54 | chi2 fixE-hist p=1.2e-136, fixC-hist p=0.0011  [17s]
     cost {'steps': 78, 'turns': 234, 'piece_turn_clicks': 156, 'card_clicks': '130 + sum of echo amounts (echo amount = suit of the held card, so 130 + m*k)', 'face_lookups': 234, 'pieces_found_per_step': 2, 'regrips': 0, 'solves': 3}
D2 SDR52    n= 100000  P(fixE>=2) 0.2768 [0.2741,0.2796] adv +0.0126 | P(fixC>=2) 0.2656 [0.2628,0.2683] adv +0.0013 | mean fixE 1.0450, fixC 1.0018 (ideal 1 +-0.0062) | mean moved 49.1272 +- 0.0064 (ideal 49.1667, diff -0.0394) | chi2 cyc-type E 604.0/508 p=0.0021, C 155.7/172 p=0.81 | chi2 fixE-hist p=2.7e-75, fixC-hist p=0.28  [22s]
     cost {'steps': 104, 'turns': 312, 'piece_turn_clicks': 208, 'card_clicks': '130 + sum of echo amounts (echo amount = suit of the held card, so 130 + m*k)', 'face_lookups': 312, 'pieces_found_per_step': 2, 'regrips': 0, 'solves': 3}
wall time 461 s, workers 4

real	7m41.955s
user	25m41.957s
sys	0m0.149s
