naming: the 48 non-King cards name 30/30 edges and 20/20 corners; 52 cards name 30 edges, 20 corners
mdw3_lib SBR26: fast == slow literal transliteration on 12/12 random blocks
mdw3_lib naming: the 48 non-King card steps name 30/30 edges and 20/20 corners (every pass)
mdw4_lib ZB0F1N0: fast == slow literal transliteration on 8/8 random blocks
mdw4_lib ZB0F2N0: fast == slow literal transliteration on 8/8 random blocks
mdw4_lib ZB3F2N0: fast == slow literal transliteration on 8/8 random blocks
mdw4_lib ZB3F3N0: fast == slow literal transliteration on 8/8 random blocks
mdw4_lib ZB3R3N0: fast == slow literal transliteration on 8/8 random blocks
mdw4_lib ZB3F2E9: fast == slow literal transliteration on 8/8 random blocks
mdw4_lib ZH3F0E9: fast == slow literal transliteration on 8/8 random blocks
mdw4_lib ZH0F0E5: fast == slow literal transliteration on 8/8 random blocks
mdw4_lib ZE3F0E9: fast == slow literal transliteration on 8/8 random blocks
mdw4_lib ZP3F0E9: fast == slow literal transliteration on 8/8 random blocks
mdw4_lib ZB3F1S9: fast == slow literal transliteration on 8/8 random blocks
mdw4_lib ZB0R2S8: fast == slow literal transliteration on 8/8 random blocks
mdw4_lib naming: the 48 non-King card steps name 30/30 edges and 20/20 corners (every block reads all 50)
mdw4_lib board register: the 60 states of the (Ace, n1) edge slot give each of the 12 colours 5 times
big ZE3F0E26: N=400000, seeds 63000000+...; cost {'turns': 468, 'clicks': '520 + echo card clicks (m*k)', 'piece_finds': 156, 'slot_reads': 26, 'regrips': 0, 'solves': 3}
[1/4 chunks] cumulative n=100000  [163s]
  D1  left  Q = W(h)^-1 W(gh)   n=100000: exact prediction 0 [0.00e+00,3.00e-05] | P(fixE>=2) 0.26617 [0.26344,0.26892] adv +0.00193 | P(fixC>=2) 0.26390 [0.26118,0.26664] adv -0.00034
     mean fixE 1.00292 +- 0.00620, mean fixC 0.99757 +- 0.00618 (ideal 1) | mean moved 49.16265 +- 0.00569 (ideal 49.16667, diff -0.00402)
     chi2 cyc-type E 478.5/508 p=0.82, C 142.1/172 p=0.95 | fixE-hist 6.4/5 p=0.27, fixC-hist 2.4/5 p=0.8
     fixC hist (obs/ideal): 0:0.36851/0.36788, 1:0.36759/0.36788, 2:0.18463/0.18394, 3:0.06078/0.06131, 4:0.01485/0.01533
     per-slot 'position fixed': corners 0.04823..0.05133 (ideal 0.05000, 1-slot 95% hw 0.00135), edges 0.03199..0.03448 (ideal 0.03333) | max |z| 2.57 at slot 1, Bonferroni p 0.51; sum z^2 67.3/50 (chi2_50 p=0.052; slots not independent)
     per-slot 'fixed, orientation 0': corners 0.01598..0.01730 (ideal 0.01667, 1-slot 95% hw 0.00079), edges 0.01621..0.01752 (ideal 0.01667) | max |z| 2.11 at slot 28, Bonferroni p 1; sum z^2 45.0/50 (chi2_50 p=0.67; slots not independent)
  D1' right Delta = W(hg)W(h)^-1 n=100000: exact prediction 0 [0.00e+00,3.00e-05] | P(fixE>=2) 0.26551 [0.26278,0.26826] adv +0.00127 | P(fixC>=2) 0.26722 [0.26449,0.26997] adv +0.00298
     mean fixE 1.00170 +- 0.00621, mean fixC 1.00624 +- 0.00622 (ideal 1) | mean moved 49.16217 +- 0.00566 (ideal 49.16667, diff -0.00450)
     chi2 cyc-type E 522.8/508 p=0.32, C 180.7/172 p=0.31 | fixE-hist 1.6/5 p=0.9, fixC-hist 5.7/5 p=0.33
     fixC hist (obs/ideal): 0:0.36586/0.36788, 1:0.36692/0.36788, 2:0.18624/0.18394, 3:0.06147/0.06131, 4:0.01578/0.01533
     per-slot 'position fixed': corners 0.04859..0.05205 (ideal 0.05000, 1-slot 95% hw 0.00135), edges 0.03181..0.03479 (ideal 0.03333) | max |z| 2.97 at slot 13, Bonferroni p 0.15; sum z^2 60.0/50 (chi2_50 p=0.16; slots not independent)
     per-slot 'fixed, orientation 0': corners 0.01588..0.01777 (ideal 0.01667, 1-slot 95% hw 0.00079), edges 0.01597..0.01758 (ideal 0.01667) | max |z| 2.73 at slot 13, Bonferroni p 0.32; sum z^2 55.7/50 (chi2_50 p=0.27; slots not independent)
  paired D1 - D1' (same deal, h, g): P(fixC>=2) diff -0.00332 +- 0.00388; mean moved diff +0.00048 +- 0.00802
[2/4 chunks] cumulative n=200000  [163s]
  D1  left  Q = W(h)^-1 W(gh)   n=200000: exact prediction 0 [0.00e+00,1.50e-05] | P(fixE>=2) 0.26538 [0.26344,0.26731] adv +0.00113 | P(fixC>=2) 0.26495 [0.26302,0.26689] adv +0.00071
     mean fixE 1.00245 +- 0.00437, mean fixC 1.00120 +- 0.00439 (ideal 1) | mean moved 49.16249 +- 0.00401 (ideal 49.16667, diff -0.00417)
     chi2 cyc-type E 612.7/673 p=0.95, C 163.9/196 p=0.95 | fixE-hist 4.6/5 p=0.47, fixC-hist 5.3/5 p=0.38
     fixC hist (obs/ideal): 0:0.36743/0.36788, 1:0.36762/0.36788, 2:0.18496/0.18394, 3:0.06101/0.06131, 4:0.01508/0.01533
     per-slot 'position fixed': corners 0.04918..0.05079 (ideal 0.05000, 1-slot 95% hw 0.00096), edges 0.03235..0.03415 (ideal 0.03333) | max |z| 2.45 at slot 49, Bonferroni p 0.71; sum z^2 46.9/50 (chi2_50 p=0.6; slots not independent)
     per-slot 'fixed, orientation 0': corners 0.01628..0.01707 (ideal 0.01667, 1-slot 95% hw 0.00056), edges 0.01634..0.01744 (ideal 0.01667) | max |z| 2.72 at slot 44, Bonferroni p 0.33; sum z^2 46.5/50 (chi2_50 p=0.62; slots not independent)
  D1' right Delta = W(hg)W(h)^-1 n=200000: exact prediction 0 [0.00e+00,1.50e-05] | P(fixE>=2) 0.26566 [0.26373,0.26760] adv +0.00142 | P(fixC>=2) 0.26523 [0.26330,0.26717] adv +0.00099
     mean fixE 1.00282 +- 0.00439, mean fixC 1.00232 +- 0.00439 (ideal 1) | mean moved 49.16438 +- 0.00400 (ideal 49.16667, diff -0.00229)
     chi2 cyc-type E 674.3/673 p=0.48, C 207.9/196 p=0.27 | fixE-hist 7.4/5 p=0.2, fixC-hist 3.8/5 p=0.57
     fixC hist (obs/ideal): 0:0.36744/0.36788, 1:0.36734/0.36788, 2:0.18466/0.18394, 3:0.06114/0.06131, 4:0.01558/0.01533
     per-slot 'position fixed': corners 0.04911..0.05103 (ideal 0.05000, 1-slot 95% hw 0.00096), edges 0.03262..0.03439 (ideal 0.03333) | max |z| 2.63 at slot 39, Bonferroni p 0.42; sum z^2 52.4/50 (chi2_50 p=0.38; slots not independent)
     per-slot 'fixed, orientation 0': corners 0.01620..0.01712 (ideal 0.01667, 1-slot 95% hw 0.00056), edges 0.01632..0.01733 (ideal 0.01667) | max |z| 2.33 at slot 39, Bonferroni p 0.98; sum z^2 48.3/50 (chi2_50 p=0.54; slots not independent)
  paired D1 - D1' (same deal, h, g): P(fixC>=2) diff -0.00028 +- 0.00274; mean moved diff -0.00188 +- 0.00567
[3/4 chunks] cumulative n=300000  [163s]
  D1  left  Q = W(h)^-1 W(gh)   n=300000: exact prediction 0 [0.00e+00,9.99e-06] | P(fixE>=2) 0.26610 [0.26452,0.26768] adv +0.00186 | P(fixC>=2) 0.26438 [0.26280,0.26596] adv +0.00014
     mean fixE 1.00495 +- 0.00358, mean fixC 1.00084 +- 0.00358 (ideal 1) | mean moved 49.16086 +- 0.00328 (ideal 49.16667, diff -0.00580)
     chi2 cyc-type E 740.7/796 p=0.92, C 193.5/205 p=0.71 | fixE-hist 10.1/5 p=0.072, fixC-hist 8.8/5 p=0.12
     fixC hist (obs/ideal): 0:0.36657/0.36788, 1:0.36905/0.36788, 2:0.18482/0.18394, 3:0.06070/0.06131, 4:0.01505/0.01533
     per-slot 'position fixed': corners 0.04939..0.05064 (ideal 0.05000, 1-slot 95% hw 0.00078), edges 0.03275..0.03427 (ideal 0.03333) | max |z| 2.85 at slot 23, Bonferroni p 0.22; sum z^2 51.6/50 (chi2_50 p=0.41; slots not independent)
     per-slot 'fixed, orientation 0': corners 0.01627..0.01706 (ideal 0.01667, 1-slot 95% hw 0.00046), edges 0.01642..0.01747 (ideal 0.01667) | max |z| 3.44 at slot 29, Bonferroni p 0.029; sum z^2 73.9/50 (chi2_50 p=0.016; slots not independent)
  D1' right Delta = W(hg)W(h)^-1 n=300000: exact prediction 0 [0.00e+00,9.99e-06] | P(fixE>=2) 0.26588 [0.26430,0.26746] adv +0.00164 | P(fixC>=2) 0.26576 [0.26418,0.26734] adv +0.00152
     mean fixE 1.00443 +- 0.00358, mean fixC 1.00311 +- 0.00359 (ideal 1) | mean moved 49.16244 +- 0.00327 (ideal 49.16667, diff -0.00423)
     chi2 cyc-type E 847.3/796 p=0.1, C 206.1/205 p=0.47 | fixE-hist 12.5/5 p=0.029, fixC-hist 8.2/5 p=0.14
     fixC hist (obs/ideal): 0:0.36733/0.36788, 1:0.36691/0.36788, 2:0.18508/0.18394, 3:0.06127/0.06131, 4:0.01552/0.01533
     per-slot 'position fixed': corners 0.04936..0.05085 (ideal 0.05000, 1-slot 95% hw 0.00078), edges 0.03246..0.03407 (ideal 0.03333) | max |z| 2.66 at slot 49, Bonferroni p 0.39; sum z^2 55.4/50 (chi2_50 p=0.28; slots not independent)
     per-slot 'fixed, orientation 0': corners 0.01635..0.01701 (ideal 0.01667, 1-slot 95% hw 0.00046), edges 0.01634..0.01722 (ideal 0.01667) | max |z| 2.35 at slot 43, Bonferroni p 0.93; sum z^2 44.4/50 (chi2_50 p=0.7; slots not independent)
  paired D1 - D1' (same deal, h, g): P(fixC>=2) diff -0.00138 +- 0.00223; mean moved diff -0.00158 +- 0.00463
[4/4 chunks] cumulative n=400000  [163s]
  D1  left  Q = W(h)^-1 W(gh)   n=400000: exact prediction 0 [0.00e+00,7.49e-06] | P(fixE>=2) 0.26658 [0.26521,0.26796] adv +0.00234 | P(fixC>=2) 0.26424 [0.26287,0.26561] adv -0.00000
     mean fixE 1.00599 +- 0.00310, mean fixC 1.00045 +- 0.00309 (ideal 1) | mean moved 49.16047 +- 0.00284 (ideal 49.16667, diff -0.00619)
     chi2 cyc-type E 808.7/886 p=0.97, C 225.8/215 p=0.29 | fixE-hist 17.2/5 p=0.0041, fixC-hist 9.5/5 p=0.091
     fixC hist (obs/ideal): 0:0.36669/0.36788, 1:0.36907/0.36788, 2:0.18453/0.18394, 3:0.06102/0.06131, 4:0.01493/0.01533
     per-slot 'position fixed': corners 0.04942..0.05064 (ideal 0.05000, 1-slot 95% hw 0.00068), edges 0.03291..0.03409 (ideal 0.03333) | max |z| 2.67 at slot 23, Bonferroni p 0.37; sum z^2 62.7/50 (chi2_50 p=0.11; slots not independent)
     per-slot 'fixed, orientation 0': corners 0.01631..0.01701 (ideal 0.01667, 1-slot 95% hw 0.00040), edges 0.01638..0.01726 (ideal 0.01667) | max |z| 2.96 at slot 26, Bonferroni p 0.16; sum z^2 83.5/50 (chi2_50 p=0.0021; slots not independent)
  D1' right Delta = W(hg)W(h)^-1 n=400000: exact prediction 0 [0.00e+00,7.49e-06] | P(fixE>=2) 0.26584 [0.26448,0.26721] adv +0.00160 | P(fixC>=2) 0.26570 [0.26433,0.26707] adv +0.00145
     mean fixE 1.00555 +- 0.00310, mean fixC 1.00293 +- 0.00310 (ideal 1) | mean moved 49.16192 +- 0.00284 (ideal 49.16667, diff -0.00475)
     chi2 cyc-type E 894.7/886 p=0.41, C 212.5/215 p=0.54 | fixE-hist 17.7/5 p=0.0033, fixC-hist 9.7/5 p=0.084
     fixC hist (obs/ideal): 0:0.36697/0.36788, 1:0.36733/0.36788, 2:0.18534/0.18394, 3:0.06104/0.06131, 4:0.01549/0.01533
     per-slot 'position fixed': corners 0.04930..0.05081 (ideal 0.05000, 1-slot 95% hw 0.00068), edges 0.03254..0.03398 (ideal 0.03333) | max |z| 2.80 at slot 49, Bonferroni p 0.25; sum z^2 67.2/50 (chi2_50 p=0.053; slots not independent)
     per-slot 'fixed, orientation 0': corners 0.01639..0.01692 (ideal 0.01667, 1-slot 95% hw 0.00040), edges 0.01627..0.01704 (ideal 0.01667) | max |z| 1.96 at slot 49, Bonferroni p 1; sum z^2 54.0/50 (chi2_50 p=0.32; slots not independent)
  paired D1 - D1' (same deal, h, g): P(fixC>=2) diff -0.00146 +- 0.00193; mean moved diff -0.00144 +- 0.00401
wall time 163 s, workers 4

real	2m44.490s
user	10m49.536s
sys	0m0.096s
