naming: the 48 non-King cards name 30/30 edges and 20/20 corners; 52 cards name 30 edges, 20 corners
mdw3_lib SBR26: fast == slow literal transliteration on 12/12 random blocks
mdw3_lib naming: the 48 non-King card steps name 30/30 edges and 20/20 corners (every pass)
mdw4_lib ZB0F1N0: fast == slow literal transliteration on 8/8 random blocks
mdw4_lib ZB0F2N0: fast == slow literal transliteration on 8/8 random blocks
mdw4_lib ZB3F2N0: fast == slow literal transliteration on 8/8 random blocks
mdw4_lib ZB3F3N0: fast == slow literal transliteration on 8/8 random blocks
mdw4_lib ZB3R3N0: fast == slow literal transliteration on 8/8 random blocks
mdw4_lib ZB3F2E9: fast == slow literal transliteration on 8/8 random blocks
mdw4_lib ZH3F0E9: fast == slow literal transliteration on 8/8 random blocks
mdw4_lib ZH0F0E5: fast == slow literal transliteration on 8/8 random blocks
mdw4_lib ZE3F0E9: fast == slow literal transliteration on 8/8 random blocks
mdw4_lib ZP3F0E9: fast == slow literal transliteration on 8/8 random blocks
mdw4_lib ZB3F1S9: fast == slow literal transliteration on 8/8 random blocks
mdw4_lib ZB0R2S8: fast == slow literal transliteration on 8/8 random blocks
mdw4_lib naming: the 48 non-King card steps name 30/30 edges and 20/20 corners (every block reads all 50)
mdw4_lib board register: the 60 states of the (Ace, n1) edge slot give each of the 12 colours 5 times
big ZP3F0E26: N=2000000, seeds 66000000+...; cost {'turns': 468, 'clicks': '520 + echo card clicks (m*k)', 'piece_finds': 156, 'slot_reads': 26, 'regrips': 0, 'solves': 3}
[5/20 chunks] cumulative n=500000  [330s]
  D1  left  Q = W(h)^-1 W(gh)   n=500000: exact prediction 0 [0.00e+00,5.99e-06] | P(fixE>=2) 0.26501 [0.26379,0.26624] adv +0.00077 | P(fixC>=2) 0.26466 [0.26344,0.26589] adv +0.00042
     mean fixE 1.00204 +- 0.00277, mean fixC 0.99966 +- 0.00277 (ideal 1) | mean moved 49.16650 +- 0.00253 (ideal 49.16667, diff -0.00017)
     chi2 cyc-type E 972.5/951 p=0.31, C 218.0/216 p=0.45 | fixE-hist 3.7/5 p=0.59, fixC-hist 5.6/5 p=0.35
     fixC hist (obs/ideal): 0:0.36850/0.36788, 1:0.36684/0.36788, 2:0.18420/0.18394, 3:0.06172/0.06131, 4:0.01519/0.01533
     per-slot 'position fixed': corners 0.04963..0.05056 (ideal 0.05000, 1-slot 95% hw 0.00060), edges 0.03252..0.03392 (ideal 0.03333) | max |z| 3.22 at slot 36, Bonferroni p 0.064; sum z^2 47.8/50 (chi2_50 p=0.56; slots not independent)
     per-slot 'fixed, orientation 0': corners 0.01630..0.01694 (ideal 0.01667, 1-slot 95% hw 0.00035), edges 0.01627..0.01709 (ideal 0.01667) | max |z| 2.32 at slot 21, Bonferroni p 1; sum z^2 56.8/50 (chi2_50 p=0.24; slots not independent)
  D1' right Delta = W(hg)W(h)^-1 n=500000: exact prediction 0 [0.00e+00,5.99e-06] | P(fixE>=2) 0.26593 [0.26470,0.26715] adv +0.00168 | P(fixC>=2) 0.26421 [0.26299,0.26543] adv -0.00003
     mean fixE 1.00440 +- 0.00278, mean fixC 1.00068 +- 0.00278 (ideal 1) | mean moved 49.16419 +- 0.00253 (ideal 49.16667, diff -0.00248)
     chi2 cyc-type E 947.4/951 p=0.53, C 233.1/216 p=0.2 | fixE-hist 11.4/5 p=0.045, fixC-hist 2.5/5 p=0.77
     fixC hist (obs/ideal): 0:0.36784/0.36788, 1:0.36795/0.36788, 2:0.18342/0.18394, 3:0.06166/0.06131, 4:0.01540/0.01533
     per-slot 'position fixed': corners 0.04939..0.05057 (ideal 0.05000, 1-slot 95% hw 0.00060), edges 0.03307..0.03420 (ideal 0.03333) | max |z| 3.41 at slot 26, Bonferroni p 0.033; sum z^2 62.7/50 (chi2_50 p=0.11; slots not independent)
     per-slot 'fixed, orientation 0': corners 0.01637..0.01691 (ideal 0.01667, 1-slot 95% hw 0.00035), edges 0.01641..0.01729 (ideal 0.01667) | max |z| 3.47 at slot 26, Bonferroni p 0.027; sum z^2 53.0/50 (chi2_50 p=0.36; slots not independent)
  paired D1 - D1' (same deal, h, g): P(fixC>=2) diff +0.00046 +- 0.00173; mean moved diff +0.00231 +- 0.00358
[10/20 chunks] cumulative n=1000000  [495s]
  D1  left  Q = W(h)^-1 W(gh)   n=1000000: exact prediction 0 [0.00e+00,3.00e-06] | P(fixE>=2) 0.26442 [0.26356,0.26529] adv +0.00018 | P(fixC>=2) 0.26510 [0.26423,0.26596] adv +0.00086
     mean fixE 1.00075 +- 0.00196, mean fixC 1.00127 +- 0.00196 (ideal 1) | mean moved 49.16600 +- 0.00179 (ideal 49.16667, diff -0.00066)
     chi2 cyc-type E 1165.5/1106 p=0.1, C 247.1/228 p=0.18 | fixE-hist 2.9/5 p=0.72, fixC-hist 7.6/5 p=0.18
     fixC hist (obs/ideal): 0:0.36760/0.36788, 1:0.36730/0.36788, 2:0.18450/0.18394, 3:0.06173/0.06131, 4:0.01529/0.01533
     per-slot 'position fixed': corners 0.04977..0.05058 (ideal 0.05000, 1-slot 95% hw 0.00043), edges 0.03304..0.03363 (ideal 0.03333) | max |z| 2.64 at slot 6, Bonferroni p 0.42; sum z^2 42.9/50 (chi2_50 p=0.75; slots not independent)
     per-slot 'fixed, orientation 0': corners 0.01630..0.01701 (ideal 0.01667, 1-slot 95% hw 0.00025), edges 0.01648..0.01689 (ideal 0.01667) | max |z| 2.86 at slot 17, Bonferroni p 0.21; sum z^2 55.5/50 (chi2_50 p=0.27; slots not independent)
  D1' right Delta = W(hg)W(h)^-1 n=1000000: exact prediction 0 [0.00e+00,3.00e-06] | P(fixE>=2) 0.26494 [0.26408,0.26581] adv +0.00070 | P(fixC>=2) 0.26459 [0.26373,0.26546] adv +0.00035
     mean fixE 1.00205 +- 0.00196, mean fixC 1.00128 +- 0.00196 (ideal 1) | mean moved 49.16462 +- 0.00179 (ideal 49.16667, diff -0.00205)
     chi2 cyc-type E 1085.6/1106 p=0.66, C 221.5/228 p=0.61 | fixE-hist 8.3/5 p=0.14, fixC-hist 2.9/5 p=0.72
     fixC hist (obs/ideal): 0:0.36757/0.36788, 1:0.36784/0.36788, 2:0.18389/0.18394, 3:0.06153/0.06131, 4:0.01546/0.01533
     per-slot 'position fixed': corners 0.04975..0.05060 (ideal 0.05000, 1-slot 95% hw 0.00043), edges 0.03308..0.03393 (ideal 0.03333) | max |z| 3.31 at slot 26, Bonferroni p 0.047; sum z^2 55.6/50 (chi2_50 p=0.27; slots not independent)
     per-slot 'fixed, orientation 0': corners 0.01650..0.01691 (ideal 0.01667, 1-slot 95% hw 0.00025), edges 0.01646..0.01707 (ideal 0.01667) | max |z| 3.11 at slot 26, Bonferroni p 0.093; sum z^2 55.5/50 (chi2_50 p=0.28; slots not independent)
  paired D1 - D1' (same deal, h, g): P(fixC>=2) diff +0.00051 +- 0.00122; mean moved diff +0.00139 +- 0.00253
[15/20 chunks] cumulative n=1500000  [661s]
  D1  left  Q = W(h)^-1 W(gh)   n=1500000: exact prediction 0 [0.00e+00,2.00e-06] | P(fixE>=2) 0.26400 [0.26330,0.26471] adv -0.00024 | P(fixC>=2) 0.26470 [0.26400,0.26541] adv +0.00046
     mean fixE 0.99985 +- 0.00160, mean fixC 1.00073 +- 0.00160 (ideal 1) | mean moved 49.16613 +- 0.00146 (ideal 49.16667, diff -0.00053)
     chi2 cyc-type E 1224.1/1169 p=0.13, C 240.2/235 p=0.39 | fixE-hist 2.4/5 p=0.79, fixC-hist 7.4/5 p=0.19
     fixC hist (obs/ideal): 0:0.36800/0.36788, 1:0.36729/0.36788, 2:0.18398/0.18394, 3:0.06179/0.06131, 4:0.01531/0.01533
     per-slot 'position fixed': corners 0.04967..0.05030 (ideal 0.05000, 1-slot 95% hw 0.00035), edges 0.03304..0.03364 (ideal 0.03333) | max |z| 2.12 at slot 29, Bonferroni p 1; sum z^2 46.0/50 (chi2_50 p=0.64; slots not independent)
     per-slot 'fixed, orientation 0': corners 0.01651..0.01694 (ideal 0.01667, 1-slot 95% hw 0.00020), edges 0.01649..0.01691 (ideal 0.01667) | max |z| 2.63 at slot 3, Bonferroni p 0.43; sum z^2 53.5/50 (chi2_50 p=0.34; slots not independent)
  D1' right Delta = W(hg)W(h)^-1 n=1500000: exact prediction 0 [0.00e+00,2.00e-06] | P(fixE>=2) 0.26454 [0.26383,0.26525] adv +0.00030 | P(fixC>=2) 0.26467 [0.26396,0.26537] adv +0.00042
     mean fixE 1.00094 +- 0.00160, mean fixC 1.00094 +- 0.00160 (ideal 1) | mean moved 49.16538 +- 0.00146 (ideal 49.16667, diff -0.00129)
     chi2 cyc-type E 1108.5/1169 p=0.9, C 216.1/235 p=0.81 | fixE-hist 3.6/5 p=0.62, fixC-hist 3.5/5 p=0.63
     fixC hist (obs/ideal): 0:0.36770/0.36788, 1:0.36764/0.36788, 2:0.18415/0.18394, 3:0.06137/0.06131, 4:0.01549/0.01533
     per-slot 'position fixed': corners 0.04971..0.05045 (ideal 0.05000, 1-slot 95% hw 0.00035), edges 0.03305..0.03375 (ideal 0.03333) | max |z| 2.83 at slot 26, Bonferroni p 0.23; sum z^2 57.8/50 (chi2_50 p=0.21; slots not independent)
     per-slot 'fixed, orientation 0': corners 0.01655..0.01682 (ideal 0.01667, 1-slot 95% hw 0.00020), edges 0.01641..0.01690 (ideal 0.01667) | max |z| 2.42 at slot 30, Bonferroni p 0.77; sum z^2 53.1/50 (chi2_50 p=0.35; slots not independent)
  paired D1 - D1' (same deal, h, g): P(fixC>=2) diff +0.00004 +- 0.00100; mean moved diff +0.00075 +- 0.00206
[20/20 chunks] cumulative n=2000000  [833s]
  D1  left  Q = W(h)^-1 W(gh)   n=2000000: exact prediction 0 [0.00e+00,1.50e-06] | P(fixE>=2) 0.26427 [0.26366,0.26488] adv +0.00003 | P(fixC>=2) 0.26462 [0.26401,0.26524] adv +0.00038
     mean fixE 1.00020 +- 0.00139, mean fixC 1.00084 +- 0.00139 (ideal 1) | mean moved 49.16605 +- 0.00126 (ideal 49.16667, diff -0.00062)
     chi2 cyc-type E 1268.0/1225 p=0.19, C 243.7/237 p=0.37 | fixE-hist 1.2/5 p=0.95, fixC-hist 9.6/5 p=0.086
     fixC hist (obs/ideal): 0:0.36802/0.36788, 1:0.36735/0.36788, 2:0.18380/0.18394, 3:0.06180/0.06131, 4:0.01535/0.01533
     per-slot 'position fixed': corners 0.04974..0.05027 (ideal 0.05000, 1-slot 95% hw 0.00030), edges 0.03310..0.03360 (ideal 0.03333) | max |z| 2.11 at slot 32, Bonferroni p 1; sum z^2 44.4/50 (chi2_50 p=0.7; slots not independent)
     per-slot 'fixed, orientation 0': corners 0.01652..0.01686 (ideal 0.01667, 1-slot 95% hw 0.00018), edges 0.01653..0.01681 (ideal 0.01667) | max |z| 2.11 at slot 3, Bonferroni p 1; sum z^2 41.4/50 (chi2_50 p=0.8; slots not independent)
  D1' right Delta = W(hg)W(h)^-1 n=2000000: exact prediction 0 [0.00e+00,1.50e-06] | P(fixE>=2) 0.26443 [0.26381,0.26504] adv +0.00018 | P(fixC>=2) 0.26470 [0.26409,0.26531] adv +0.00045
     mean fixE 1.00088 +- 0.00139, mean fixC 1.00103 +- 0.00139 (ideal 1) | mean moved 49.16532 +- 0.00127 (ideal 49.16667, diff -0.00134)
     chi2 cyc-type E 1189.7/1225 p=0.76, C 215.7/237 p=0.84 | fixE-hist 4.5/5 p=0.48, fixC-hist 3.9/5 p=0.56
     fixC hist (obs/ideal): 0:0.36771/0.36788, 1:0.36759/0.36788, 2:0.18410/0.18394, 3:0.06147/0.06131, 4:0.01546/0.01533
     per-slot 'position fixed': corners 0.04981..0.05037 (ideal 0.05000, 1-slot 95% hw 0.00030), edges 0.03313..0.03352 (ideal 0.03333) | max |z| 2.41 at slot 8, Bonferroni p 0.8; sum z^2 43.8/50 (chi2_50 p=0.72; slots not independent)
     per-slot 'fixed, orientation 0': corners 0.01654..0.01682 (ideal 0.01667, 1-slot 95% hw 0.00018), edges 0.01650..0.01689 (ideal 0.01667) | max |z| 2.46 at slot 31, Bonferroni p 0.7; sum z^2 52.1/50 (chi2_50 p=0.39; slots not independent)
  paired D1 - D1' (same deal, h, g): P(fixC>=2) diff -0.00007 +- 0.00086; mean moved diff +0.00072 +- 0.00179
wall time 833 s, workers 4

real	13m53.945s
user	55m7.382s
sys	0m0.160s
