naming: the 48 non-King cards name 30/30 edges and 20/20 corners; 52 cards name 30 edges, 20 corners
mdw3_lib SBR26: fast == slow literal transliteration on 12/12 random blocks
mdw3_lib naming: the 48 non-King card steps name 30/30 edges and 20/20 corners (every pass)
mdw4_lib ZB0F1N0: fast == slow literal transliteration on 8/8 random blocks
mdw4_lib ZB0F2N0: fast == slow literal transliteration on 8/8 random blocks
mdw4_lib ZB3F2N0: fast == slow literal transliteration on 8/8 random blocks
mdw4_lib ZB3F3N0: fast == slow literal transliteration on 8/8 random blocks
mdw4_lib ZB3R3N0: fast == slow literal transliteration on 8/8 random blocks
mdw4_lib ZB3F2E9: fast == slow literal transliteration on 8/8 random blocks
mdw4_lib ZH3F0E9: fast == slow literal transliteration on 8/8 random blocks
mdw4_lib ZH0F0E5: fast == slow literal transliteration on 8/8 random blocks
mdw4_lib ZB3F1S9: fast == slow literal transliteration on 8/8 random blocks
mdw4_lib ZB0R2S8: fast == slow literal transliteration on 8/8 random blocks
mdw4_lib naming: the 48 non-King card steps name 30/30 edges and 20/20 corners (every block reads all 50)
mdw4_lib board register: the 60 states of the (Ace, n1) edge slot give each of the 12 colours 5 times
d2 ZH3F0E26: N=400000, seeds 56000000+...; cost {'turns': 468, 'clicks': '520 + echo card clicks (m*k)', 'piece_finds': 156, 'slot_reads': 26, 'regrips': 0, 'solves': 3}
D2 ZH3F0E26 n= 400000  P(fixE>=2) 0.2646 [0.2632,0.2659] adv +0.0003 | P(fixC>=2) 0.2641 [0.2627,0.2654] adv -0.0002 | mean fixE 1.0008, fixC 1.0000 (ideal 1 +-0.0031) | mean moved 49.1647 +- 0.0028 (ideal 49.1667, diff -0.0019) | chi2 cyc-type E 871.7/886 p=0.63, C 172.9/215 p=0.98 | chi2 fixE-hist p=0.2, fixC-hist p=0.98  [102s]
wall time 102 s, workers 4

real	1m43.307s
user	6m46.805s
sys	0m0.124s
