naming: the 48 non-King cards name 30/30 edges and 20/20 corners; 52 cards name 30 edges, 20 corners
mdw3_lib SBR26: fast == slow literal transliteration on 12/12 random blocks
mdw3_lib naming: the 48 non-King card steps name 30/30 edges and 20/20 corners (every pass)
mdw4_lib ZB0F1N0: fast == slow literal transliteration on 8/8 random blocks
mdw4_lib ZB0F2N0: fast == slow literal transliteration on 8/8 random blocks
mdw4_lib ZB3F2N0: fast == slow literal transliteration on 8/8 random blocks
mdw4_lib ZB3F3N0: fast == slow literal transliteration on 8/8 random blocks
mdw4_lib ZB3R3N0: fast == slow literal transliteration on 8/8 random blocks
mdw4_lib ZB3F2E9: fast == slow literal transliteration on 8/8 random blocks
mdw4_lib ZH3F0E9: fast == slow literal transliteration on 8/8 random blocks
mdw4_lib ZH0F0E5: fast == slow literal transliteration on 8/8 random blocks
mdw4_lib ZE3F0E9: fast == slow literal transliteration on 8/8 random blocks
mdw4_lib ZP3F0E9: fast == slow literal transliteration on 8/8 random blocks
mdw4_lib ZB3F1S9: fast == slow literal transliteration on 8/8 random blocks
mdw4_lib ZB0R2S8: fast == slow literal transliteration on 8/8 random blocks
mdw4_lib naming: the 48 non-King card steps name 30/30 edges and 20/20 corners (every block reads all 50)
mdw4_lib board register: the 60 states of the (Ace, n1) edge slot give each of the 12 colours 5 times
d2 ZP3F0E13: N=400000, seeds 70000000+...; cost {'turns': 390, 'clicks': '455 + echo card clicks (m*k)', 'piece_finds': 130, 'slot_reads': 13, 'regrips': 0, 'solves': 3}
D2 ZP3F0E13 n= 400000  P(fixE>=2) 0.2647 [0.2633,0.2660] adv +0.0004 | P(fixC>=2) 0.2654 [0.2640,0.2667] adv +0.0011 | mean fixE 1.0032, fixC 0.9999 (ideal 1 +-0.0031) | mean moved 49.1652 +- 0.0028 (ideal 49.1667, diff -0.0015) | chi2 cyc-type E 861.9/886 p=0.71, C 216.7/215 p=0.45 | chi2 fixE-hist p=0.051, fixC-hist p=0.023  [89s]
wall time 89 s, workers 4

real	1m30.937s
user	5m57.052s
sys	0m0.105s
