naming: the 48 non-King cards name 30/30 edges and 20/20 corners; 52 cards name 30 edges, 20 corners
mdw3_lib SBR26: fast == slow literal transliteration on 12/12 random blocks
mdw3_lib naming: the 48 non-King card steps name 30/30 edges and 20/20 corners (every pass)
mdw4_lib ZB0F1N0: fast == slow literal transliteration on 8/8 random blocks
mdw4_lib ZB0F2N0: fast == slow literal transliteration on 8/8 random blocks
mdw4_lib ZB3F2N0: fast == slow literal transliteration on 8/8 random blocks
mdw4_lib ZB3F3N0: fast == slow literal transliteration on 8/8 random blocks
mdw4_lib ZB3R3N0: fast == slow literal transliteration on 8/8 random blocks
mdw4_lib ZB3F2E9: fast == slow literal transliteration on 8/8 random blocks
mdw4_lib ZH3F0E9: fast == slow literal transliteration on 8/8 random blocks
mdw4_lib ZH0F0E5: fast == slow literal transliteration on 8/8 random blocks
mdw4_lib ZE3F0E9: fast == slow literal transliteration on 8/8 random blocks
mdw4_lib ZP3F0E9: fast == slow literal transliteration on 8/8 random blocks
mdw4_lib ZB3F1S9: fast == slow literal transliteration on 8/8 random blocks
mdw4_lib ZB0R2S8: fast == slow literal transliteration on 8/8 random blocks
mdw4_lib naming: the 48 non-King card steps name 30/30 edges and 20/20 corners (every block reads all 50)
mdw4_lib board register: the 60 states of the (Ace, n1) edge slot give each of the 12 colours 5 times
big ZP3F0E26: N=8000000, seeds 71000000+...; cost {'turns': 468, 'clicks': '520 + echo card clicks (m*k)', 'piece_finds': 156, 'slot_reads': 26, 'regrips': 0, 'solves': 3}
[20/80 chunks] cumulative n=2000000  [839s]
  D1  left  Q = W(h)^-1 W(gh)   n=2000000: exact prediction 0 [0.00e+00,1.50e-06] | P(fixE>=2) 0.26403 [0.26342,0.26464] adv -0.00021 | P(fixC>=2) 0.26401 [0.26340,0.26462] adv -0.00024
     mean fixE 0.99948 +- 0.00139, mean fixC 0.99945 +- 0.00139 (ideal 1) | mean moved 49.16701 +- 0.00126 (ideal 49.16667, diff +0.00035)
     chi2 cyc-type E 1200.4/1225 p=0.69, C 229.9/237 p=0.62 | fixE-hist 0.8/5 p=0.98, fixC-hist 3.9/5 p=0.57
     fixC hist (obs/ideal): 0:0.36823/0.36788, 1:0.36777/0.36788, 2:0.18360/0.18394, 3:0.06147/0.06131, 4:0.01525/0.01533
     per-slot 'position fixed': corners 0.04978..0.05029 (ideal 0.05000, 1-slot 95% hw 0.00030), edges 0.03301..0.03357 (ideal 0.03333) | max |z| 2.57 at slot 24, Bonferroni p 0.5; sum z^2 48.7/50 (chi2_50 p=0.53; slots not independent)
     per-slot 'fixed, orientation 0': corners 0.01652..0.01688 (ideal 0.01667, 1-slot 95% hw 0.00018), edges 0.01651..0.01684 (ideal 0.01667) | max |z| 2.31 at slot 17, Bonferroni p 1; sum z^2 43.0/50 (chi2_50 p=0.75; slots not independent)
  D1' right Delta = W(hg)W(h)^-1 n=2000000: exact prediction 0 [0.00e+00,1.50e-06] | P(fixE>=2) 0.26359 [0.26298,0.26420] adv -0.00065 | P(fixC>=2) 0.26394 [0.26333,0.26455] adv -0.00030
     mean fixE 0.99892 +- 0.00139, mean fixC 1.00017 +- 0.00139 (ideal 1) | mean moved 49.16643 +- 0.00127 (ideal 49.16667, diff -0.00023)
     chi2 cyc-type E 1273.8/1225 p=0.16, C 223.2/237 p=0.73 | fixE-hist 5.7/5 p=0.33, fixC-hist 6.1/5 p=0.3
     fixC hist (obs/ideal): 0:0.36774/0.36788, 1:0.36832/0.36788, 2:0.18344/0.18394, 3:0.06138/0.06131, 4:0.01545/0.01533
     per-slot 'position fixed': corners 0.04978..0.05027 (ideal 0.05000, 1-slot 95% hw 0.00030), edges 0.03288..0.03359 (ideal 0.03333) | max |z| 3.57 at slot 44, Bonferroni p 0.018; sum z^2 53.5/50 (chi2_50 p=0.34; slots not independent)
     per-slot 'fixed, orientation 0': corners 0.01657..0.01685 (ideal 0.01667, 1-slot 95% hw 0.00018), edges 0.01642..0.01685 (ideal 0.01667) | max |z| 2.69 at slot 44, Bonferroni p 0.36; sum z^2 55.0/50 (chi2_50 p=0.29; slots not independent)
  paired D1 - D1' (same deal, h, g): P(fixC>=2) diff +0.00007 +- 0.00086; mean moved diff +0.00058 +- 0.00179
[40/80 chunks] cumulative n=4000000  [1671s]
  D1  left  Q = W(h)^-1 W(gh)   n=4000000: exact prediction 0 [0.00e+00,7.49e-07] | P(fixE>=2) 0.26430 [0.26387,0.26473] adv +0.00006 | P(fixC>=2) 0.26429 [0.26385,0.26472] adv +0.00005
     mean fixE 0.99997 +- 0.00098, mean fixC 1.00016 +- 0.00098 (ideal 1) | mean moved 49.16614 +- 0.00089 (ideal 49.16667, diff -0.00053)
     chi2 cyc-type E 1383.1/1374 p=0.43, C 236.4/252 p=0.75 | fixE-hist 1.6/5 p=0.9, fixC-hist 0.6/5 p=0.99
     fixC hist (obs/ideal): 0:0.36778/0.36788, 1:0.36793/0.36788, 2:0.18396/0.18394, 3:0.06133/0.06131, 4:0.01531/0.01533
     per-slot 'position fixed': corners 0.04992..0.05016 (ideal 0.05000, 1-slot 95% hw 0.00021), edges 0.03314..0.03350 (ideal 0.03333) | max |z| 2.19 at slot 24, Bonferroni p 1; sum z^2 40.1/50 (chi2_50 p=0.84; slots not independent)
     per-slot 'fixed, orientation 0': corners 0.01658..0.01677 (ideal 0.01667, 1-slot 95% hw 0.00013), edges 0.01655..0.01680 (ideal 0.01667) | max |z| 2.03 at slot 36, Bonferroni p 1; sum z^2 41.6/50 (chi2_50 p=0.8; slots not independent)
  D1' right Delta = W(hg)W(h)^-1 n=4000000: exact prediction 0 [0.00e+00,7.49e-07] | P(fixE>=2) 0.26374 [0.26331,0.26417] adv -0.00050 | P(fixC>=2) 0.26391 [0.26348,0.26434] adv -0.00033
     mean fixE 0.99898 +- 0.00098, mean fixC 0.99998 +- 0.00098 (ideal 1) | mean moved 49.16724 +- 0.00089 (ideal 49.16667, diff +0.00057)
     chi2 cyc-type E 1491.1/1374 p=0.014, C 249.1/252 p=0.54 | fixE-hist 7.6/5 p=0.18, fixC-hist 8.3/5 p=0.14
     fixC hist (obs/ideal): 0:0.36775/0.36788, 1:0.36834/0.36788, 2:0.18360/0.18394, 3:0.06122/0.06131, 4:0.01539/0.01533
     per-slot 'position fixed': corners 0.04980..0.05023 (ideal 0.05000, 1-slot 95% hw 0.00021), edges 0.03310..0.03342 (ideal 0.03333) | max |z| 2.57 at slot 44, Bonferroni p 0.51; sum z^2 57.8/50 (chi2_50 p=0.21; slots not independent)
     per-slot 'fixed, orientation 0': corners 0.01658..0.01679 (ideal 0.01667, 1-slot 95% hw 0.00013), edges 0.01651..0.01679 (ideal 0.01667) | max |z| 2.44 at slot 44, Bonferroni p 0.73; sum z^2 51.3/50 (chi2_50 p=0.42; slots not independent)
  paired D1 - D1' (same deal, h, g): P(fixC>=2) diff +0.00037 +- 0.00061; mean moved diff -0.00110 +- 0.00126
[60/80 chunks] cumulative n=6000000  [2498s]
  D1  left  Q = W(h)^-1 W(gh)   n=6000000: exact prediction 0 [0.00e+00,4.99e-07] | P(fixE>=2) 0.26421 [0.26386,0.26456] adv -0.00003 | P(fixC>=2) 0.26422 [0.26387,0.26458] adv -0.00002
     mean fixE 0.99971 +- 0.00080, mean fixC 1.00016 +- 0.00080 (ideal 1) | mean moved 49.16645 +- 0.00073 (ideal 49.16667, diff -0.00022)
     chi2 cyc-type E 1540.8/1482 p=0.14, C 236.3/256 p=0.81 | fixE-hist 2.4/5 p=0.79, fixC-hist 2.1/5 p=0.83
     fixC hist (obs/ideal): 0:0.36773/0.36788, 1:0.36805/0.36788, 2:0.18394/0.18394, 3:0.06128/0.06131, 4:0.01532/0.01533
     per-slot 'position fixed': corners 0.04989..0.05014 (ideal 0.05000, 1-slot 95% hw 0.00017), edges 0.03316..0.03343 (ideal 0.03333) | max |z| 2.34 at slot 24, Bonferroni p 0.95; sum z^2 31.1/50 (chi2_50 p=0.98; slots not independent)
     per-slot 'fixed, orientation 0': corners 0.01660..0.01674 (ideal 0.01667, 1-slot 95% hw 0.00010), edges 0.01660..0.01677 (ideal 0.01667) | max |z| 1.93 at slot 45, Bonferroni p 1; sum z^2 34.8/50 (chi2_50 p=0.95; slots not independent)
  D1' right Delta = W(hg)W(h)^-1 n=6000000: exact prediction 0 [0.00e+00,4.99e-07] | P(fixE>=2) 0.26388 [0.26353,0.26423] adv -0.00036 | P(fixC>=2) 0.26408 [0.26373,0.26444] adv -0.00016
     mean fixE 0.99928 +- 0.00080, mean fixC 1.00002 +- 0.00080 (ideal 1) | mean moved 49.16727 +- 0.00073 (ideal 49.16667, diff +0.00061)
     chi2 cyc-type E 1508.4/1482 p=0.31, C 242.9/256 p=0.71 | fixE-hist 7.3/5 p=0.2, fixC-hist 3.0/5 p=0.69
     fixC hist (obs/ideal): 0:0.36779/0.36788, 1:0.36812/0.36788, 2:0.18377/0.18394, 3:0.06128/0.06131, 4:0.01536/0.01533
     per-slot 'position fixed': corners 0.04986..0.05015 (ideal 0.05000, 1-slot 95% hw 0.00017), edges 0.03317..0.03344 (ideal 0.03333) | max |z| 2.21 at slot 44, Bonferroni p 1; sum z^2 49.5/50 (chi2_50 p=0.49; slots not independent)
     per-slot 'fixed, orientation 0': corners 0.01652..0.01675 (ideal 0.01667, 1-slot 95% hw 0.00010), edges 0.01656..0.01677 (ideal 0.01667) | max |z| 2.74 at slot 16, Bonferroni p 0.3; sum z^2 54.1/50 (chi2_50 p=0.32; slots not independent)
  paired D1 - D1' (same deal, h, g): P(fixC>=2) diff +0.00014 +- 0.00050; mean moved diff -0.00082 +- 0.00103
[80/80 chunks] cumulative n=8000000  [3327s]
  D1  left  Q = W(h)^-1 W(gh)   n=8000000: exact prediction 0 [0.00e+00,3.74e-07] | P(fixE>=2) 0.26419 [0.26389,0.26450] adv -0.00005 | P(fixC>=2) 0.26427 [0.26396,0.26457] adv +0.00003
     mean fixE 0.99960 +- 0.00069, mean fixC 1.00032 +- 0.00069 (ideal 1) | mean moved 49.16676 +- 0.00063 (ideal 49.16667, diff +0.00009)
     chi2 cyc-type E 1536.6/1537 p=0.5, C 269.1/260 p=0.34 | fixE-hist 5.5/5 p=0.36, fixC-hist 4.9/5 p=0.43
     fixC hist (obs/ideal): 0:0.36764/0.36788, 1:0.36809/0.36788, 2:0.18395/0.18394, 3:0.06131/0.06131, 4:0.01531/0.01533
     per-slot 'position fixed': corners 0.04995..0.05011 (ideal 0.05000, 1-slot 95% hw 0.00015), edges 0.03320..0.03343 (ideal 0.03333) | max |z| 2.12 at slot 24, Bonferroni p 1; sum z^2 29.2/50 (chi2_50 p=0.99; slots not independent)
     per-slot 'fixed, orientation 0': corners 0.01660..0.01673 (ideal 0.01667, 1-slot 95% hw 0.00009), edges 0.01659..0.01673 (ideal 0.01667) | max |z| 1.69 at slot 43, Bonferroni p 1; sum z^2 33.2/50 (chi2_50 p=0.97; slots not independent)
  D1' right Delta = W(hg)W(h)^-1 n=8000000: exact prediction 0 [0.00e+00,3.74e-07] | P(fixE>=2) 0.26388 [0.26357,0.26418] adv -0.00036 | P(fixC>=2) 0.26410 [0.26379,0.26440] adv -0.00014
     mean fixE 0.99920 +- 0.00069, mean fixC 0.99995 +- 0.00069 (ideal 1) | mean moved 49.16719 +- 0.00063 (ideal 49.16667, diff +0.00052)
     chi2 cyc-type E 1537.0/1537 p=0.49, C 253.9/260 p=0.59 | fixE-hist 9.8/5 p=0.082, fixC-hist 2.6/5 p=0.77
     fixC hist (obs/ideal): 0:0.36786/0.36788, 1:0.36804/0.36788, 2:0.18378/0.18394, 3:0.06129/0.06131, 4:0.01534/0.01533
     per-slot 'position fixed': corners 0.04989..0.05014 (ideal 0.05000, 1-slot 95% hw 0.00015), edges 0.03317..0.03346 (ideal 0.03333) | max |z| 2.59 at slot 44, Bonferroni p 0.48; sum z^2 57.3/50 (chi2_50 p=0.22; slots not independent)
     per-slot 'fixed, orientation 0': corners 0.01655..0.01674 (ideal 0.01667, 1-slot 95% hw 0.00009), edges 0.01655..0.01675 (ideal 0.01667) | max |z| 2.49 at slot 16, Bonferroni p 0.64; sum z^2 58.8/50 (chi2_50 p=0.18; slots not independent)
  paired D1 - D1' (same deal, h, g): P(fixC>=2) diff +0.00017 +- 0.00043; mean moved diff -0.00043 +- 0.00089
wall time 3327 s, workers 4

real	55m28.366s
user	220m41.212s
sys	0m0.216s
