naming: the 48 non-King cards name 30/30 edges and 20/20 corners; 52 cards name 30 edges, 20 corners
mdw3_lib SBR26: fast == slow literal transliteration on 12/12 random blocks
mdw3_lib naming: the 48 non-King card steps name 30/30 edges and 20/20 corners (every pass)
mdw4_lib ZB0F1N0: fast == slow literal transliteration on 8/8 random blocks
mdw4_lib ZB0F2N0: fast == slow literal transliteration on 8/8 random blocks
mdw4_lib ZB3F2N0: fast == slow literal transliteration on 8/8 random blocks
mdw4_lib ZB3F3N0: fast == slow literal transliteration on 8/8 random blocks
mdw4_lib ZB3R3N0: fast == slow literal transliteration on 8/8 random blocks
mdw4_lib ZB3F2E9: fast == slow literal transliteration on 8/8 random blocks
mdw4_lib ZH3F0E9: fast == slow literal transliteration on 8/8 random blocks
mdw4_lib ZH0F0E5: fast == slow literal transliteration on 8/8 random blocks
mdw4_lib ZE3F0E9: fast == slow literal transliteration on 8/8 random blocks
mdw4_lib ZP3F0E9: fast == slow literal transliteration on 8/8 random blocks
mdw4_lib ZP3F0E13: fast == slow literal transliteration on 8/8 random blocks
mdw4_lib ZP0F0E9: fast == slow literal transliteration on 8/8 random blocks
mdw4_lib ZP0F0E26: fast == slow literal transliteration on 8/8 random blocks
mdw4_lib ZB3F1S9: fast == slow literal transliteration on 8/8 random blocks
mdw4_lib ZB0R2S8: fast == slow literal transliteration on 8/8 random blocks
mdw4_lib naming: the 48 non-King card steps name 30/30 edges and 20/20 corners (every block reads all 50)
mdw4_lib board register: the 60 states of the (Ace, n1) edge slot give each of the 12 colours 5 times
big ZP0F0E26: N=2000000, seeds 82000000+...; cost {'turns': 390, 'clicks': '442 + echo card clicks (m*k)', 'piece_finds': 156, 'slot_reads': 26, 'regrips': 0, 'solves': 3}
[5/20 chunks] cumulative n=500000  [405s]
  D1  left  Q = W(h)^-1 W(gh)   n=500000: exact prediction 0 [0.00e+00,5.99e-06] | P(fixE>=2) 0.26472 [0.26350,0.26594] adv +0.00048 | P(fixC>=2) 0.26393 [0.26271,0.26516] adv -0.00031
     mean fixE 1.00011 +- 0.00277, mean fixC 0.99857 +- 0.00277 (ideal 1) | mean moved 49.16737 +- 0.00253 (ideal 49.16667, diff +0.00070)
     chi2 cyc-type E 974.6/951 p=0.29, C 209.0/216 p=0.62 | fixE-hist 3.4/5 p=0.64, fixC-hist 3.6/5 p=0.6
     fixC hist (obs/ideal): 0:0.36905/0.36788, 1:0.36702/0.36788, 2:0.18362/0.18394, 3:0.06127/0.06131, 4:0.01532/0.01533
     per-slot 'position fixed': corners 0.04938..0.05047 (ideal 0.05000, 1-slot 95% hw 0.00060), edges 0.03294..0.03377 (ideal 0.03333) | max |z| 2.00 at slot 3, Bonferroni p 1; sum z^2 34.3/50 (chi2_50 p=0.96; slots not independent)
     per-slot 'fixed, orientation 0': corners 0.01634..0.01696 (ideal 0.01667, 1-slot 95% hw 0.00035), edges 0.01633..0.01690 (ideal 0.01667) | max |z| 1.85 at slot 26, Bonferroni p 1; sum z^2 40.5/50 (chi2_50 p=0.83; slots not independent)
  D1' right Delta = W(hg)W(h)^-1 n=500000: exact prediction 0 [0.00e+00,5.99e-06] | P(fixE>=2) 0.26418 [0.26296,0.26541] adv -0.00006 | P(fixC>=2) 0.26395 [0.26273,0.26517] adv -0.00029
     mean fixE 0.99885 +- 0.00277, mean fixC 0.99953 +- 0.00278 (ideal 1) | mean moved 49.16600 +- 0.00253 (ideal 49.16667, diff -0.00067)
     chi2 cyc-type E 844.1/951 p=0.99, C 234.2/216 p=0.19 | fixE-hist 3.8/5 p=0.57, fixC-hist 4.7/5 p=0.45
     fixC hist (obs/ideal): 0:0.36863/0.36788, 1:0.36742/0.36788, 2:0.18323/0.18394, 3:0.06169/0.06131, 4:0.01529/0.01533
     per-slot 'position fixed': corners 0.04956..0.05055 (ideal 0.05000, 1-slot 95% hw 0.00060), edges 0.03292..0.03390 (ideal 0.03333) | max |z| 2.22 at slot 20, Bonferroni p 1; sum z^2 45.6/50 (chi2_50 p=0.65; slots not independent)
     per-slot 'fixed, orientation 0': corners 0.01647..0.01702 (ideal 0.01667, 1-slot 95% hw 0.00035), edges 0.01632..0.01699 (ideal 0.01667) | max |z| 1.96 at slot 8, Bonferroni p 1; sum z^2 51.5/50 (chi2_50 p=0.41; slots not independent)
  paired D1 - D1' (same deal, h, g): P(fixC>=2) diff -0.00002 +- 0.00173; mean moved diff +0.00137 +- 0.00358
[10/20 chunks] cumulative n=1000000  [638s]
  D1  left  Q = W(h)^-1 W(gh)   n=1000000: exact prediction 0 [0.00e+00,3.00e-06] | P(fixE>=2) 0.26507 [0.26421,0.26594] adv +0.00083 | P(fixC>=2) 0.26391 [0.26305,0.26478] adv -0.00033
     mean fixE 1.00127 +- 0.00196, mean fixC 0.99926 +- 0.00196 (ideal 1) | mean moved 49.16582 +- 0.00179 (ideal 49.16667, diff -0.00085)
     chi2 cyc-type E 1180.9/1106 p=0.058, C 231.5/228 p=0.42 | fixE-hist 4.0/5 p=0.55, fixC-hist 1.1/5 p=0.95
     fixC hist (obs/ideal): 0:0.36812/0.36788, 1:0.36797/0.36788, 2:0.18361/0.18394, 3:0.06138/0.06131, 4:0.01528/0.01533
     per-slot 'position fixed': corners 0.04962..0.05047 (ideal 0.05000, 1-slot 95% hw 0.00043), edges 0.03309..0.03372 (ideal 0.03333) | max |z| 2.13 at slot 14, Bonferroni p 1; sum z^2 45.2/50 (chi2_50 p=0.67; slots not independent)
     per-slot 'fixed, orientation 0': corners 0.01642..0.01686 (ideal 0.01667, 1-slot 95% hw 0.00025), edges 0.01652..0.01692 (ideal 0.01667) | max |z| 1.98 at slot 33, Bonferroni p 1; sum z^2 36.7/50 (chi2_50 p=0.92; slots not independent)
  D1' right Delta = W(hg)W(h)^-1 n=1000000: exact prediction 0 [0.00e+00,3.00e-06] | P(fixE>=2) 0.26414 [0.26328,0.26501] adv -0.00010 | P(fixC>=2) 0.26449 [0.26363,0.26536] adv +0.00025
     mean fixE 1.00013 +- 0.00196, mean fixC 1.00036 +- 0.00196 (ideal 1) | mean moved 49.16515 +- 0.00179 (ideal 49.16667, diff -0.00151)
     chi2 cyc-type E 1059.0/1106 p=0.84, C 235.4/228 p=0.35 | fixE-hist 1.1/5 p=0.95, fixC-hist 1.4/5 p=0.93
     fixC hist (obs/ideal): 0:0.36802/0.36788, 1:0.36749/0.36788, 2:0.18399/0.18394, 3:0.06151/0.06131, 4:0.01530/0.01533
     per-slot 'position fixed': corners 0.04965..0.05047 (ideal 0.05000, 1-slot 95% hw 0.00043), edges 0.03299..0.03374 (ideal 0.03333) | max |z| 2.27 at slot 20, Bonferroni p 1; sum z^2 47.7/50 (chi2_50 p=0.57; slots not independent)
     per-slot 'fixed, orientation 0': corners 0.01647..0.01694 (ideal 0.01667, 1-slot 95% hw 0.00025), edges 0.01642..0.01690 (ideal 0.01667) | max |z| 2.14 at slot 16, Bonferroni p 1; sum z^2 49.9/50 (chi2_50 p=0.48; slots not independent)
  paired D1 - D1' (same deal, h, g): P(fixC>=2) diff -0.00058 +- 0.00122; mean moved diff +0.00067 +- 0.00253
[15/20 chunks] cumulative n=1500000  [865s]
  D1  left  Q = W(h)^-1 W(gh)   n=1500000: exact prediction 0 [0.00e+00,2.00e-06] | P(fixE>=2) 0.26492 [0.26422,0.26563] adv +0.00068 | P(fixC>=2) 0.26385 [0.26315,0.26456] adv -0.00039
     mean fixE 1.00088 +- 0.00160, mean fixC 0.99894 +- 0.00160 (ideal 1) | mean moved 49.16586 +- 0.00146 (ideal 49.16667, diff -0.00081)
     chi2 cyc-type E 1138.1/1169 p=0.74, C 224.8/235 p=0.67 | fixE-hist 5.9/5 p=0.31, fixC-hist 2.1/5 p=0.84
     fixC hist (obs/ideal): 0:0.36821/0.36788, 1:0.36794/0.36788, 2:0.18369/0.18394, 3:0.06129/0.06131, 4:0.01524/0.01533
     per-slot 'position fixed': corners 0.04971..0.05044 (ideal 0.05000, 1-slot 95% hw 0.00035), edges 0.03306..0.03369 (ideal 0.03333) | max |z| 2.48 at slot 13, Bonferroni p 0.66; sum z^2 63.6/50 (chi2_50 p=0.093; slots not independent)
     per-slot 'fixed, orientation 0': corners 0.01650..0.01687 (ideal 0.01667, 1-slot 95% hw 0.00020), edges 0.01649..0.01694 (ideal 0.01667) | max |z| 2.64 at slot 33, Bonferroni p 0.41; sum z^2 43.0/50 (chi2_50 p=0.75; slots not independent)
  D1' right Delta = W(hg)W(h)^-1 n=1500000: exact prediction 0 [0.00e+00,2.00e-06] | P(fixE>=2) 0.26409 [0.26339,0.26480] adv -0.00015 | P(fixC>=2) 0.26491 [0.26421,0.26562] adv +0.00067
     mean fixE 0.99997 +- 0.00160, mean fixC 1.00106 +- 0.00160 (ideal 1) | mean moved 49.16478 +- 0.00146 (ideal 49.16667, diff -0.00188)
     chi2 cyc-type E 1094.4/1169 p=0.94, C 212.6/235 p=0.85 | fixE-hist 3.0/5 p=0.71, fixC-hist 4.3/5 p=0.5
     fixC hist (obs/ideal): 0:0.36781/0.36788, 1:0.36728/0.36788, 2:0.18442/0.18394, 3:0.06145/0.06131, 4:0.01536/0.01533
     per-slot 'position fixed': corners 0.04972..0.05032 (ideal 0.05000, 1-slot 95% hw 0.00035), edges 0.03308..0.03363 (ideal 0.03333) | max |z| 2.04 at slot 37, Bonferroni p 1; sum z^2 51.5/50 (chi2_50 p=0.42; slots not independent)
     per-slot 'fixed, orientation 0': corners 0.01644..0.01689 (ideal 0.01667, 1-slot 95% hw 0.00020), edges 0.01654..0.01689 (ideal 0.01667) | max |z| 2.12 at slot 11, Bonferroni p 1; sum z^2 50.5/50 (chi2_50 p=0.45; slots not independent)
  paired D1 - D1' (same deal, h, g): P(fixC>=2) diff -0.00106 +- 0.00100; mean moved diff +0.00108 +- 0.00207
[20/20 chunks] cumulative n=2000000  [1079s]
  D1  left  Q = W(h)^-1 W(gh)   n=2000000: exact prediction 0 [0.00e+00,1.50e-06] | P(fixE>=2) 0.26463 [0.26402,0.26524] adv +0.00039 | P(fixC>=2) 0.26402 [0.26341,0.26463] adv -0.00022
     mean fixE 1.00059 +- 0.00139, mean fixC 0.99914 +- 0.00139 (ideal 1) | mean moved 49.16570 +- 0.00127 (ideal 49.16667, diff -0.00096)
     chi2 cyc-type E 1191.0/1225 p=0.75, C 228.8/237 p=0.64 | fixE-hist 3.3/5 p=0.65, fixC-hist 2.7/5 p=0.74
     fixC hist (obs/ideal): 0:0.36833/0.36788, 1:0.36765/0.36788, 2:0.18380/0.18394, 3:0.06126/0.06131, 4:0.01534/0.01533
     per-slot 'position fixed': corners 0.04966..0.05045 (ideal 0.05000, 1-slot 95% hw 0.00030), edges 0.03312..0.03364 (ideal 0.03333) | max |z| 2.92 at slot 13, Bonferroni p 0.18; sum z^2 60.0/50 (chi2_50 p=0.16; slots not independent)
     per-slot 'fixed, orientation 0': corners 0.01651..0.01682 (ideal 0.01667, 1-slot 95% hw 0.00018), edges 0.01656..0.01687 (ideal 0.01667) | max |z| 2.26 at slot 36, Bonferroni p 1; sum z^2 39.3/50 (chi2_50 p=0.86; slots not independent)
  D1' right Delta = W(hg)W(h)^-1 n=2000000: exact prediction 0 [0.00e+00,1.50e-06] | P(fixE>=2) 0.26414 [0.26353,0.26475] adv -0.00010 | P(fixC>=2) 0.26472 [0.26411,0.26534] adv +0.00048
     mean fixE 1.00025 +- 0.00139, mean fixC 1.00076 +- 0.00139 (ideal 1) | mean moved 49.16519 +- 0.00127 (ideal 49.16667, diff -0.00147)
     chi2 cyc-type E 1170.7/1225 p=0.86, C 211.1/237 p=0.89 | fixE-hist 8.3/5 p=0.14, fixC-hist 5.2/5 p=0.39
     fixC hist (obs/ideal): 0:0.36780/0.36788, 1:0.36748/0.36788, 2:0.18437/0.18394, 3:0.06130/0.06131, 4:0.01532/0.01533
     per-slot 'position fixed': corners 0.04975..0.05037 (ideal 0.05000, 1-slot 95% hw 0.00030), edges 0.03313..0.03361 (ideal 0.03333) | max |z| 2.39 at slot 2, Bonferroni p 0.85; sum z^2 53.4/50 (chi2_50 p=0.35; slots not independent)
     per-slot 'fixed, orientation 0': corners 0.01654..0.01688 (ideal 0.01667, 1-slot 95% hw 0.00018), edges 0.01654..0.01685 (ideal 0.01667) | max |z| 2.32 at slot 2, Bonferroni p 1; sum z^2 47.7/50 (chi2_50 p=0.57; slots not independent)
  paired D1 - D1' (same deal, h, g): P(fixC>=2) diff -0.00070 +- 0.00086; mean moved diff +0.00051 +- 0.00179
wall time 1080 s, workers 4

real	18m1.546s
user	69m47.455s
sys	0m0.280s
