naming: the 48 non-King cards name 30/30 edges and 20/20 corners; 52 cards name 30 edges, 20 corners
mdw3_lib SBR26: fast == slow literal transliteration on 12/12 random blocks
mdw3_lib naming: the 48 non-King card steps name 30/30 edges and 20/20 corners (every pass)
mdw4_lib ZB0F1N0: fast == slow literal transliteration on 8/8 random blocks
mdw4_lib ZB0F2N0: fast == slow literal transliteration on 8/8 random blocks
mdw4_lib ZB3F2N0: fast == slow literal transliteration on 8/8 random blocks
mdw4_lib ZB3F3N0: fast == slow literal transliteration on 8/8 random blocks
mdw4_lib ZB3R3N0: fast == slow literal transliteration on 8/8 random blocks
mdw4_lib ZB3F2E9: fast == slow literal transliteration on 8/8 random blocks
mdw4_lib ZH3F0E9: fast == slow literal transliteration on 8/8 random blocks
mdw4_lib ZH0F0E5: fast == slow literal transliteration on 8/8 random blocks
mdw4_lib ZE3F0E9: fast == slow literal transliteration on 8/8 random blocks
mdw4_lib ZP3F0E9: fast == slow literal transliteration on 8/8 random blocks
mdw4_lib ZP3F0E13: fast == slow literal transliteration on 8/8 random blocks
mdw4_lib ZP0F0E9: fast == slow literal transliteration on 8/8 random blocks
mdw4_lib ZP0F0E26: fast == slow literal transliteration on 8/8 random blocks
mdw4_lib ZB3F1S9: fast == slow literal transliteration on 8/8 random blocks
mdw4_lib ZB0R2S8: fast == slow literal transliteration on 8/8 random blocks
mdw4_lib naming: the 48 non-King card steps name 30/30 edges and 20/20 corners (every block reads all 50)
mdw4_lib board register: the 60 states of the (Ace, n1) edge slot give each of the 12 colours 5 times
merge ZP0F0E26: N=25000, seeds 80100000+...; cost {'turns': 390, 'clicks': '442 + echo card clicks (m*k)', 'piece_finds': 156, 'slot_reads': 26, 'regrips': 0, 'solves': 3}
  merge ZP0F0E26 IV   swap at  1: mean differing slots 49.1683, P(<=46) 0.01064 (ideal 0.01042), state equal right after the pair 0, collisions 0  [12s]
  merge ZP0F0E26 IV   swap at  2: mean differing slots 49.1631, P(<=46) 0.01132 (ideal 0.01042), state equal right after the pair 0, collisions 0  [14s]
  merge ZP0F0E26 IV   swap at 13: mean differing slots 49.1729, P(<=46) 0.01028 (ideal 0.01042), state equal right after the pair 0, collisions 0  [11s]
  merge ZP0F0E26 IV   swap at 26: mean differing slots 49.1665, P(<=46) 0.00948 (ideal 0.01042), state equal right after the pair 0, collisions 0  [13s]
  merge ZP0F0E26 IV   swap at 27: mean differing slots 49.1637, P(<=46) 0.01108 (ideal 0.01042), state equal right after the pair 0, collisions 0  [15s]
  merge ZP0F0E26 IV   swap at 39: mean differing slots 49.1638, P(<=46) 0.01004 (ideal 0.01042), state equal right after the pair 0, collisions 0  [12s]
  merge ZP0F0E26 IV   swap at 50: mean differing slots 49.1644, P(<=46) 0.01076 (ideal 0.01042), state equal right after the pair 0, collisions 0  [15s]
  merge ZP0F0E26 IV   swap at 51: mean differing slots 49.1689, P(<=46) 0.01048 (ideal 0.01042), state equal right after the pair 0, collisions 0  [15s]
  merge ZP0F0E26 rand swap at  1: mean differing slots 49.1650, P(<=46) 0.01056 (ideal 0.01042), state equal right after the pair 0, collisions 0  [9s]
  merge ZP0F0E26 rand swap at  2: mean differing slots 49.1643, P(<=46) 0.00980 (ideal 0.01042), state equal right after the pair 0, collisions 0  [9s]
  merge ZP0F0E26 rand swap at 13: mean differing slots 49.1668, P(<=46) 0.01072 (ideal 0.01042), state equal right after the pair 0, collisions 0  [10s]
  merge ZP0F0E26 rand swap at 26: mean differing slots 49.1654, P(<=46) 0.01088 (ideal 0.01042), state equal right after the pair 0, collisions 0  [11s]
  merge ZP0F0E26 rand swap at 27: mean differing slots 49.1736, P(<=46) 0.01116 (ideal 0.01042), state equal right after the pair 0, collisions 0  [11s]
  merge ZP0F0E26 rand swap at 39: mean differing slots 49.1572, P(<=46) 0.00964 (ideal 0.01042), state equal right after the pair 0, collisions 0  [12s]
  merge ZP0F0E26 rand swap at 50: mean differing slots 49.1650, P(<=46) 0.01088 (ideal 0.01042), state equal right after the pair 0, collisions 0  [14s]
  merge ZP0F0E26 rand swap at 51: mean differing slots 49.1702, P(<=46) 0.01008 (ideal 0.01042), state equal right after the pair 0, collisions 0  [17s]
merge ZP0F0E26: 400000 adjacent-swap pairs (8 positions [1, 2, 13, 26, 27, 39, 50, 51] x IV/uniform x 25000); state equal right after the swapped pair 0; output collisions 0; 0-hit 95% bound per pair 7.49e-06; hits []
  IV   differing output slots: mean 49.1665 (ideal 49.1667); [0-40] 0.00000 (ideal 0.00000); [41-44] 0.00024 (ideal 0.00023); [45-46] 0.01027 (ideal 0.01019); [47-47] 0.04242 (ideal 0.04192); [48-48] 0.15114 (ideal 0.15090); [49-49] 0.36012 (ideal 0.36217); [50-50] 0.43581 (ideal 0.43460)
  rand differing output slots: mean 49.1659 (ideal 49.1667); [0-40] 0.00000 (ideal 0.00000); [41-44] 0.00030 (ideal 0.00023); [45-46] 0.01017 (ideal 0.01019); [47-47] 0.04124 (ideal 0.04192); [48-48] 0.15151 (ideal 0.15090); [49-49] 0.36358 (ideal 0.36217); [50-50] 0.43321 (ideal 0.43460)
wall time 202 s, workers 4

real	3m24.914s
user	11m22.167s
sys	0m0.638s
