naming: the 48 non-King cards name 30/30 edges and 20/20 corners; 52 cards name 30 edges, 20 corners
mdw3_lib SBR26: fast == slow literal transliteration on 12/12 random blocks
mdw3_lib naming: the 48 non-King card steps name 30/30 edges and 20/20 corners (every pass)
mdw4_lib ZB0F1N0: fast == slow literal transliteration on 8/8 random blocks
mdw4_lib ZB0F2N0: fast == slow literal transliteration on 8/8 random blocks
mdw4_lib ZB3F2N0: fast == slow literal transliteration on 8/8 random blocks
mdw4_lib ZB3F3N0: fast == slow literal transliteration on 8/8 random blocks
mdw4_lib ZB3R3N0: fast == slow literal transliteration on 8/8 random blocks
mdw4_lib ZB3F2E9: fast == slow literal transliteration on 8/8 random blocks
mdw4_lib ZH3F0E9: fast == slow literal transliteration on 8/8 random blocks
mdw4_lib ZH0F0E5: fast == slow literal transliteration on 8/8 random blocks
mdw4_lib ZE3F0E9: fast == slow literal transliteration on 8/8 random blocks
mdw4_lib ZP3F0E9: fast == slow literal transliteration on 8/8 random blocks
mdw4_lib ZP3F0E13: fast == slow literal transliteration on 8/8 random blocks
mdw4_lib ZP0F0E9: fast == slow literal transliteration on 8/8 random blocks
mdw4_lib ZP0F0E26: fast == slow literal transliteration on 8/8 random blocks
mdw4_lib ZB3F1S9: fast == slow literal transliteration on 8/8 random blocks
mdw4_lib ZB0R2S8: fast == slow literal transliteration on 8/8 random blocks
mdw4_lib naming: the 48 non-King card steps name 30/30 edges and 20/20 corners (every block reads all 50)
mdw4_lib board register: the 60 states of the (Ace, n1) edge slot give each of the 12 colours 5 times
big ZP3F0E13: N=2000000, seeds 74000000+...; cost {'turns': 390, 'clicks': '455 + echo card clicks (m*k)', 'piece_finds': 130, 'slot_reads': 13, 'regrips': 0, 'solves': 3}
[5/20 chunks] cumulative n=500000  [402s]
  D1  left  Q = W(h)^-1 W(gh)   n=500000: exact prediction 0 [0.00e+00,5.99e-06] | P(fixE>=2) 0.26404 [0.26282,0.26526] adv -0.00020 | P(fixC>=2) 0.26436 [0.26314,0.26558] adv +0.00011
     mean fixE 1.00015 +- 0.00277, mean fixC 0.99962 +- 0.00277 (ideal 1) | mean moved 49.16706 +- 0.00253 (ideal 49.16667, diff +0.00039)
     chi2 cyc-type E 954.6/951 p=0.46, C 229.6/216 p=0.25 | fixE-hist 2.7/5 p=0.75, fixC-hist 1.7/5 p=0.88
     fixC hist (obs/ideal): 0:0.36856/0.36788, 1:0.36708/0.36788, 2:0.18388/0.18394, 3:0.06146/0.06131, 4:0.01535/0.01533
     per-slot 'position fixed': corners 0.04933..0.05043 (ideal 0.05000, 1-slot 95% hw 0.00060), edges 0.03296..0.03375 (ideal 0.03333) | max |z| 2.18 at slot 9, Bonferroni p 1; sum z^2 41.1/50 (chi2_50 p=0.81; slots not independent)
     per-slot 'fixed, orientation 0': corners 0.01642..0.01688 (ideal 0.01667, 1-slot 95% hw 0.00035), edges 0.01635..0.01702 (ideal 0.01667) | max |z| 1.97 at slot 48, Bonferroni p 1; sum z^2 38.2/50 (chi2_50 p=0.89; slots not independent)
  D1' right Delta = W(hg)W(h)^-1 n=500000: exact prediction 0 [0.00e+00,5.99e-06] | P(fixE>=2) 0.26507 [0.26385,0.26630] adv +0.00083 | P(fixC>=2) 0.26391 [0.26269,0.26513] adv -0.00034
     mean fixE 1.00239 +- 0.00277, mean fixC 0.99808 +- 0.00277 (ideal 1) | mean moved 49.16572 +- 0.00253 (ideal 49.16667, diff -0.00094)
     chi2 cyc-type E 905.9/951 p=0.85, C 218.1/216 p=0.45 | fixE-hist 3.2/5 p=0.68, fixC-hist 8.2/5 p=0.15
     fixC hist (obs/ideal): 0:0.36963/0.36788, 1:0.36646/0.36788, 2:0.18341/0.18394, 3:0.06154/0.06131, 4:0.01528/0.01533
     per-slot 'position fixed': corners 0.04930..0.05050 (ideal 0.05000, 1-slot 95% hw 0.00060), edges 0.03296..0.03392 (ideal 0.03333) | max |z| 2.32 at slot 48, Bonferroni p 1; sum z^2 54.7/50 (chi2_50 p=0.3; slots not independent)
     per-slot 'fixed, orientation 0': corners 0.01632..0.01708 (ideal 0.01667, 1-slot 95% hw 0.00035), edges 0.01635..0.01704 (ideal 0.01667) | max |z| 2.28 at slot 3, Bonferroni p 1; sum z^2 44.9/50 (chi2_50 p=0.68; slots not independent)
  paired D1 - D1' (same deal, h, g): P(fixC>=2) diff +0.00045 +- 0.00173; mean moved diff +0.00134 +- 0.00357
[10/20 chunks] cumulative n=1000000  [603s]
  D1  left  Q = W(h)^-1 W(gh)   n=1000000: exact prediction 0 [0.00e+00,3.00e-06] | P(fixE>=2) 0.26458 [0.26371,0.26544] adv +0.00033 | P(fixC>=2) 0.26462 [0.26376,0.26549] adv +0.00038
     mean fixE 1.00073 +- 0.00196, mean fixC 0.99965 +- 0.00196 (ideal 1) | mean moved 49.16635 +- 0.00179 (ideal 49.16667, diff -0.00031)
     chi2 cyc-type E 1054.6/1106 p=0.86, C 217.0/228 p=0.69 | fixE-hist 2.9/5 p=0.72, fixC-hist 4.5/5 p=0.48
     fixC hist (obs/ideal): 0:0.36831/0.36788, 1:0.36706/0.36788, 2:0.18448/0.18394, 3:0.06126/0.06131, 4:0.01527/0.01533
     per-slot 'position fixed': corners 0.04932..0.05041 (ideal 0.05000, 1-slot 95% hw 0.00043), edges 0.03307..0.03360 (ideal 0.03333) | max |z| 3.13 at slot 9, Bonferroni p 0.088; sum z^2 47.2/50 (chi2_50 p=0.59; slots not independent)
     per-slot 'fixed, orientation 0': corners 0.01643..0.01686 (ideal 0.01667, 1-slot 95% hw 0.00025), edges 0.01644..0.01696 (ideal 0.01667) | max |z| 2.28 at slot 44, Bonferroni p 1; sum z^2 51.5/50 (chi2_50 p=0.41; slots not independent)
  D1' right Delta = W(hg)W(h)^-1 n=1000000: exact prediction 0 [0.00e+00,3.00e-06] | P(fixE>=2) 0.26499 [0.26413,0.26586] adv +0.00075 | P(fixC>=2) 0.26403 [0.26316,0.26489] adv -0.00022
     mean fixE 1.00157 +- 0.00196, mean fixC 0.99847 +- 0.00196 (ideal 1) | mean moved 49.16693 +- 0.00179 (ideal 49.16667, diff +0.00026)
     chi2 cyc-type E 1144.2/1106 p=0.21, C 215.7/228 p=0.71 | fixE-hist 3.7/5 p=0.59, fixC-hist 6.4/5 p=0.27
     fixC hist (obs/ideal): 0:0.36879/0.36788, 1:0.36718/0.36788, 2:0.18383/0.18394, 3:0.06142/0.06131, 4:0.01517/0.01533
     per-slot 'position fixed': corners 0.04936..0.05036 (ideal 0.05000, 1-slot 95% hw 0.00043), edges 0.03306..0.03377 (ideal 0.03333) | max |z| 2.95 at slot 12, Bonferroni p 0.16; sum z^2 73.5/50 (chi2_50 p=0.017; slots not independent)
     per-slot 'fixed, orientation 0': corners 0.01630..0.01700 (ideal 0.01667, 1-slot 95% hw 0.00025), edges 0.01646..0.01703 (ideal 0.01667) | max |z| 2.89 at slot 12, Bonferroni p 0.19; sum z^2 70.6/50 (chi2_50 p=0.029; slots not independent)
  paired D1 - D1' (same deal, h, g): P(fixC>=2) diff +0.00060 +- 0.00122; mean moved diff -0.00058 +- 0.00253
[15/20 chunks] cumulative n=1500000  [795s]
  D1  left  Q = W(h)^-1 W(gh)   n=1500000: exact prediction 0 [0.00e+00,2.00e-06] | P(fixE>=2) 0.26420 [0.26350,0.26491] adv -0.00004 | P(fixC>=2) 0.26444 [0.26374,0.26515] adv +0.00020
     mean fixE 0.99966 +- 0.00160, mean fixC 0.99971 +- 0.00160 (ideal 1) | mean moved 49.16700 +- 0.00146 (ideal 49.16667, diff +0.00034)
     chi2 cyc-type E 1057.0/1169 p=0.99, C 213.7/235 p=0.84 | fixE-hist 1.5/5 p=0.91, fixC-hist 3.1/5 p=0.69
     fixC hist (obs/ideal): 0:0.36816/0.36788, 1:0.36740/0.36788, 2:0.18432/0.18394, 3:0.06118/0.06131, 4:0.01529/0.01533
     per-slot 'position fixed': corners 0.04959..0.05027 (ideal 0.05000, 1-slot 95% hw 0.00035), edges 0.03312..0.03355 (ideal 0.03333) | max |z| 2.29 at slot 9, Bonferroni p 1; sum z^2 39.8/50 (chi2_50 p=0.85; slots not independent)
     per-slot 'fixed, orientation 0': corners 0.01654..0.01685 (ideal 0.01667, 1-slot 95% hw 0.00020), edges 0.01645..0.01680 (ideal 0.01667) | max |z| 2.10 at slot 42, Bonferroni p 1; sum z^2 35.3/50 (chi2_50 p=0.94; slots not independent)
  D1' right Delta = W(hg)W(h)^-1 n=1500000: exact prediction 0 [0.00e+00,2.00e-06] | P(fixE>=2) 0.26477 [0.26406,0.26547] adv +0.00052 | P(fixC>=2) 0.26414 [0.26343,0.26484] adv -0.00011
     mean fixE 1.00093 +- 0.00160, mean fixC 0.99900 +- 0.00160 (ideal 1) | mean moved 49.16669 +- 0.00146 (ideal 49.16667, diff +0.00002)
     chi2 cyc-type E 1231.6/1169 p=0.099, C 218.0/235 p=0.78 | fixE-hist 3.4/5 p=0.64, fixC-hist 7.0/5 p=0.22
     fixC hist (obs/ideal): 0:0.36855/0.36788, 1:0.36732/0.36788, 2:0.18383/0.18394, 3:0.06151/0.06131, 4:0.01517/0.01533
     per-slot 'position fixed': corners 0.04953..0.05031 (ideal 0.05000, 1-slot 95% hw 0.00035), edges 0.03314..0.03370 (ideal 0.03333) | max |z| 2.61 at slot 13, Bonferroni p 0.45; sum z^2 55.0/50 (chi2_50 p=0.29; slots not independent)
     per-slot 'fixed, orientation 0': corners 0.01640..0.01685 (ideal 0.01667, 1-slot 95% hw 0.00020), edges 0.01649..0.01695 (ideal 0.01667) | max |z| 2.72 at slot 32, Bonferroni p 0.33; sum z^2 47.1/50 (chi2_50 p=0.59; slots not independent)
  paired D1 - D1' (same deal, h, g): P(fixC>=2) diff +0.00031 +- 0.00100; mean moved diff +0.00031 +- 0.00206
[20/20 chunks] cumulative n=2000000  [994s]
  D1  left  Q = W(h)^-1 W(gh)   n=2000000: exact prediction 0 [0.00e+00,1.50e-06] | P(fixE>=2) 0.26405 [0.26344,0.26466] adv -0.00019 | P(fixC>=2) 0.26454 [0.26393,0.26515] adv +0.00030
     mean fixE 0.99913 +- 0.00139, mean fixC 1.00009 +- 0.00139 (ideal 1) | mean moved 49.16704 +- 0.00126 (ideal 49.16667, diff +0.00037)
     chi2 cyc-type E 1116.3/1225 p=0.99, C 214.2/237 p=0.85 | fixE-hist 3.3/5 p=0.66, fixC-hist 3.7/5 p=0.59
     fixC hist (obs/ideal): 0:0.36789/0.36788, 1:0.36757/0.36788, 2:0.18441/0.18394, 3:0.06116/0.06131, 4:0.01532/0.01533
     per-slot 'position fixed': corners 0.04962..0.05023 (ideal 0.05000, 1-slot 95% hw 0.00030), edges 0.03308..0.03345 (ideal 0.03333) | max |z| 2.46 at slot 9, Bonferroni p 0.7; sum z^2 38.6/50 (chi2_50 p=0.88; slots not independent)
     per-slot 'fixed, orientation 0': corners 0.01653..0.01686 (ideal 0.01667, 1-slot 95% hw 0.00018), edges 0.01650..0.01681 (ideal 0.01667) | max |z| 2.12 at slot 17, Bonferroni p 1; sum z^2 40.5/50 (chi2_50 p=0.83; slots not independent)
  D1' right Delta = W(hg)W(h)^-1 n=2000000: exact prediction 0 [0.00e+00,1.50e-06] | P(fixE>=2) 0.26446 [0.26385,0.26507] adv +0.00022 | P(fixC>=2) 0.26435 [0.26374,0.26496] adv +0.00011
     mean fixE 1.00050 +- 0.00139, mean fixC 0.99967 +- 0.00139 (ideal 1) | mean moved 49.16669 +- 0.00127 (ideal 49.16667, diff +0.00003)
     chi2 cyc-type E 1218.5/1225 p=0.55, C 236.3/237 p=0.5 | fixE-hist 1.0/5 p=0.97, fixC-hist 5.4/5 p=0.37
     fixC hist (obs/ideal): 0:0.36821/0.36788, 1:0.36744/0.36788, 2:0.18396/0.18394, 3:0.06154/0.06131, 4:0.01521/0.01533
     per-slot 'position fixed': corners 0.04953..0.05035 (ideal 0.05000, 1-slot 95% hw 0.00030), edges 0.03305..0.03354 (ideal 0.03333) | max |z| 3.02 at slot 13, Bonferroni p 0.12; sum z^2 60.0/50 (chi2_50 p=0.16; slots not independent)
     per-slot 'fixed, orientation 0': corners 0.01646..0.01684 (ideal 0.01667, 1-slot 95% hw 0.00018), edges 0.01648..0.01688 (ideal 0.01667) | max |z| 2.39 at slot 32, Bonferroni p 0.84; sum z^2 51.1/50 (chi2_50 p=0.43; slots not independent)
  paired D1 - D1' (same deal, h, g): P(fixC>=2) diff +0.00019 +- 0.00086; mean moved diff +0.00034 +- 0.00179
wall time 994 s, workers 4

real	16m37.196s
user	65m9.015s
sys	0m0.335s
