tables: Em.lean face turns, 60 rotations, neighbours, opposites and corner faces == ../tables.py (v1 sudo): yes
fast engine C36 vs v2 KATs: 8/8 Hash digests, HashDeck vector, IV-COOK12 digest and |G|: OK
slow reference (m9_search, Em.lean transliteration) vs v2 KATs: 8/8 Hash digests: OK
fast engine C36 vs slow reference: 10/10 random (uniform h, random deal) blocks with identical E_m and grip sequence
fast engine A_vn vs slow reference: 10/10 random (uniform h, random deal) blocks with identical E_m and grip sequence
fast engine C76 vs slow reference: 10/10 random (uniform h, random deal) blocks with identical E_m and grip sequence
fast engine A vs slow reference: 10/10 random (uniform h, random deal) blocks with identical E_m and grip sequence
Hash('') and Hash('abc') prefixes of rules A_vn, C36, A == the review engine md3.py (its out/md3_selfcheck.txt): yes
mdfix_lib: Ct(36)==C36, Ct(76)==C76 (200 blocks), fast==slow ref for t in 36,76,0,12, inv_st==md.inverse, sweep tour covers 50 slots, 60 turn pairs (c1,c2) distinct: OK
mdw_lib CF24: fast == slow literal transliteration on 12/12 random blocks
mdw_lib NP24: fast == slow literal transliteration on 12/12 random blocks
mdw_lib NPL24: fast == slow literal transliteration on 12/12 random blocks
mdw_lib NPr13: fast == slow literal transliteration on 12/12 random blocks
mdw_lib NRr0: fast == slow literal transliteration on 12/12 random blocks
mdw_lib NRr52: fast == slow literal transliteration on 12/12 random blocks
naming: the 48 non-King cards name 30/30 edges and 20/20 corners; 52 cards name 30 edges, 20 corners
read->turn encodings: for every piece and ordered pair of its colours, the 60 piece states give 60 distinct two-turn words (NP) and the first turn alone takes all 12 faces, 5 states each (NPL): OK
NP    n=200000: card-phase positions equal after swapping cards 51,52: 126 (6.30e-04, 95% CI [5.3e-04,7.5e-04]); register also equal 63; by pair class {'different rank': 126}; 11765 of the pairs are expected to be same-rank  [31s]
NPch  n=200000: card-phase positions equal after swapping cards 51,52: 68 (3.40e-04, 95% CI [2.7e-04,4.3e-04]); register also equal 68; by pair class {'different rank': 68}; 11765 of the pairs are expected to be same-rank  [35s]
NS    n=200000: card-phase positions equal after swapping cards 51,52: 10 (5.00e-05, 95% CI [2.7e-05,9.2e-05]); register also equal 9; by pair class {'different rank': 10}; 11765 of the pairs are expected to be same-rank  [29s]
NR    n=200000: card-phase positions equal after swapping cards 51,52: 0 (0.00e+00, 95% CI [0.0e+00,1.5e-05]); register also equal 0; by pair class {}; 11765 of the pairs are expected to be same-rank  [29s]
  NP merge example 1: cards KD, AD; turns (face, clicks) in order ab: [(0, 1), (9, 1), (10, 1), (8, 1), (7, 1), (0, 4), (11, 1), (9, 1), (2, 1), (8, 1)]; order ba: [(0, 4), (9, 1), (10, 1), (8, 1), (7, 1), (0, 1), (11, 1), (9, 1), (2, 1), (8, 1)]
  NP merge example 2: cards KH, AH; turns (face, clicks) in order ab: [(0, 3), (10, 1), (9, 1), (7, 1), (8, 1), (0, 2), (4, 1), (10, 1), (11, 1), (7, 1)]; order ba: [(0, 2), (10, 1), (9, 1), (7, 1), (8, 1), (0, 3), (4, 1), (10, 1), (11, 1), (7, 1)]
  NP merge example 3: cards JD, 3H; turns (face, clicks) in order ab: [(10, 4), (11, 1), (10, 1), (11, 1), (9, 1), (2, 2), (0, 1), (1, 1), (2, 1), (1, 1)]; order ba: [(2, 2), (0, 1), (1, 1), (2, 1), (1, 1), (10, 4), (11, 1), (10, 1), (11, 1), (9, 1)]
  NP merge example 4: cards 9S, AH; turns (face, clicks) in order ab: [(8, 3), (7, 1), (8, 1), (8, 1), (11, 1), (0, 2), (4, 1), (5, 1), (5, 1), (4, 1)]; order ba: [(0, 2), (4, 1), (5, 1), (5, 1), (4, 1), (8, 3), (7, 1), (8, 1), (8, 1), (11, 1)]
wall time 125 s, workers 4

real	2m5.295s
user	8m5.364s
sys	0m0.096s
