tables: Em.lean face turns, 60 rotations, neighbours, opposites and corner faces == ../tables.py (v1 sudo): yes
fast engine C36 vs v2 KATs: 8/8 Hash digests, HashDeck vector, IV-COOK12 digest and |G|: OK
slow reference (m9_search, Em.lean transliteration) vs v2 KATs: 8/8 Hash digests: OK
fast engine C36 vs slow reference: 10/10 random (uniform h, random deal) blocks with identical E_m and grip sequence
fast engine A_vn vs slow reference: 10/10 random (uniform h, random deal) blocks with identical E_m and grip sequence
fast engine C76 vs slow reference: 10/10 random (uniform h, random deal) blocks with identical E_m and grip sequence
fast engine A vs slow reference: 10/10 random (uniform h, random deal) blocks with identical E_m and grip sequence
Hash('') and Hash('abc') prefixes of rules A_vn, C36, A == the review engine md3.py (its out/md3_selfcheck.txt): yes
mdfix_lib: Ct(36)==C36, Ct(76)==C76 (200 blocks), fast==slow ref for t in 36,76,0,12, inv_st==md.inverse, sweep tour covers 50 slots, 60 turn pairs (c1,c2) distinct: OK
mdw_lib CF24: fast == slow literal transliteration on 12/12 random blocks
mdw_lib NP24: fast == slow literal transliteration on 12/12 random blocks
mdw_lib NPL24: fast == slow literal transliteration on 12/12 random blocks
mdw_lib NPr13: fast == slow literal transliteration on 12/12 random blocks
mdw_lib NRr0: fast == slow literal transliteration on 12/12 random blocks
mdw_lib NRr52: fast == slow literal transliteration on 12/12 random blocks
naming: the 48 non-King cards name 30/30 edges and 20/20 corners; 52 cards name 30 edges, 20 corners
read->turn encodings: for every piece and ordered pair of its colours, the 60 piece states give 60 distinct two-turn words (NP) and the first turn alone takes all 12 faces, 5 states each (NPL): OK
D2 scan 3, register rule NRr (seeds 31_000_000 + 100_000*kind + 1000*t + 700 + chunk)
D2 NRr0     n= 100000  P(fixE>=2) 0.9239 [0.9223,0.9255] adv +0.6597 | P(fixC>=2) 0.6900 [0.6871,0.6929] adv +0.4258 | mean fixE 5.6481, fixC 2.6141 (ideal 1 +-0.0062) | mean moved 42.8792 +- 0.0303 (ideal 49.1667, diff -6.2875) | chi2 cyc-type E 895146.7/508 p=0, C 454936.1/172 p=0 | chi2 fixE-hist p=0, fixC-hist p=0  [17s]
D2 NRr13    n= 200000  P(fixE>=2) 0.2706 [0.2687,0.2726] adv +0.0064 | P(fixC>=2) 0.2635 [0.2616,0.2654] adv -0.0008 | mean fixE 1.0181, fixC 0.9992 (ideal 1 +-0.0044) | mean moved 49.1564 +- 0.0040 (ideal 49.1667, diff -0.0102) | chi2 cyc-type E 766.7/673 p=0.0069, C 199.4/196 p=0.42 | chi2 fixE-hist p=7.9e-13, fixC-hist p=0.32  [42s]
D2 NRr26    n= 200000  P(fixE>=2) 0.2655 [0.2635,0.2674] adv +0.0012 | P(fixC>=2) 0.2641 [0.2622,0.2661] adv -0.0001 | mean fixE 1.0008, fixC 1.0007 (ideal 1 +-0.0044) | mean moved 49.1661 +- 0.0040 (ideal 49.1667, diff -0.0005) | chi2 cyc-type E 648.7/673 p=0.74, C 186.9/196 p=0.67 | chi2 fixE-hist p=0.095, fixC-hist p=0.13  [49s]
D2 NRr39    n= 200000  P(fixE>=2) 0.2639 [0.2620,0.2659] adv -0.0003 | P(fixC>=2) 0.2668 [0.2648,0.2687] adv +0.0025 | mean fixE 0.9991, fixC 1.0060 (ideal 1 +-0.0044) | mean moved 49.1658 +- 0.0040 (ideal 49.1667, diff -0.0009) | chi2 cyc-type E 698.2/673 p=0.24, C 187.8/196 p=0.65 | chi2 fixE-hist p=0.35, fixC-hist p=0.015  [57s]
D2 NRr52    n= 200000  P(fixE>=2) 0.2648 [0.2628,0.2667] adv +0.0005 | P(fixC>=2) 0.2651 [0.2632,0.2670] adv +0.0009 | mean fixE 1.0004, fixC 1.0025 (ideal 1 +-0.0044) | mean moved 49.1672 +- 0.0040 (ideal 49.1667, diff +0.0006) | chi2 cyc-type E 631.7/673 p=0.87, C 207.1/196 p=0.28 | chi2 fixE-hist p=0.98, fixC-hist p=0.31  [65s]
wall time 230 s, workers 4

real	3m51.021s
user	12m49.527s
sys	0m0.160s
