tables: Em.lean face turns, 60 rotations, neighbours, opposites and corner faces == ../tables.py (v1 sudo): yes
fast engine C36 vs v2 KATs: 8/8 Hash digests, HashDeck vector, IV-COOK12 digest and |G|: OK
slow reference (m9_search, Em.lean transliteration) vs v2 KATs: 8/8 Hash digests: OK
fast engine C36 vs slow reference: 10/10 random (uniform h, random deal) blocks with identical E_m and grip sequence
fast engine A_vn vs slow reference: 10/10 random (uniform h, random deal) blocks with identical E_m and grip sequence
fast engine C76 vs slow reference: 10/10 random (uniform h, random deal) blocks with identical E_m and grip sequence
fast engine A vs slow reference: 10/10 random (uniform h, random deal) blocks with identical E_m and grip sequence
Hash('') and Hash('abc') prefixes of rules A_vn, C36, A == the review engine md3.py (its out/md3_selfcheck.txt): yes
mdfix_lib: Ct(36)==C36, Ct(76)==C76 (200 blocks), fast==slow ref for t in 36,76,0,12, inv_st==md.inverse, sweep tour covers 50 slots, 60 turn pairs (c1,c2) distinct: OK
mdw_lib NRk52: fast == slow literal transliteration on 12/12 random blocks
naming: the 48 non-King cards name 30/30 edges and 20/20 corners; 52 cards name 30 edges, 20 corners
read->turn encodings: for every piece and ordered pair of its colours, the 60 piece states give 60 distinct two-turn words (NP) and the first turn alone takes all 12 faces, 5 states each (NPL): OK
ctrl: N=8000000, 80 chunks of 100000, chunk c seed 38900000+c; Q = a^-1 b, a, b independent uniform_st
  null control Q = a^-1 b n=8000000: exact prediction 0 [0.00e+00,3.74e-07] | P(fixE>=2) 0.26416 [0.26386,0.26447] adv -0.00008 | P(fixC>=2) 0.26438 [0.26408,0.26469] adv +0.00014
     mean fixE 0.99991 +- 0.00069, mean fixC 1.00012 +- 0.00069 (ideal 1) | mean moved 49.16700 +- 0.00063 (ideal 49.16667, diff +0.00034)
     chi2 cyc-type E 1518.2/1537 p=0.63, C 274.7/260 p=0.25 | fixE-hist 2.6/5 p=0.76, fixC-hist 4.4/5 p=0.5
     fixC hist (obs/ideal): 0:0.36791/0.36788, 1:0.36771/0.36788, 2:0.18401/0.18394, 3:0.06142/0.06131, 4:0.01532/0.01533
     per-slot 'position fixed': corners 0.04986..0.05027 (ideal 0.05000, 1-slot 95% hw 0.00015), edges 0.03319..0.03350 (ideal 0.03333) | max |z| 3.49 at slot 13, Bonferroni p 0.024; sum z^2 69.6/50 (chi2_50 p=0.035; slots not independent)
     per-slot 'fixed, orientation 0': corners 0.01658..0.01674 (ideal 0.01667, 1-slot 95% hw 0.00009), edges 0.01656..0.01676 (ideal 0.01667) | max |z| 2.30 at slot 38, Bonferroni p 1; sum z^2 55.0/50 (chi2_50 p=0.29; slots not independent)
wall time 128 s, workers 4

real	2m9.350s
user	8m33.823s
sys	0m0.140s
