tables: Em.lean face turns, 60 rotations, neighbours, opposites and corner faces == ../tables.py (v1 sudo): yes
fast engine C36 vs v2 KATs: 8/8 Hash digests, HashDeck vector, IV-COOK12 digest and |G|: OK
slow reference (m9_search, Em.lean transliteration) vs v2 KATs: 8/8 Hash digests: OK
fast engine C36 vs slow reference: 10/10 random (uniform h, random deal) blocks with identical E_m and grip sequence
fast engine A_vn vs slow reference: 10/10 random (uniform h, random deal) blocks with identical E_m and grip sequence
fast engine C76 vs slow reference: 10/10 random (uniform h, random deal) blocks with identical E_m and grip sequence
fast engine A vs slow reference: 10/10 random (uniform h, random deal) blocks with identical E_m and grip sequence
Hash('') and Hash('abc') prefixes of rules A_vn, C36, A == the review engine md3.py (its out/md3_selfcheck.txt): yes
mdfix_lib: Ct(36)==C36, Ct(76)==C76 (200 blocks), fast==slow ref for t in 36,76,0,12, inv_st==md.inverse, sweep tour covers 50 slots, 60 turn pairs (c1,c2) distinct: OK
mdw_lib CF24: fast == slow literal transliteration on 12/12 random blocks
mdw_lib NP24: fast == slow literal transliteration on 12/12 random blocks
mdw_lib NPL24: fast == slow literal transliteration on 12/12 random blocks
mdw_lib NPr13: fast == slow literal transliteration on 12/12 random blocks
mdw_lib NRr0: fast == slow literal transliteration on 12/12 random blocks
mdw_lib NRr52: fast == slow literal transliteration on 12/12 random blocks
mdw_lib NRk52: fast == slow literal transliteration on 12/12 random blocks
naming: the 48 non-King cards name 30/30 edges and 20/20 corners; 52 cards name 30 edges, 20 corners
read->turn encodings: for every piece and ordered pair of its colours, the 60 piece states give 60 distinct two-turn words (NP) and the first turn alone takes all 12 faces, 5 states each (NPL): OK
d1 CF24: seeds 32124000+... ; cost {'turns': 228, 'clicks': 306, 'reads': 76, 'finds': 0, 'regrips': 0, 'solves': 3}
D1  CF24     n=200000: exact prediction 19348 (0.096740 [0.095452,0.098043]) | W unchanged: 2-edge flip 19348 [0.095452,0.098043], 2-corner twist 4702 [0.022855,0.024183] | Q: P(fixE>=2) 0.3918 [0.3897,0.3939] adv +0.1275, P(fixC>=2) 0.3673 [0.3652,0.3694] adv +0.1031, mean fixE 4.6142, fixC 3.2455 (ideal 1 +-0.0044), mean moved 43.2094 +- 0.0682 (ideal 49.1667)  [43s]
     D1 tail: final states equal (X'' = X) 0; Q moves <= 10 slots 23047; D1' Delta moves <= 10 slots 23182 (ideal P(moved <= 10) < 1e-30)
D1' CF24     n=200000: Delta = identity 19442 (0.097210 [0.095919,0.098516]) | P(fixE>=2) 0.3914 [0.3893,0.3935] adv +0.1272 | P(fixC>=2) 0.3686 [0.3665,0.3707] adv +0.1044 | mean fixE 4.6313, fixC 3.2580 | mean moved 43.1833 +- 0.0683 | chi2 cyc-type E 139438.7/673 p=0, C 1625067.0/196 p=0 | chi2 fixE-hist p=0, fixC-hist p=0
     D1' per-slot 'position fixed': max |z| 336.66 at slot 25 (Bonferroni p over 50 slots 0); sum z^2 = 3804983.3 on 50 slots
     D1' per-slot 'fixed with orientation 0': max |z| 455.86 at slot 25 (Bonferroni p over 50 slots 0); sum z^2 = 8747139.0 on 50 slots
wall time 43 s, workers 4

real	0m43.911s
user	2m24.026s
sys	0m0.108s
