tables: Em.lean face turns, 60 rotations, neighbours, opposites and corner faces == ../tables.py (v1 sudo): yes
fast engine C36 vs v2 KATs: 8/8 Hash digests, HashDeck vector, IV-COOK12 digest and |G|: OK
slow reference (m9_search, Em.lean transliteration) vs v2 KATs: 8/8 Hash digests: OK
fast engine C36 vs slow reference: 10/10 random (uniform h, random deal) blocks with identical E_m and grip sequence
fast engine A_vn vs slow reference: 10/10 random (uniform h, random deal) blocks with identical E_m and grip sequence
fast engine C76 vs slow reference: 10/10 random (uniform h, random deal) blocks with identical E_m and grip sequence
fast engine A vs slow reference: 10/10 random (uniform h, random deal) blocks with identical E_m and grip sequence
Hash('') and Hash('abc') prefixes of rules A_vn, C36, A == the review engine md3.py (its out/md3_selfcheck.txt): yes
mdfix_lib: Ct(36)==C36, Ct(76)==C76 (200 blocks), fast==slow ref for t in 36,76,0,12, inv_st==md.inverse, sweep tour covers 50 slots, 60 turn pairs (c1,c2) distinct: OK
mdw_lib CF24: fast == slow literal transliteration on 12/12 random blocks
mdw_lib NP24: fast == slow literal transliteration on 12/12 random blocks
mdw_lib NPL24: fast == slow literal transliteration on 12/12 random blocks
mdw_lib NPr13: fast == slow literal transliteration on 12/12 random blocks
mdw_lib NRr0: fast == slow literal transliteration on 12/12 random blocks
mdw_lib NRr52: fast == slow literal transliteration on 12/12 random blocks
mdw_lib NRk52: fast == slow literal transliteration on 12/12 random blocks
naming: the 48 non-King cards name 30/30 edges and 20/20 corners; 52 cards name 30 edges, 20 corners
read->turn encodings: for every piece and ordered pair of its colours, the 60 piece states give 60 distinct two-turn words (NP) and the first turn alone takes all 12 faces, 5 states each (NPL): OK
d1 NRk52: seeds 32652000+... ; cost {'turns': 520, 'clicks': '338 + about 6.5 per replayed card (exactly 676 for m = 52)', 'reads': 208, 'finds': 208, 'regrips': 0, 'solves': 3}
D1  NRk52    n=1000000: exact prediction 0 (0.000000 [0.000000,0.000003]) | W unchanged: 2-edge flip 0 [0.000000,0.000003], 2-corner twist 0 [0.000000,0.000003] | Q: P(fixE>=2) 0.2646 [0.2637,0.2654] adv +0.0003, P(fixC>=2) 0.2654 [0.2645,0.2663] adv +0.0012, mean fixE 1.0002, fixC 1.0026 (ideal 1 +-0.0020), mean moved 49.1643 +- 0.0018 (ideal 49.1667)  [675s]
     D1 tail: final states equal (X'' = X) 0; Q moves <= 10 slots 0; D1' Delta moves <= 10 slots 0 (ideal P(moved <= 10) < 1e-30)
D1' NRk52    n=1000000: Delta = identity 0 (0.000000 [0.000000,0.000003]) | P(fixE>=2) 0.2637 [0.2629,0.2646] adv -0.0005 | P(fixC>=2) 0.2639 [0.2631,0.2648] adv -0.0003 | mean fixE 0.9988, fixC 1.0010 | mean moved 49.1653 +- 0.0018 | chi2 cyc-type E 1083.4/1106 p=0.68, C 246.2/228 p=0.19 | chi2 fixE-hist p=0.73, fixC-hist p=0.001
     D1' per-slot 'position fixed': max |z| 2.76 at slot 43 (Bonferroni p over 50 slots 0.29); sum z^2 = 61.3 on 50 slots
     D1' per-slot 'fixed with orientation 0': max |z| 2.59 at slot 43 (Bonferroni p over 50 slots 0.48); sum z^2 = 76.3 on 50 slots
wall time 676 s, workers 4

real	11m16.688s
user	37m35.851s
sys	0m0.117s
