tables: Em.lean face turns, 60 rotations, neighbours, opposites and corner faces == ../tables.py (v1 sudo): yes
fast engine C36 vs v2 KATs: 8/8 Hash digests, HashDeck vector, IV-COOK12 digest and |G|: OK
slow reference (m9_search, Em.lean transliteration) vs v2 KATs: 8/8 Hash digests: OK
fast engine C36 vs slow reference: 10/10 random (uniform h, random deal) blocks with identical E_m and grip sequence
fast engine A_vn vs slow reference: 10/10 random (uniform h, random deal) blocks with identical E_m and grip sequence
fast engine C76 vs slow reference: 10/10 random (uniform h, random deal) blocks with identical E_m and grip sequence
fast engine A vs slow reference: 10/10 random (uniform h, random deal) blocks with identical E_m and grip sequence
Hash('') and Hash('abc') prefixes of rules A_vn, C36, A == the review engine md3.py (its out/md3_selfcheck.txt): yes
mdfix_lib: Ct(36)==C36, Ct(76)==C76 (200 blocks), fast==slow ref for t in 36,76,0,12, inv_st==md.inverse, sweep tour covers 50 slots, 60 turn pairs (c1,c2) distinct: OK
mdw_lib CF24: fast == slow literal transliteration on 12/12 random blocks
mdw_lib NP24: fast == slow literal transliteration on 12/12 random blocks
mdw_lib NPL24: fast == slow literal transliteration on 12/12 random blocks
mdw_lib NPr13: fast == slow literal transliteration on 12/12 random blocks
mdw_lib NRr0: fast == slow literal transliteration on 12/12 random blocks
mdw_lib NRr52: fast == slow literal transliteration on 12/12 random blocks
naming: the 48 non-King cards name 30/30 edges and 20/20 corners; 52 cards name 30 edges, 20 corners
read->turn encodings: for every piece and ordered pair of its colours, the 60 piece states give 60 distinct two-turn words (NP) and the first turn alone takes all 12 faces, 5 states each (NPL): OK
d3 NRr52: seeds 34552000+... ; cost {'turns': 520, 'clicks': '338 + about 6.5 per replayed card (exactly 676 for m = 52)', 'reads': 208, 'finds': 208, 'regrips': 0, 'solves': 3}
D3 NRr52 start IV   pair same n=50000: card-phase positions equal 0, output collisions 0 (0-hit 95% bound 6.0e-05) ex []  [23s]
D3 NRr52 start IV   pair opp  n=50000: card-phase positions equal 0, output collisions 0 (0-hit 95% bound 6.0e-05) ex []  [24s]
D3 NRr52 start IV   pair KA   n=50000: card-phase positions equal 4, output collisions 0 (0-hit 95% bound 6.0e-05) ex [(48, 3, True, False), (48, 3, True, False)]  [24s]
D3 NRr52 start IV   pair rand n=50000: card-phase positions equal 1, output collisions 0 (0-hit 95% bound 6.0e-05) ex [(18, 9, True, False)]  [23s]
D3 NRr52 start rand pair same n=50000: card-phase positions equal 0, output collisions 0 (0-hit 95% bound 6.0e-05) ex []  [24s]
D3 NRr52 start rand pair opp  n=50000: card-phase positions equal 0, output collisions 0 (0-hit 95% bound 6.0e-05) ex []  [24s]
D3 NRr52 start rand pair KA   n=50000: card-phase positions equal 6, output collisions 0 (0-hit 95% bound 6.0e-05) ex [(48, 3, True, False), (48, 3, True, False)]  [24s]
D3 NRr52 start rand pair rand n=50000: card-phase positions equal 0, output collisions 0 (0-hit 95% bound 6.0e-05) ex []  [24s]
wall time 189 s, workers 4

real	3m9.640s
user	10m32.776s
sys	0m0.052s
