tables: Em.lean face turns, 60 rotations, neighbours, opposites and corner faces == ../tables.py (v1 sudo): yes
fast engine C36 vs v2 KATs: 8/8 Hash digests, HashDeck vector, IV-COOK12 digest and |G|: OK
slow reference (m9_search, Em.lean transliteration) vs v2 KATs: 8/8 Hash digests: OK
fast engine C36 vs slow reference: 10/10 random (uniform h, random deal) blocks with identical E_m and grip sequence
fast engine A_vn vs slow reference: 10/10 random (uniform h, random deal) blocks with identical E_m and grip sequence
fast engine C76 vs slow reference: 10/10 random (uniform h, random deal) blocks with identical E_m and grip sequence
fast engine A vs slow reference: 10/10 random (uniform h, random deal) blocks with identical E_m and grip sequence
Hash('') and Hash('abc') prefixes of rules A_vn, C36, A == the review engine md3.py (its out/md3_selfcheck.txt): yes
mdfix_lib: Ct(36)==C36, Ct(76)==C76 (200 blocks), fast==slow ref for t in 36,76,0,12, inv_st==md.inverse, sweep tour covers 50 slots, 60 turn pairs (c1,c2) distinct: OK
mdw_lib CF24: fast == slow literal transliteration on 12/12 random blocks
mdw_lib NP24: fast == slow literal transliteration on 12/12 random blocks
mdw_lib NPL24: fast == slow literal transliteration on 12/12 random blocks
mdw_lib NPr13: fast == slow literal transliteration on 12/12 random blocks
mdw_lib NRr0: fast == slow literal transliteration on 12/12 random blocks
mdw_lib NRr52: fast == slow literal transliteration on 12/12 random blocks
naming: the 48 non-King cards name 30/30 edges and 20/20 corners; 52 cards name 30 edges, 20 corners
read->turn encodings: for every piece and ordered pair of its colours, the 60 piece states give 60 distinct two-turn words (NP) and the first turn alone takes all 12 faces, 5 states each (NPL): OK
merge NRr52: seeds 35552000+... ; cost {'turns': 520, 'clicks': '338 + about 6.5 per replayed card (exactly 676 for m = 52)', 'reads': 208, 'finds': 208, 'regrips': 0, 'solves': 3}
merge NRr52: 400000 adjacent-swap pairs (8 positions [1, 2, 13, 26, 27, 39, 50, 51] x IV/uniform x 25000); state equal right after the swapped pair 0; output collisions 0; 0-hit 95% bound per pair 7.49e-06; hits []
  IV   differing output slots: mean 49.1654 (ideal 49.1667); [0-40] 0.00000 (ideal 0.00000); [41-44] 0.00022 (ideal 0.00023); [45-46] 0.01017 (ideal 0.01019); [47-47] 0.04196 (ideal 0.04192); [48-48] 0.15107 (ideal 0.15090); [49-49] 0.36314 (ideal 0.36217); [50-50] 0.43344 (ideal 0.43460)
  rand differing output slots: mean 49.1656 (ideal 49.1667); [0-40] 0.00000 (ideal 0.00000); [41-44] 0.00024 (ideal 0.00023); [45-46] 0.01039 (ideal 0.01019); [47-47] 0.04172 (ideal 0.04192); [48-48] 0.15130 (ideal 0.15090); [49-49] 0.36216 (ideal 0.36217); [50-50] 0.43419 (ideal 0.43460)
wall time 160 s, workers 4

real	2m40.423s
user	8m54.557s
sys	0m0.033s
