tables: Em.lean face turns, 60 rotations, neighbours, opposites and corner faces == ../tables.py (v1 sudo): yes
fast engine C36 vs v2 KATs: 8/8 Hash digests, HashDeck vector, IV-COOK12 digest and |G|: OK
slow reference (m9_search, Em.lean transliteration) vs v2 KATs: 8/8 Hash digests: OK
fast engine C36 vs slow reference: 10/10 random (uniform h, random deal) blocks with identical E_m and grip sequence
fast engine A_vn vs slow reference: 10/10 random (uniform h, random deal) blocks with identical E_m and grip sequence
fast engine C76 vs slow reference: 10/10 random (uniform h, random deal) blocks with identical E_m and grip sequence
fast engine A vs slow reference: 10/10 random (uniform h, random deal) blocks with identical E_m and grip sequence
Hash('') and Hash('abc') prefixes of rules A_vn, C36, A == the review engine md3.py (its out/md3_selfcheck.txt): yes
mdfix_lib: Ct(36)==C36, Ct(76)==C76 (200 blocks), fast==slow ref for t in 36,76,0,12, inv_st==md.inverse, sweep tour covers 50 slots, 60 turn pairs (c1,c2) distinct: OK
mdw_lib CF24: fast == slow literal transliteration on 12/12 random blocks
mdw_lib NP24: fast == slow literal transliteration on 12/12 random blocks
mdw_lib NPL24: fast == slow literal transliteration on 12/12 random blocks
mdw_lib NPr13: fast == slow literal transliteration on 12/12 random blocks
mdw_lib NRr0: fast == slow literal transliteration on 12/12 random blocks
mdw_lib NRr52: fast == slow literal transliteration on 12/12 random blocks
naming: the 48 non-King cards name 30/30 edges and 20/20 corners; 52 cards name 30 edges, 20 corners
read->turn encodings: for every piece and ordered pair of its colours, the 60 piece states give 60 distinct two-turn words (NP) and the first turn alone takes all 12 faces, 5 states each (NPL): OK
d2 NRr52: seeds 33552000+... ; cost {'turns': 520, 'clicks': '338 + about 6.5 per replayed card (exactly 676 for m = 52)', 'reads': 208, 'finds': 208, 'regrips': 0, 'solves': 3}
D2 NRr52    n=1000000  P(fixE>=2) 0.2641 [0.2633,0.2650] adv -0.0001 | P(fixC>=2) 0.2650 [0.2641,0.2658] adv +0.0007 | mean fixE 1.0006, fixC 1.0012 (ideal 1 +-0.0020) | mean moved 49.1659 +- 0.0018 (ideal 49.1667, diff -0.0008) | chi2 cyc-type E 1109.4/1106 p=0.47, C 239.9/228 p=0.28 | chi2 fixE-hist p=0.6, fixC-hist p=0.45  [326s]
wall time 326 s, workers 4

real	5m26.955s
user	18m9.158s
sys	0m0.108s
