tables: Em.lean face turns, 60 rotations, neighbours, opposites and corner faces == ../tables.py (v1 sudo): yes
fast engine C36 vs v2 KATs: 8/8 Hash digests, HashDeck vector, IV-COOK12 digest and |G|: OK
slow reference (m9_search, Em.lean transliteration) vs v2 KATs: 8/8 Hash digests: OK
fast engine C36 vs slow reference: 10/10 random (uniform h, random deal) blocks with identical E_m and grip sequence
fast engine A_vn vs slow reference: 10/10 random (uniform h, random deal) blocks with identical E_m and grip sequence
fast engine C76 vs slow reference: 10/10 random (uniform h, random deal) blocks with identical E_m and grip sequence
fast engine A vs slow reference: 10/10 random (uniform h, random deal) blocks with identical E_m and grip sequence
Hash('') and Hash('abc') prefixes of rules A_vn, C36, A == the review engine md3.py (its out/md3_selfcheck.txt): yes
mdfix_lib: Ct(36)==C36, Ct(76)==C76 (200 blocks), fast==slow ref for t in 36,76,0,12, inv_st==md.inverse, sweep tour covers 50 slots, 60 turn pairs (c1,c2) distinct: OK
mdw_lib CF24: fast == slow literal transliteration on 12/12 random blocks
mdw_lib NP24: fast == slow literal transliteration on 12/12 random blocks
mdw_lib NPL24: fast == slow literal transliteration on 12/12 random blocks
mdw_lib NPr13: fast == slow literal transliteration on 12/12 random blocks
mdw_lib NRr0: fast == slow literal transliteration on 12/12 random blocks
mdw_lib NRr52: fast == slow literal transliteration on 12/12 random blocks
mdw_lib NRk52: fast == slow literal transliteration on 12/12 random blocks
naming: the 48 non-King cards name 30/30 edges and 20/20 corners; 52 cards name 30 edges, 20 corners
read->turn encodings: for every piece and ordered pair of its colours, the 60 piece states give 60 distinct two-turn words (NP) and the first turn alone takes all 12 faces, 5 states each (NPL): OK
d3 NPr52: seeds 34452000+... ; cost {'turns': 520, 'clicks': '338 + about 6.5 per replayed card (exactly 676 for m = 52)', 'reads': 208, 'finds': 208, 'regrips': 0, 'solves': 3}
D3 NPr52 start IV   pair same n=25000: card-phase positions equal 0, output collisions 0 (0-hit 95% bound 1.2e-04) ex []  [12s]
D3 NPr52 start IV   pair opp  n=25000: card-phase positions equal 14, output collisions 0 (0-hit 95% bound 1.2e-04) ex [(14, 27, True, False), (45, 2, True, False)]  [12s]
D3 NPr52 start IV   pair KA   n=25000: card-phase positions equal 703, output collisions 88 (0-hit 95% bound 1.2e-04) ex [(48, 0, True, False), (49, 1, True, False)]  [12s]
D3 NPr52 start IV   pair rand n=25000: card-phase positions equal 17, output collisions 1 (0-hit 95% bound 1.2e-04) ex [(27, 15, True, False), (48, 0, True, False)]  [12s]
D3 NPr52 start rand pair same n=25000: card-phase positions equal 0, output collisions 0 (0-hit 95% bound 1.2e-04) ex []  [12s]
D3 NPr52 start rand pair opp  n=25000: card-phase positions equal 18, output collisions 0 (0-hit 95% bound 1.2e-04) ex [(45, 3, True, False), (44, 1, True, False)]  [12s]
D3 NPr52 start rand pair KA   n=25000: card-phase positions equal 713, output collisions 83 (0-hit 95% bound 1.2e-04) ex [(50, 2, True, False), (49, 1, True, False)]  [12s]
D3 NPr52 start rand pair rand n=25000: card-phase positions equal 17, output collisions 0 (0-hit 95% bound 1.2e-04) ex [(11, 12, True, False), (3, 47, True, False)]  [12s]
wall time 95 s, workers 4

real	1m35.289s
user	5m17.807s
sys	0m0.028s
