tables: Em.lean face turns, 60 rotations, neighbours, opposites and corner faces == ../tables.py (v1 sudo): yes
fast engine C36 vs v2 KATs: 8/8 Hash digests, HashDeck vector, IV-COOK12 digest and |G|: OK
slow reference (m9_search, Em.lean transliteration) vs v2 KATs: 8/8 Hash digests: OK
fast engine C36 vs slow reference: 10/10 random (uniform h, random deal) blocks with identical E_m and grip sequence
fast engine A_vn vs slow reference: 10/10 random (uniform h, random deal) blocks with identical E_m and grip sequence
fast engine C76 vs slow reference: 10/10 random (uniform h, random deal) blocks with identical E_m and grip sequence
fast engine A vs slow reference: 10/10 random (uniform h, random deal) blocks with identical E_m and grip sequence
Hash('') and Hash('abc') prefixes of rules A_vn, C36, A == the review engine md3.py (its out/md3_selfcheck.txt): yes
mdfix_lib: Ct(36)==C36, Ct(76)==C76 (200 blocks), fast==slow ref for t in 36,76,0,12, inv_st==md.inverse, sweep tour covers 50 slots, 60 turn pairs (c1,c2) distinct: OK
mdw_lib CF24: fast == slow literal transliteration on 12/12 random blocks
mdw_lib NP24: fast == slow literal transliteration on 12/12 random blocks
mdw_lib NPL24: fast == slow literal transliteration on 12/12 random blocks
mdw_lib NPr13: fast == slow literal transliteration on 12/12 random blocks
mdw_lib NRr0: fast == slow literal transliteration on 12/12 random blocks
mdw_lib NRr52: fast == slow literal transliteration on 12/12 random blocks
naming: the 48 non-King cards name 30/30 edges and 20/20 corners; 52 cards name 30 edges, 20 corners
read->turn encodings: for every piece and ordered pair of its colours, the 60 piece states give 60 distinct two-turn words (NP) and the first turn alone takes all 12 faces, 5 states each (NPL): OK
d1 NRr26: seeds 32526000+... ; cost {'turns': 390, 'clicks': '338 + about 6.5 per replayed card (exactly 676 for m = 52)', 'reads': 156, 'finds': 156, 'regrips': 0, 'solves': 3}
D1  NRr26    n=1000000: exact prediction 0 (0.000000 [0.000000,0.000003]) | W unchanged: 2-edge flip 0 [0.000000,0.000003], 2-corner twist 0 [0.000000,0.000003] | Q: P(fixE>=2) 0.2636 [0.2627,0.2645] adv -0.0006, P(fixC>=2) 0.2654 [0.2645,0.2662] adv +0.0011, mean fixE 0.9991, fixC 1.0038 (ideal 1 +-0.0020), mean moved 49.1651 +- 0.0018 (ideal 49.1667)  [512s]
D1' NRr26    n=1000000: Delta = identity 0 (0.000000 [0.000000,0.000003]) | P(fixE>=2) 0.2640 [0.2631,0.2648] adv -0.0003 | P(fixC>=2) 0.2645 [0.2637,0.2654] adv +0.0003 | mean fixE 0.9998, fixC 0.9999 | mean moved 49.1660 +- 0.0018 | chi2 cyc-type E 1150.9/1106 p=0.17, C 212.3/228 p=0.77 | chi2 fixE-hist p=0.58, fixC-hist p=0.45
     D1' per-slot 'position fixed': max |z| 2.91 at slot 16 (Bonferroni p over 50 slots 0.18); sum z^2 = 63.9 on 50 slots
     D1' per-slot 'fixed with orientation 0': max |z| 2.52 at slot 28 (Bonferroni p over 50 slots 0.59); sum z^2 = 51.9 on 50 slots
wall time 512 s, workers 4

real	8m32.847s
user	28m29.053s
sys	0m0.211s
