g(identity deck) = 0; single position swaps (i, j) keeping g: 235 of 1326
witness found for all 71 nontrivial linear parts (k, g); position pairs used: [(1, 5), (1, 8), (1, 12)]
  u =  1 (k =  0), g = 1: swap (1, 5)
  u =  1 (k =  0), g = 2: swap (1, 5)
  u =  1 (k =  0), g = 3: swap (1, 5)
  u =  1 (k =  0), g = 4: swap (1, 5)
  u =  1 (k =  0), g = 5: swap (1, 5)
  u =  2 (k =  1), g = 0: swap (1, 8)
  u =  2 (k =  1), g = 1: swap (1, 8)
  u =  2 (k =  1), g = 2: swap (1, 5)
  u =  2 (k =  1), g = 3: swap (1, 5)
  u =  2 (k =  1), g = 4: swap (1, 8)
  u =  2 (k =  1), g = 5: swap (1, 5)
  u =  3 (k =  2), g = 0: swap (1, 5)
  u =  3 (k =  2), g = 1: swap (1, 5)
  u =  3 (k =  2), g = 2: swap (1, 5)
  u =  3 (k =  2), g = 3: swap (1, 5)
  u =  3 (k =  2), g = 4: swap (1, 5)
  u =  3 (k =  2), g = 5: swap (1, 5)
  u =  4 (k =  3), g = 0: swap (1, 5)
  u =  4 (k =  3), g = 1: swap (1, 8)
  u =  4 (k =  3), g = 2: swap (1, 5)
  u =  4 (k =  3), g = 3: swap (1, 12)
  u =  4 (k =  3), g = 4: swap (1, 5)
  u =  4 (k =  3), g = 5: swap (1, 8)
  u =  5 (k =  4), g = 0: swap (1, 8)
  u =  5 (k =  4), g = 1: swap (1, 5)
  u =  5 (k =  4), g = 2: swap (1, 12)
  u =  5 (k =  4), g = 3: swap (1, 5)
  u =  5 (k =  4), g = 4: swap (1, 5)
  u =  5 (k =  4), g = 5: swap (1, 8)
  u =  6 (k =  5), g = 0: swap (1, 5)
  u =  6 (k =  5), g = 1: swap (1, 5)
  u =  6 (k =  5), g = 2: swap (1, 5)
  u =  6 (k =  5), g = 3: swap (1, 5)
  u =  6 (k =  5), g = 4: swap (1, 5)
  u =  6 (k =  5), g = 5: swap (1, 5)
  u =  7 (k =  6), g = 0: swap (1, 8)
  u =  7 (k =  6), g = 1: swap (1, 12)
  u =  7 (k =  6), g = 2: swap (1, 12)
  u =  7 (k =  6), g = 3: swap (1, 5)
  u =  7 (k =  6), g = 4: swap (1, 8)
  u =  7 (k =  6), g = 5: swap (1, 5)
  u =  8 (k =  7), g = 0: swap (1, 5)
  u =  8 (k =  7), g = 1: swap (1, 5)
  u =  8 (k =  7), g = 2: swap (1, 5)
  u =  8 (k =  7), g = 3: swap (1, 8)
  u =  8 (k =  7), g = 4: swap (1, 5)
  u =  8 (k =  7), g = 5: swap (1, 5)
  u =  9 (k =  8), g = 0: swap (1, 8)
  u =  9 (k =  8), g = 1: swap (1, 8)
  u =  9 (k =  8), g = 2: swap (1, 5)
  u =  9 (k =  8), g = 3: swap (1, 8)
  u =  9 (k =  8), g = 4: swap (1, 5)
  u =  9 (k =  8), g = 5: swap (1, 5)
  u = 10 (k =  9), g = 0: swap (1, 5)
  u = 10 (k =  9), g = 1: swap (1, 8)
  u = 10 (k =  9), g = 2: swap (1, 5)
  u = 10 (k =  9), g = 3: swap (1, 5)
  u = 10 (k =  9), g = 4: swap (1, 8)
  u = 10 (k =  9), g = 5: swap (1, 5)
  u = 11 (k = 10), g = 0: swap (1, 5)
  u = 11 (k = 10), g = 1: swap (1, 5)
  u = 11 (k = 10), g = 2: swap (1, 5)
  u = 11 (k = 10), g = 3: swap (1, 5)
  u = 11 (k = 10), g = 4: swap (1, 5)
  u = 11 (k = 10), g = 5: swap (1, 5)
  u = 12 (k = 11), g = 0: swap (1, 5)
  u = 12 (k = 11), g = 1: swap (1, 5)
  u = 12 (k = 11), g = 2: swap (1, 5)
  u = 12 (k = 11), g = 3: swap (1, 5)
  u = 12 (k = 11), g = 4: swap (1, 8)
  u = 12 (k = 11), g = 5: swap (1, 8)
affW = [(1, 2), (1, 5), (1, 5), (1, 5), (1, 5), (1, 5), (1, 8), (1, 8), (1, 5), (1, 5), (1, 8), (1, 5), (1, 5), (1, 5), (1, 5), (1, 5), (1, 5), (1, 5), (1, 5), (1, 8), (1, 5), (1, 12), (1, 5), (1, 8), (1, 8), (1, 5), (1, 12), (1, 5), (1, 5), (1, 8), (1, 5), (1, 5), (1, 5), (1, 5), (1, 5), (1, 5), (1, 8), (1, 12), (1, 12), (1, 5), (1, 8), (1, 5), (1, 5), (1, 5), (1, 5), (1, 8), (1, 5), (1, 5), (1, 8), (1, 8), (1, 5), (1, 8), (1, 5), (1, 5), (1, 5), (1, 8), (1, 5), (1, 5), (1, 8), (1, 5), (1, 5), (1, 5), (1, 5), (1, 5), (1, 5), (1, 5), (1, 5), (1, 5), (1, 5), (1, 5), (1, 8), (1, 8)]
