x = 0; y = [13, 26, 39] for D = 0, 1, 2 (the four cards of rank A: 0, 13, 26, 39)
D = 0 (y = 13):
  class 0: stem cell 0 = card 44 at row-0 seat 44 (column 11)
    member 0: row 3 = [51, 0, 23, 19, 13, 47, 11, 39, 31, 15, 43, 35, 27]; 13 swaps
    member 1: row 3 = [51, 13, 23, 19, 0, 47, 11, 39, 31, 15, 43, 35, 27]; 12 swaps
    member 2: row 3 = [15, 23, 43, 27, 19, 13, 51, 35, 47, 39, 0, 31, 11]; 10 swaps
  class 1: stem cell 0 = card 4 at row-0 seat 4 (column 1)
    member 0: row 3 = [47, 31, 27, 19, 39, 11, 13, 15, 35, 43, 0, 51, 23]; 13 swaps
    member 1: row 3 = [47, 31, 27, 19, 39, 11, 0, 15, 35, 43, 13, 51, 23]; 12 swaps
    member 2: row 3 = [31, 47, 19, 23, 35, 51, 43, 11, 15, 27, 0, 13, 39]; 13 swaps
  class 2: stem cell 0 = card 16 at row-0 seat 16 (column 4)
    member 0: row 3 = [35, 43, 31, 11, 0, 23, 39, 47, 19, 15, 27, 13, 51]; 11 swaps
    member 1: row 3 = [35, 43, 31, 11, 13, 23, 39, 47, 19, 15, 27, 0, 51]; 12 swaps
    member 2: row 3 = [27, 0, 39, 31, 19, 35, 51, 43, 11, 23, 47, 15, 13]; 11 swaps
D = 1 (y = 26):
  class 0: stem cell 0 = card 36 at row-0 seat 36 (column 9)
    member 0: row 3 = [31, 43, 15, 0, 35, 19, 23, 27, 47, 11, 51, 26, 39]; 14 swaps
    member 1: row 3 = [31, 43, 15, 26, 35, 19, 23, 27, 47, 11, 51, 0, 39]; 13 swaps
    member 2: row 3 = [27, 51, 35, 31, 39, 43, 11, 15, 23, 19, 47, 26, 0]; 12 swaps
  class 1: stem cell 0 = card 48 at row-0 seat 48 (column 12)
    member 0: row 3 = [15, 0, 26, 43, 47, 31, 23, 19, 11, 51, 39, 27, 35]; 13 swaps
    member 1: row 3 = [15, 26, 0, 43, 47, 31, 23, 19, 11, 51, 39, 27, 35]; 12 swaps
    member 2: row 3 = [11, 15, 27, 23, 39, 51, 19, 26, 0, 35, 47, 43, 31]; 12 swaps
  class 2: stem cell 0 = card 20 at row-0 seat 20 (column 5)
    member 0: row 3 = [43, 26, 23, 31, 39, 11, 47, 0, 19, 27, 35, 51, 15]; 12 swaps
    member 1: row 3 = [43, 0, 23, 31, 39, 11, 47, 26, 19, 27, 35, 51, 15]; 13 swaps
    member 2: row 3 = [23, 43, 11, 0, 19, 27, 26, 47, 15, 35, 31, 39, 51]; 11 swaps
D = 2 (y = 39):
  class 0: stem cell 0 = card 4 at row-0 seat 4 (column 1)
    member 0: row 3 = [43, 7, 15, 31, 11, 27, 19, 47, 35, 51, 0, 39, 23]; 10 swaps
    member 1: row 3 = [43, 7, 15, 31, 11, 27, 19, 47, 35, 51, 39, 0, 23]; 11 swaps
    member 2: row 3 = [47, 35, 31, 51, 39, 43, 11, 19, 7, 23, 27, 0, 15]; 10 swaps
  class 1: stem cell 0 = card 3 at row-0 seat 0 (column 0)
    member 0: row 3 = [15, 27, 11, 23, 39, 19, 0, 7, 51, 47, 35, 43, 31]; 12 swaps
    member 1: row 3 = [15, 27, 11, 23, 0, 19, 39, 7, 51, 47, 35, 43, 31]; 11 swaps
    member 2: row 3 = [39, 15, 7, 47, 23, 27, 19, 51, 43, 11, 31, 0, 35]; 11 swaps
  class 2: stem cell 0 = card 20 at row-0 seat 20 (column 5)
    member 0: row 3 = [7, 47, 51, 31, 35, 39, 0, 15, 43, 11, 23, 27, 19]; 11 swaps
    member 1: row 3 = [7, 47, 51, 31, 35, 0, 39, 15, 43, 11, 23, 27, 19]; 12 swaps
    member 2: row 3 = [15, 51, 43, 23, 27, 7, 31, 39, 19, 47, 35, 11, 0]; 12 swaps
