aff: x, y, x2, y2 = (0, 1, 2, 14)
  class 0: stem cell 0 = card 4 at row-0 seat 4 (column 1); row-3 columns of the four in member 0: [12, 7, 11, 6]
    member 0: row 3 = [51, 35, 39, 31, 19, 27, 14, 1, 43, 23, 47, 2, 0]; 14 swaps
    member 1: row 3 = [51, 35, 39, 31, 19, 27, 2, 0, 43, 23, 47, 14, 1]; 14 swaps
    member 2: row 3 = [14, 51, 43, 47, 31, 1, 23, 39, 19, 27, 0, 2, 35]; 15 swaps
  class 1: stem cell 0 = card 24 at row-0 seat 24 (column 6); row-3 columns of the four in member 0: [5, 8, 0, 3]
    member 0: row 3 = [2, 47, 51, 14, 39, 0, 31, 23, 1, 27, 43, 35, 19]; 13 swaps
    member 1: row 3 = [14, 47, 51, 2, 39, 1, 31, 23, 0, 27, 43, 35, 19]; 15 swaps
    member 2: row 3 = [23, 39, 43, 0, 51, 19, 1, 2, 47, 35, 31, 14, 27]; 15 swaps
  class 2: stem cell 0 = card 20 at row-0 seat 20 (column 5); row-3 columns of the four in member 0: [0, 3, 12, 2]
    member 0: row 3 = [0, 19, 14, 1, 23, 43, 35, 47, 27, 31, 39, 51, 2]; 14 swaps
    member 1: row 3 = [1, 19, 2, 0, 23, 43, 35, 47, 27, 31, 39, 51, 14]; 14 swaps
    member 2: row 3 = [27, 2, 31, 23, 51, 35, 14, 0, 19, 39, 47, 43, 1]; 14 swaps
tau: stem cell 0 = card 0 in both decks
  deck 0: [45, 23, 22, 36, 17, 31, 35, 33, 32, 42, 4, 44, 7, 46, 27, 18, 51, 12, 41, 24, 26, 2, 39, 15, 21, 47, 13, 29, 19, 9, 38, 50, 20, 8, 3, 40, 11, 37, 48, 34, 5, 14, 10, 25, 6, 1, 43, 28, 30, 16, 49, 0]
  deck 1: [32, 47, 44, 20, 19, 23, 15, 18, 49, 28, 37, 46, 38, 39, 25, 24, 13, 42, 36, 29, 33, 14, 34, 0, 8, 27, 12, 1, 45, 16, 11, 9, 21, 22, 41, 6, 7, 17, 10, 48, 31, 30, 35, 40, 50, 5, 26, 43, 4, 51, 2, 3]
  l =  1: C_l = [0, 3, 17, 23] / [0, 13, 26, 47]
  l =  2: C_l = [20, 23, 27, 34] / [10, 43, 45, 47]
  l =  3: C_l = [17, 23, 24, 43] / [0, 4, 11, 47]
  l =  4: C_l = [13, 23, 25, 30] / [7, 20, 34, 47]
  l =  5: C_l = [20, 23, 33, 35] / [19, 25, 47, 48]
  l =  6: C_l = [18, 20, 23, 48] / [1, 13, 15, 47]
  l =  7: C_l = [18, 23, 26, 41] / [2, 21, 29, 47]
  l =  8: C_l = [23, 26, 33, 49] / [24, 35, 38, 47]
  l =  9: C_l = [17, 23, 25, 38] / [24, 33, 41, 47]
  l = 10: C_l = [4, 23, 24, 30] / [12, 13, 29, 47]
  l = 11: C_l = [10, 23, 26, 34] / [1, 36, 38, 47]
  l = 12: C_l = [0, 23, 30, 39] / [33, 37, 47, 48]
lab: deck [44, 21, 37, 31, 50, 28, 48, 24, 22, 7, 10, 35, 23, 51, 27, 49, 13, 5, 39, 1, 0, 11, 32, 26, 45, 9, 4, 6, 30, 36, 42, 17, 3, 40, 34, 29, 47, 14, 15, 8, 41, 19, 46, 2, 20, 43, 25, 33, 12, 16, 18, 38]
  post-row rank indices by column: [[0, 1, 1, 1], [0, 1, 0, 0], [6, 6, 6, 6], [4, 4, 4, 4], [3, 3, 3, 3], [8, 8, 8, 8], [2, 2, 2, 2], [7, 7, 7, 7], [12, 12, 12, 12], [5, 5, 5, 5], [11, 11, 11, 11], [9, 9, 9, 9], [10, 10, 10, 10]]
  c0Row: 0 ; after tr (eVec e), e = 1, 2, 3: [3, 2, 1]
