$ ./measure round 0 50000 4
V11 one-round(L o stem) N=50000/pair seed=4: mean 1.35e-05 (1/73913); pairs>1/64 0; class means same-rank 0 same-suit 5.75e-05 other 0
  #1 5H<->KH 9/50000 = 0.00018 [9.47e-05, 0.000342]
  #2 2C<->6C 8/50000 = 0.00016 [8.11e-05, 0.000316]
  #3 2C<->TC 8/50000 = 0.00016 [8.11e-05, 0.000316]
  #4 8C<->KC 7/50000 = 0.00014 [6.78e-05, 0.000289]
  #5 2H<->KH 7/50000 = 0.00014 [6.78e-05, 0.000289]
  #6 5H<->JH 7/50000 = 0.00014 [6.78e-05, 0.000289]
  #7 2S<->KS 7/50000 = 0.00014 [6.78e-05, 0.000289]
  #8 7D<->TD 7/50000 = 0.00014 [6.78e-05, 0.000289]
$ ./measure round 11 50000 4
TWINGF one-round(L o stem) N=50000/pair seed=4: mean 3.41e-06 (1/293363); pairs>1/64 0; class means same-rank 0 same-suit 1.45e-05 other 0
  #1 AC<->5C 3/50000 = 6e-05 [2.04e-05, 0.000176]
  #2 2C<->9C 3/50000 = 6e-05 [2.04e-05, 0.000176]
  #3 AH<->4H 3/50000 = 6e-05 [2.04e-05, 0.000176]
  #4 AS<->QS 3/50000 = 6e-05 [2.04e-05, 0.000176]
  #5 4S<->TS 3/50000 = 6e-05 [2.04e-05, 0.000176]
  #6 4S<->KS 3/50000 = 6e-05 [2.04e-05, 0.000176]
  #7 5S<->TS 3/50000 = 6e-05 [2.04e-05, 0.000176]
  #8 7S<->KS 3/50000 = 6e-05 [2.04e-05, 0.000176]
$ ./measure round 10 50000 4
PASSF2 one-round(L o stem) N=50000/pair seed=4: mean 0 (1/inf); pairs>1/64 0; class means same-rank 0 same-suit 0 other 0
  #1 AC<->2C 0/50000 = 0 [0, 7.68e-05]
  #2 AC<->3C 0/50000 = 0 [0, 7.68e-05]
  #3 AC<->4C 0/50000 = 0 [0, 7.68e-05]
  #4 AC<->5C 0/50000 = 0 [0, 7.68e-05]
  #5 AC<->6C 0/50000 = 0 [0, 7.68e-05]
  #6 AC<->7C 0/50000 = 0 [0, 7.68e-05]
  #7 AC<->8C 0/50000 = 0 [0, 7.68e-05]
  #8 AC<->9C 0/50000 = 0 [0, 7.68e-05]
$ ./measure round 12 50000 4
PASSF2x2 one-round(L o stem) N=50000/pair seed=4: mean 0 (1/inf); pairs>1/64 0; class means same-rank 0 same-suit 0 other 0
  #1 AC<->2C 0/50000 = 0 [0, 7.68e-05]
  #2 AC<->3C 0/50000 = 0 [0, 7.68e-05]
  #3 AC<->4C 0/50000 = 0 [0, 7.68e-05]
  #4 AC<->5C 0/50000 = 0 [0, 7.68e-05]
  #5 AC<->6C 0/50000 = 0 [0, 7.68e-05]
  #6 AC<->7C 0/50000 = 0 [0, 7.68e-05]
  #7 AC<->8C 0/50000 = 0 [0, 7.68e-05]
  #8 AC<->9C 0/50000 = 0 [0, 7.68e-05]
$ ./measure round 13 50000 4
PASSF3 one-round(L o stem) N=50000/pair seed=4: mean 0 (1/inf); pairs>1/64 0; class means same-rank 0 same-suit 0 other 0
  #1 AC<->2C 0/50000 = 0 [0, 7.68e-05]
  #2 AC<->3C 0/50000 = 0 [0, 7.68e-05]
  #3 AC<->4C 0/50000 = 0 [0, 7.68e-05]
  #4 AC<->5C 0/50000 = 0 [0, 7.68e-05]
  #5 AC<->6C 0/50000 = 0 [0, 7.68e-05]
  #6 AC<->7C 0/50000 = 0 [0, 7.68e-05]
  #7 AC<->8C 0/50000 = 0 [0, 7.68e-05]
  #8 AC<->9C 0/50000 = 0 [0, 7.68e-05]
