$ ./measure surv 0 50000 3
V11 layer-alone N=50000/pair seed=3: mean 0.00354 (1/283); pairs>1/64 0; class means same-rank 0.00339 same-suit 0.00398 other 0.0034
  #1 6C<->KC 261/50000 = 0.00522 [0.00463, 0.00589]
  #2 AC<->KC 248/50000 = 0.00496 [0.00438, 0.00561]
  #3 QC<->KC 243/50000 = 0.00486 [0.00429, 0.00551]
  #4 6H<->TH 240/50000 = 0.0048 [0.00423, 0.00545]
  #5 2C<->KC 239/50000 = 0.00478 [0.00421, 0.00542]
  #6 2S<->TS 239/50000 = 0.00478 [0.00421, 0.00542]
  #7 JH<->KH 238/50000 = 0.00476 [0.00419, 0.0054]
  #8 3C<->KC 237/50000 = 0.00474 [0.00417, 0.00538]
$ ./measure surv 1 50000 3
SR layer-alone N=50000/pair seed=3: mean 0.00106 (1/942); pairs>1/64 0; class means same-rank 0 same-suit 0.00451 other 0
  #1 AS<->JS 269/50000 = 0.00538 [0.00478, 0.00606]
  #2 3H<->KH 264/50000 = 0.00528 [0.00468, 0.00595]
  #3 2D<->JD 260/50000 = 0.0052 [0.00461, 0.00587]
  #4 3D<->8D 259/50000 = 0.00518 [0.00459, 0.00585]
  #5 4S<->QS 258/50000 = 0.00516 [0.00457, 0.00583]
  #6 3D<->7D 257/50000 = 0.00514 [0.00455, 0.00581]
  #7 5H<->9H 256/50000 = 0.00512 [0.00453, 0.00578]
  #8 2D<->QD 256/50000 = 0.00512 [0.00453, 0.00578]
$ ./measure surv 2 50000 3
PIVOT layer-alone N=50000/pair seed=3: mean 0.556 (1/2); pairs>1/64 1326; class means same-rank 0.559 same-suit 0.851 other 0.457
  #1 AC<->KC 42790/50000 = 0.856 [0.853, 0.859]
  #2 3D<->9D 42728/50000 = 0.855 [0.851, 0.858]
  #3 2S<->3S 42721/50000 = 0.854 [0.851, 0.857]
  #4 AH<->QH 42707/50000 = 0.854 [0.851, 0.857]
  #5 6C<->QC 42700/50000 = 0.854 [0.851, 0.857]
  #6 2S<->9S 42695/50000 = 0.854 [0.851, 0.857]
  #7 4S<->KS 42688/50000 = 0.854 [0.851, 0.857]
  #8 5S<->JS 42686/50000 = 0.854 [0.851, 0.857]
$ ./measure surv 3 50000 3
TWIN layer-alone N=50000/pair seed=3: mean 0.00167 (1/600); pairs>1/64 26; class means same-rank 0.0163 same-suit 0.00302 other 0
  #1 7H<->7D 1542/50000 = 0.0308 [0.0294, 0.0324]
  #2 KH<->KD 1505/50000 = 0.0301 [0.0286, 0.0316]
  #3 6C<->6S 1502/50000 = 0.03 [0.0286, 0.0316]
  #4 QC<->QS 1500/50000 = 0.03 [0.0285, 0.0315]
  #5 2H<->2D 1491/50000 = 0.0298 [0.0284, 0.0313]
  #6 TH<->TD 1491/50000 = 0.0298 [0.0284, 0.0313]
  #7 KC<->KS 1490/50000 = 0.0298 [0.0283, 0.0313]
  #8 TC<->TS 1487/50000 = 0.0297 [0.0283, 0.0313]
$ ./measure surv 11 50000 3
TWINGF layer-alone N=50000/pair seed=3: mean 0.00129 (1/774); pairs>1/64 0; class means same-rank 0.00987 same-suit 0.00302 other 0
  #1 6S<->6D 555/50000 = 0.0111 [0.0102, 0.0121]
  #2 6C<->6H 541/50000 = 0.0108 [0.00995, 0.0118]
  #3 7H<->7S 539/50000 = 0.0108 [0.00991, 0.0117]
  #4 QH<->QD 539/50000 = 0.0108 [0.00991, 0.0117]
  #5 2C<->2D 536/50000 = 0.0107 [0.00985, 0.0117]
  #6 3H<->3S 530/50000 = 0.0106 [0.00974, 0.0115]
  #7 4C<->4D 529/50000 = 0.0106 [0.00972, 0.0115]
  #8 JH<->JS 526/50000 = 0.0105 [0.00966, 0.0115]
$ ./measure surv 5 50000 3
PASSK layer-alone N=50000/pair seed=3: mean 0.0355 (1/28); pairs>1/64 68; class means same-rank 0.00151 same-suit 1.92e-07 other 0.0502
  #1 2H<->AS 44387/50000 = 0.888 [0.885, 0.89]
  #2 2S<->AD 44374/50000 = 0.887 [0.885, 0.89]
  #3 2C<->AH 44336/50000 = 0.887 [0.884, 0.889]
  #4 3H<->AD 42581/50000 = 0.852 [0.848, 0.855]
  #5 3C<->2H 42579/50000 = 0.852 [0.848, 0.855]
  #6 3S<->2D 42495/50000 = 0.85 [0.847, 0.853]
  #7 3C<->AS 42444/50000 = 0.849 [0.846, 0.852]
  #8 3H<->2S 42438/50000 = 0.849 [0.846, 0.852]
$ ./measure surv 6 50000 3
PASSM layer-alone N=50000/pair seed=3: mean 0.000939 (1/1064); pairs>1/64 3; class means same-rank 0.00149 same-suit 0.00362 other 0
  #1 AD<->KD 824/50000 = 0.0165 [0.0154, 0.0176]
  #2 AC<->KC 813/50000 = 0.0163 [0.0152, 0.0174]
  #3 AH<->KH 782/50000 = 0.0156 [0.0146, 0.0168]
  #4 AS<->KS 775/50000 = 0.0155 [0.0145, 0.0166]
  #5 2H<->8H 419/50000 = 0.00838 [0.00762, 0.00922]
  #6 2H<->QH 415/50000 = 0.0083 [0.00754, 0.00913]
  #7 AD<->9D 414/50000 = 0.00828 [0.00752, 0.00911]
  #8 4D<->TD 413/50000 = 0.00826 [0.0075, 0.00909]
$ ./measure surv 9 50000 3
PASSF layer-alone N=50000/pair seed=3: mean 0.00116 (1/865); pairs>1/64 36; class means same-rank 0.00149 same-suit 3.21e-07 other 0.00151
  #1 KS<->QD 3018/50000 = 0.0604 [0.0583, 0.0625]
  #2 KH<->QS 2939/50000 = 0.0588 [0.0568, 0.0609]
  #3 KC<->QH 2887/50000 = 0.0577 [0.0557, 0.0598]
  #4 QH<->JS 2516/50000 = 0.0503 [0.0484, 0.0523]
  #5 KC<->JS 2498/50000 = 0.05 [0.0481, 0.0519]
  #6 QC<->JH 2492/50000 = 0.0498 [0.048, 0.0518]
  #7 QS<->JD 2476/50000 = 0.0495 [0.0477, 0.0515]
  #8 KH<->JD 2472/50000 = 0.0494 [0.0476, 0.0514]
$ ./measure surv 10 50000 3
PASSF2 layer-alone N=50000/pair seed=3: mean 0.000452 (1/2214); pairs>1/64 0; class means same-rank 0.00766 same-suit 4.49e-07 other 1e-06
  #1 6C<->6D 615/50000 = 0.0123 [0.0114, 0.0133]
  #2 9C<->9D 600/50000 = 0.012 [0.0111, 0.013]
  #3 8C<->8D 598/50000 = 0.012 [0.011, 0.013]
  #4 JC<->JD 594/50000 = 0.0119 [0.011, 0.0129]
  #5 4H<->4D 591/50000 = 0.0118 [0.0109, 0.0128]
  #6 JC<->JS 582/50000 = 0.0116 [0.0107, 0.0126]
  #7 9C<->9S 578/50000 = 0.0116 [0.0107, 0.0125]
  #8 7C<->7D 577/50000 = 0.0115 [0.0106, 0.0125]
$ ./measure surv 12 50000 3
PASSF2x2 layer-alone N=50000/pair seed=3: mean 1.41e-05 (1/70758); pairs>1/64 0; class means same-rank 0.00024 same-suit 6.41e-08 other 0
  #1 TC<->TS 27/50000 = 0.00054 [0.000371, 0.000786]
  #2 QC<->QD 26/50000 = 0.00052 [0.000355, 0.000762]
  #3 KC<->KS 24/50000 = 0.00048 [0.000323, 0.000714]
  #4 JC<->JD 23/50000 = 0.00046 [0.000307, 0.00069]
  #5 9C<->9S 22/50000 = 0.00044 [0.000291, 0.000666]
  #6 9C<->9D 22/50000 = 0.00044 [0.000291, 0.000666]
  #7 QC<->QS 22/50000 = 0.00044 [0.000291, 0.000666]
  #8 5C<->5D 21/50000 = 0.00042 [0.000275, 0.000642]
$ ./measure surv 13 50000 3
PASSF3 layer-alone N=50000/pair seed=3: mean 3.7e-06 (1/270612); pairs>1/64 0; class means same-rank 0 same-suit 5.77e-07 other 5.04e-06
  #1 3C<->KD 42/50000 = 0.00084 [0.000622, 0.00114]
  #2 2C<->KD 39/50000 = 0.00078 [0.000571, 0.00107]
  #3 3C<->QD 35/50000 = 0.0007 [0.000503, 0.000973]
  #4 4C<->KD 35/50000 = 0.0007 [0.000503, 0.000973]
  #5 AC<->KD 33/50000 = 0.00066 [0.00047, 0.000927]
  #6 AC<->QD 28/50000 = 0.00056 [0.000387, 0.000809]
  #7 2C<->QD 24/50000 = 0.00048 [0.000323, 0.000714]
  #8 5C<->6C 2/50000 = 4e-05 [1.1e-05, 0.000146]
