$ ./measure surv 4 5000 3
SRDUP layer-alone N=5000/pair seed=3: mean 0.00107 (1/932); pairs>1/64 0; class means same-rank 0 same-suit 0.00456 other 0
  #1 3H<->5H 40/5000 = 0.008 [0.00588, 0.0109]
  #2 2C<->3C 34/5000 = 0.0068 [0.00487, 0.00949]
  #3 2C<->QC 34/5000 = 0.0068 [0.00487, 0.00949]
  #4 4C<->9C 34/5000 = 0.0068 [0.00487, 0.00949]
  #5 3S<->5S 34/5000 = 0.0068 [0.00487, 0.00949]
  #6 5S<->8S 33/5000 = 0.0066 [0.0047, 0.00925]
  #7 6S<->7S 33/5000 = 0.0066 [0.0047, 0.00925]
  #8 8S<->9S 32/5000 = 0.0064 [0.00454, 0.00902]
$ ./measure surv 7 5000 3
PASSM2 layer-alone N=5000/pair seed=3: mean 2.71e-06 (1/368333); pairs>1/64 0; class means same-rank 0 same-suit 1.15e-05 other 0
  #1 AH<->KH 2/5000 = 0.0004 [0.00011, 0.00146]
  #2 AS<->KS 2/5000 = 0.0004 [0.00011, 0.00146]
  #3 AC<->5C 1/5000 = 0.0002 [3.53e-05, 0.00113]
  #4 AC<->7C 1/5000 = 0.0002 [3.53e-05, 0.00113]
  #5 AC<->JC 1/5000 = 0.0002 [3.53e-05, 0.00113]
  #6 2C<->4C 1/5000 = 0.0002 [3.53e-05, 0.00113]
  #7 2C<->JC 1/5000 = 0.0002 [3.53e-05, 0.00113]
  #8 AH<->7H 1/5000 = 0.0002 [3.53e-05, 0.00113]
$ ./measure surv 8 5000 3
PASSMR layer-alone N=5000/pair seed=3: mean 0.000924 (1/1082); pairs>1/64 2; class means same-rank 0.00151 same-suit 0.00355 other 0
  #1 AD<->KD 86/5000 = 0.0172 [0.0139, 0.0212]
  #2 AC<->KC 85/5000 = 0.017 [0.0138, 0.021]
  #3 AH<->KH 76/5000 = 0.0152 [0.0122, 0.019]
  #4 AS<->KS 75/5000 = 0.015 [0.012, 0.0188]
  #5 5S<->KS 52/5000 = 0.0104 [0.00794, 0.0136]
  #6 5H<->KH 51/5000 = 0.0102 [0.00777, 0.0134]
  #7 5C<->JC 50/5000 = 0.01 [0.00759, 0.0132]
  #8 3C<->KC 48/5000 = 0.0096 [0.00725, 0.0127]
