N = 2000000 random decks per difference; 1/64 = 0.01562, 1/221 = 0.004525
V | swap 2C<->7C                                     | swap, same suit (earlier worst class)                | same     9145/2000000 = 0.00457 [0.00448,0.00467] | best-out     9145 = 0.00457 (=in) | distinct 1990856
V | swap 2C<->7H                                     | swap, different suit+rank                            | same        0/2000000 = 0 [0,1.92e-06] | best-out        2 = 1e-06 (other) | distinct 1999999
V | swap 2C<->2H                                     | swap, same rank                                      | same        0/2000000 = 0 [0,1.92e-06] | best-out        4 = 2e-06 (other) | distinct 1997703
V | rank+1 on every card                             | v10Sym (proved symmetry)                             | same  2000000/2000000 = 1 [1,1] | best-out  2000000 = 1 (=in) | distinct 1
V | label^1 on every card (C<->D, H<->S)             | v10Sym (proved symmetry)                             | same  2000000/2000000 = 1 [1,1] | best-out  2000000 = 1 (=in) | distinct 1
V | rank+5 and label^2 on every card                 | v10Sym (proved symmetry)                             | same  2000000/2000000 = 1 [1,1] | best-out  2000000 = 1 (=in) | distinct 1
V | 3-cycle AC->2C->3C                               | 3-cycle, same suit, ranks in AP                      | same    16248/2000000 = 0.00812 [0.008,0.00825] | best-out    16248 = 0.00812 (=in) | distinct 1983753
V | 3-cycle AC->5C->9C                               | 3-cycle, same suit, ranks in AP                      | same    16370/2000000 = 0.00818 [0.00806,0.00831] | best-out    16370 = 0.00818 (=in) | distinct 1983631
V | 3-cycle AC->2C->5C                               | 3-cycle, same suit                                   | same    16380/2000000 = 0.00819 [0.00807,0.00832] | best-out    16380 = 0.00819 (=in) | distinct 1983621
V | 3-cycle 2C->2H->2S                               | 3-cycle, same rank                                   | same     2384/2000000 = 0.00119 [0.00115,0.00124] | best-out     2384 = 0.00119 (=in) | distinct 1997536
V | 3-cycle 2C->2D->2H                               | 3-cycle, same rank                                   | same     2384/2000000 = 0.00119 [0.00115,0.00124] | best-out     2384 = 0.00119 (=in) | distinct 1997508
V | 3-cycle 2C->7H->9S                               | 3-cycle, mixed                                       | same       51/2000000 = 2.55e-05 [1.94e-05,3.35e-05] | best-out       51 = 2.55e-05 (=in) | distinct 1999950
V | 3-cycle 2C->2H->7C                               | 3-cycle, mixed rank/suit                             | same        0/2000000 = 0 [0,1.92e-06] | best-out        1 = 5e-07 (other) | distinct 2000000
V | (AC 2C)(5C 6C)                                   | double swap, same suit, equal rank gaps              | same     4624/2000000 = 0.00231 [0.00225,0.00238] | best-out     4624 = 0.00231 (=in) | distinct 1995377
V | (AC 2C)(AH 2H)                                   | double swap, same rank pair in two suits             | same     4627/2000000 = 0.00231 [0.00225,0.00238] | best-out     4627 = 0.00231 (=in) | distinct 1995374
V | (AC 2C)(3H 4H)                                   | double swap, equal gaps, two suits                   | same     4534/2000000 = 0.00227 [0.0022,0.00233] | best-out     4534 = 0.00227 (=in) | distinct 1995467
V | (2C 2D)(5H 5S)                                   | double swap, same-rank pairs with equal GF(4) label change | same      318/2000000 = 0.000159 [0.000142,0.000177] | best-out      318 = 0.000159 (=in) | distinct 1999661
V | (2C 7H)(7C 2H)                                   | double swap, cross                                   | same        1/2000000 = 5e-07 [8.83e-08,2.83e-06] | best-out        1 = 5e-07 (other) | distinct 2000000
V | (2C 3C)(2D 3D)(2H 3H)(2S 3S)                     | 4 swaps: swap ranks 2,3 in every suit                | same      316/2000000 = 0.000158 [0.000142,0.000176] | best-out      316 = 0.000158 (=in) | distinct 1999685
V | label^1 on rank 2 (2C<->2D, 2H<->2S)             | GF(4) suit map on one rank                           | same      279/2000000 = 0.00014 [0.000124,0.000157] | best-out      279 = 0.00014 (=in) | distinct 1999694
V | label^2 on rank 2 (2C<->2H, 2S<->2D)             | GF(4) suit map on one rank                           | same      297/2000000 = 0.000149 [0.000133,0.000166] | best-out      297 = 0.000149 (=in) | distinct 1999671
V | label^1 on ranks 2,3                             | GF(4) suit map on two ranks                          | same        2/2000000 = 1e-06 [2.74e-07,3.65e-06] | best-out        2 = 1e-06 (=in) | distinct 1999999
V | label^1 on ranks A..6 (half the deck)            | GF(4) suit map on 6 ranks                            | same        0/2000000 = 0 [0,1.92e-06] | best-out        1 = 5e-07 (other) | distinct 2000000
V | label x w on rank 2 (D->H->S->D)                 | GF(4)-linear (non-translation) suit map on one rank  | same     2279/2000000 = 0.00114 [0.00109,0.00119] | best-out     2279 = 0.00114 (=in) | distinct 1997609
V | label x w on every card                          | GF(4)-linear suit map, global                        | same        0/2000000 = 0 [0,1.92e-06] | best-out        1 = 5e-07 (other) | distinct 2000000
V | swap suits C<->D on every card                   | suit swap, global (label 0<->1)                      | same        0/2000000 = 0 [0,1.92e-06] | best-out        1 = 5e-07 (other) | distinct 2000000
V | swap suits C<->H on every card                   | suit swap, global (label 0<->2)                      | same        0/2000000 = 0 [0,1.92e-06] | best-out        1 = 5e-07 (other) | distinct 2000000
V | rank+1 within clubs only                         | rank shift on one suit (13-cycle)                    | same      132/2000000 = 6.6e-05 [5.57e-05,7.83e-05] | best-out      132 = 6.6e-05 (=in) | distinct 1999869
V | rank+1 within clubs and diamonds                 | rank shift on two suits                              | same       67/2000000 = 3.35e-05 [2.64e-05,4.25e-05] | best-out       67 = 3.35e-05 (=in) | distinct 1999934
V | 6-cycle AC->2C->..->6C                           | rank cycle on 6 cards of a suit                      | same     1306/2000000 = 0.000653 [0.000619,0.000689] | best-out     1306 = 0.000653 (=in) | distinct 1998695
V | rank x2 on every card                            | rank multiplication, global                          | same       82/2000000 = 4.1e-05 [3.3e-05,5.09e-05] | best-out       82 = 4.1e-05 (=in) | distinct 1999919
V | rank -> -rank on every card                      | rank negation, global                                | same       78/2000000 = 3.9e-05 [3.13e-05,4.87e-05] | best-out       78 = 3.9e-05 (=in) | distinct 1999923
P | swap cells (0,0)<->(1,0)                         | position swap, column 0 (weight-0 cells)             | same      698/2000000 = 0.000349 [0.000324,0.000376] | best-out      698 = 0.000349 (=in) | distinct 1912628
P | swap cells (0,3)<->(0,10)                        | position swap in row 0                               | same        0/2000000 = 0 [0,1.92e-06] | best-out       61 = 3.05e-05 (other) | distinct 1966535
P | swap cells (2,4)<->(3,4)                         | position swap in a column                            | same        0/2000000 = 0 [0,1.92e-06] | best-out      730 = 0.000365 (other) | distinct 1972922
P | 3-cycle (0,1)(0,2)(0,3)                          | position 3-cycle in a row                            | same        7/2000000 = 3.5e-06 [1.7e-06,7.23e-06] | best-out       25 = 1.25e-05 (other) | distinct 1960728
P | 3-cycle (2,1)(2,5)(2,9)                          | position 3-cycle in a row                            | same       11/2000000 = 5.5e-06 [3.07e-06,9.85e-06] | best-out       24 = 1.2e-05 (other) | distinct 1987811
P | 3-cycle (0,5)(1,5)(2,5)                          | position 3-cycle in a column                         | same        0/2000000 = 0 [0,1.92e-06] | best-out        9 = 4.5e-06 (other) | distinct 1999970
P | 3-cycle (0,1)(1,5)(2,9)                          | position 3-cycle across rows/cols                    | same        0/2000000 = 0 [0,1.92e-06] | best-out        4 = 2e-06 (other) | distinct 1999985
P | (0,1 0,12)(0,2 0,11)                             | position double swap, row 0, mirrored                | same        2/2000000 = 1e-06 [2.74e-07,3.65e-06] | best-out       10 = 5e-06 (other) | distinct 1991452
P | (0,0 1,0)(2,0 3,0)                               | position double swap, column 0                       | same        9/2000000 = 4.5e-06 [2.37e-06,8.55e-06] | best-out        9 = 4.5e-06 (=in) | distinct 1999964
P | rotate row 0 left by 1                           | row rotation                                         | same        0/2000000 = 0 [0,1.92e-06] | best-out      174 = 8.7e-05 (other) | distinct 1999606
P | rotate row 3 left by 1                           | row rotation                                         | same        0/2000000 = 0 [0,1.92e-06] | best-out        1 = 5e-07 (other) | distinct 2000000
P | rotate every row left by 1                       | all rows rotated                                     | same      179/2000000 = 8.95e-05 [7.73e-05,0.000104] | best-out      179 = 8.95e-05 (=in) | distinct 1998896
P | rotate every row left by 6                       | all rows rotated                                     | same      186/2000000 = 9.3e-05 [8.06e-05,0.000107] | best-out      186 = 9.3e-05 (=in) | distinct 1999179
P | rotate column 0 down by 1                        | column rotation                                      | same       32/2000000 = 1.6e-05 [1.13e-05,2.26e-05] | best-out       32 = 1.6e-05 (=in) | distinct 1999942
P | rotate column 7 down by 2                        | column rotation                                      | same        0/2000000 = 0 [0,1.92e-06] | best-out        2 = 1e-06 (other) | distinct 1999999
P | rotate every column down by 1 (rows cycle)       | all columns rotated                                  | same        0/2000000 = 0 [0,1.92e-06] | best-out        9 = 4.5e-06 (other) | distinct 1998787
P | swap rows 0 and 2                                | row swap                                             | same        0/2000000 = 0 [0,1.92e-06] | best-out        1 = 5e-07 (other) | distinct 2000000
P | swap columns 0 and 1                             | column swap                                          | same        0/2000000 = 0 [0,1.92e-06] | best-out        1 = 5e-07 (other) | distinct 2000000
P | swap block rows0-1 x cols0-3 with cols6-9        | block move                                           | same        0/2000000 = 0 [0,1.92e-06] | best-out        1 = 5e-07 (other) | distinct 2000000
