hill-climb mode P: 32 climbs x 400 steps, 10000 decks per score, support <= 6
  fresh       9/10000 = 0.0009   (climb score 12)  support  2  (1,5 3,10)
  fresh       8/10000 = 0.0008   (climb score 7)  support  2  (0,0 2,4)
  fresh       8/10000 = 0.0008   (climb score 4)  support  2  (1,11 3,10)
  fresh       8/10000 = 0.00079   (climb score 10)  support  2  (1,11 3,9)
  fresh       7/10000 = 0.00074   (climb score 9)  support  2  (1,11 3,6)
  fresh       7/10000 = 0.00071   (climb score 10)  support  2  (1,4 3,12)
  fresh       7/10000 = 0.0007   (climb score 11)  support  2  (1,3 3,0)
  fresh       5/10000 = 0.00053   (climb score 5)  support  2  (0,0 1,0)
  fresh       4/10000 = 0.00043   (climb score 8)  support  2  (2,4 3,2)
  fresh       4/10000 = 0.0004   (climb score 6)  support  2  (2,10 3,11)
  fresh       4/10000 = 0.0004   (climb score 4)  support  2  (1,2 2,11)
  fresh       4/10000 = 0.00038   (climb score 6)  support  2  (2,3 3,0)
  fresh       4/10000 = 0.00037   (climb score 7)  support  2  (2,8 3,12)
  fresh       4/10000 = 0.00035   (climb score 6)  support  2  (1,10 2,4)
  fresh       2/10000 = 0.00015   (climb score 3)  support  2  (1,9 1,10)
  fresh       1/10000 = 0.00014   (climb score 3)  support  2  (1,2 1,3)
  fresh       1/10000 = 0.00013   (climb score 2)  support  2  (0,4 2,9)
  fresh       1/10000 = 0.0001   (climb score 3)  support  2  (0,8 0,9)
  fresh       1/10000 = 9e-05   (climb score 2)  support  2  (0,8 2,10)
  fresh       1/10000 = 9e-05   (climb score 2)  support  2  (0,10 2,0)
  fresh       1/10000 = 7e-05   (climb score 2)  support  2  (0,2 2,10)
  fresh       1/10000 = 6e-05   (climb score 3)  support  2  (0,1 0,2)
  fresh       1/10000 = 6e-05   (climb score 2)  support  2  (0,6 3,0)
  fresh       0/10000 = 5e-05   (climb score 2)  support  2  (0,8 1,2)
  fresh       0/10000 = 4e-05   (climb score 3)  support  2  (2,4 2,11)
  fresh       0/10000 = 4e-05   (climb score 3)  support  2  (1,3 1,10)
  fresh       0/10000 = 4e-05   (climb score 2)  support  3  (3,1 3,6 3,4)
  fresh       0/10000 = 4e-05   (climb score 2)  support  2  (0,3 1,11)
  fresh       0/10000 = 4e-05   (climb score 2)  support  2  (0,2 3,4)
  fresh       0/10000 = 3e-05   (climb score 2)  support  3  (0,4 0,8 0,7)
  fresh       0/10000 = 1e-05   (climb score 2)  support  4  (0,7 3,8)(0,8 3,9)
  fresh       0/10000 = 1e-05   (climb score 1)  support  6  (0,6 3,9 3,11 1,1 0,7 2,0)
