hill-climb mode V: 64 climbs x 1000 steps, 20000 decks per score, support <= 8
  fresh     191/20000 = 0.00955   (climb score 177)  support  3  (2C 6C 4C)
  fresh     180/20000 = 0.009   (climb score 158)  support  3  (2H KH JH)
  fresh     166/20000 = 0.0083   (climb score 163)  support  3  (4S 8S QS)
  fresh     162/20000 = 0.0081   (climb score 145)  support  3  (2H 6H 4H)
  fresh     161/20000 = 0.00805   (climb score 175)  support  3  (AD 8D 5D)
  fresh     161/20000 = 0.00805   (climb score 161)  support  3  (8C QC KC)
  fresh     161/20000 = 0.00805   (climb score 135)  support  3  (AH 2H 4H)
  fresh     160/20000 = 0.008   (climb score 190)  support  3  (AS QS 8S)
  fresh     157/20000 = 0.00785   (climb score 165)  support  3  (3S KS TS)
  fresh     157/20000 = 0.00785   (climb score 153)  support  3  (2H 9H QH)
  fresh     150/20000 = 0.0075   (climb score 165)  support  3  (3H 7H 5H)
  fresh     150/20000 = 0.0075   (climb score 142)  support  3  (AS 8S JS)
  fresh     139/20000 = 0.00695   (climb score 172)  support  3  (2H 6H 7H)
  fresh     130/20000 = 0.0065   (climb score 172)  support  3  (AC 6C KC)
  fresh       2/20000 = 0.0001   (climb score 4)  support  3  (KC AD KS)
  fresh       2/20000 = 0.0001   (climb score 2)  support  3  (4H 4S AD)
  fresh       1/20000 = 5e-05   (climb score 3)  support  3  (9H 9D TS)
  fresh       1/20000 = 5e-05   (climb score 2)  support  3  (QC 6S 6H)
  fresh       1/20000 = 5e-05   (climb score 2)  support  3  (8C 2H 9D)
  fresh       1/20000 = 5e-05   (climb score 2)  support  3  (5H 6D 8S)
  fresh       0/20000 = 0   (climb score 3)  support  3  (3C AH JS)
  fresh       0/20000 = 0   (climb score 2)  support  4  (9C 4S 6H JC)
  fresh       0/20000 = 0   (climb score 2)  support  3  (5C 6S 6H)
  fresh       0/20000 = 0   (climb score 1)  support  8  (KC KS 5S 3D)(4D KD)(6D 9D)
  fresh       0/20000 = 0   (climb score 1)  support  8  (5C JC KC)(QC AD TD QS 4S)
  fresh       0/20000 = 0   (climb score 1)  support  8  (3C 5S TS 9H AH 5H)(AS TD)
  fresh       0/20000 = 0   (climb score 1)  support  7  (5C QH AH TH 8S QS JS)
  fresh       0/20000 = 0   (climb score 1)  support  6  (2C 9D 2D AS KC 3C)
  fresh       0/20000 = 0   (climb score 1)  support  3  (5C 2D 6H)
  fresh       0/20000 = 0   (climb score 0)  support  8  (TC 4S 5H 9H)(3H TD KD 8S)
  fresh       0/20000 = 0   (climb score 0)  support  8  (TC 4D 8D QD 8H 4H AD 9D)
  fresh       0/20000 = 0   (climb score 0)  support  8  (KC TH QD QH 5H 3D)(3H JS)
  fresh       0/20000 = 0   (climb score 0)  support  8  (KC JD 2H JS 8D 4H)(9S QD)
  fresh       0/20000 = 0   (climb score 0)  support  8  (AC KH QD TH JS 2D)(6C 4S)
  fresh       0/20000 = 0   (climb score 0)  support  8  (AC 8H KH)(6H 8S AS)(9H KD)
  fresh       0/20000 = 0   (climb score 0)  support  8  (AC 8D 2S 7S)(4H JS)(KH 3D)
  fresh       0/20000 = 0   (climb score 0)  support  8  (AC 5H 2H 8S)(TH 5S 4S KH)
  fresh       0/20000 = 0   (climb score 0)  support  8  (9C 5H AS KH TH 9D 4D 7S)
  fresh       0/20000 = 0   (climb score 0)  support  8  (8H QS 6D 4D TD)(AS 3D 5S)
  fresh       0/20000 = 0   (climb score 0)  support  8  (8C JS)(6H 4D 6D)(2S JD QD)
  fresh       0/20000 = 0   (climb score 0)  support  8  (8C 9S TC)(QH JD 8D AS 4D)
  fresh       0/20000 = 0   (climb score 0)  support  8  (8C 7H QC QS 3D TD 5H 8S)
  fresh       0/20000 = 0   (climb score 0)  support  8  (7C QD)(8C 3H 4D 5H)(AH 7D)
  fresh       0/20000 = 0   (climb score 0)  support  8  (7C JS 7H KC 2H KS)(5H 2D)
  fresh       0/20000 = 0   (climb score 0)  support  8  (7C 6S JH QC QD 7H 5D AS)
  fresh       0/20000 = 0   (climb score 0)  support  8  (6C 9C)(7C QH 5H 2S)(TS AD)
  fresh       0/20000 = 0   (climb score 0)  support  8  (6C 8H JS 5D 7C 9H 2H 5S)
  fresh       0/20000 = 0   (climb score 0)  support  8  (6C 4S TS)(8H 2S TD 7D 8D)
  fresh       0/20000 = 0   (climb score 0)  support  8  (5C 9H QH 5D 3H)(9C 4D 7S)
  fresh       0/20000 = 0   (climb score 0)  support  8  (5C 8S 6S 7H)(KC 9H 6D 5H)
  fresh       0/20000 = 0   (climb score 0)  support  8  (4H AS 3D 9D 5D)(7H JH AD)
  fresh       0/20000 = 0   (climb score 0)  support  8  (4C KC AS 3S AH TS)(5C QS)
  fresh       0/20000 = 0   (climb score 0)  support  8  (4C AS 8C 2S)(JH QH 4S AD)
  fresh       0/20000 = 0   (climb score 0)  support  8  (3C QH QS)(4H 5S 5D 2D AS)
  fresh       0/20000 = 0   (climb score 0)  support  8  (3C QH QD 4H 3S)(KS KD JD)
  fresh       0/20000 = 0   (climb score 0)  support  8  (3C 4C QD 5S 7H 5C 2S JC)
  fresh       0/20000 = 0   (climb score 0)  support  8  (2H 6H TH 2D)(3S TS 4S QD)
  fresh       0/20000 = 0   (climb score 0)  support  8  (2C 9S 5S JD KD)(2H 2D 5D)
  fresh       0/20000 = 0   (climb score 0)  support  8  (2C 8D JH)(7H 9D 4S 9S KS)
  fresh       0/20000 = 0   (climb score 0)  support  8  (2C 7H TH 3C KS)(4C KH 5H)
  fresh       0/20000 = 0   (climb score 0)  support  8  (2C 3D)(5S 8D KS)(8S QD JS)
  fresh       0/20000 = 0   (climb score 0)  support  7  (8C JD JH QD)(QC AS 8S)
  fresh       0/20000 = 0   (climb score 0)  support  7  (5C TH 3D)(8C QD 9D JC)
  fresh       0/20000 = 0   (climb score 0)  support  6  (AH 9H TH TD 3D 5S)
