N = 1000000; noise sd of a correlation ~ 0.001 (so |corr| < ~0.005 is noise)
largest same-feature correlations (feature in vs same feature out):
  col4 #S                        corr +0.0032
  col8 #H                        corr -0.0026
  col2 #red                      corr +0.0026
  row3 ranksum                   corr -0.0022
  col8 #red                      corr -0.0018
  row3 #C                        corr +0.0018
  col11 #S                       corr -0.0017
  row2 #D                        corr -0.0017
  col2 #D                        corr +0.0017
  row2 weighted-ranksum mod 13   corr -0.0016
  col12 #C                       corr +0.0016
  col4 #C                        corr -0.0016
largest cross-feature correlations (in feature -> different out feature):
  row2 ranksum                   -> row2 #H                        corr +0.0041
  col7 #H                        -> col8 #H                        corr +0.0038
  col7 #red                      -> col8 #H                        corr +0.0038
  col4 #red                      -> col4 #S                        corr -0.0037
  col5 #C                        -> col4 #S                        corr -0.0036
  col7 #H                        -> col6 #red                      corr -0.0035
  col5 #H                        -> col11 #H                       corr -0.0035
  col10 #red                     -> col6 #C                        corr -0.0034
a given card ends in the same cell: 0.0192 (uniform 1/52 = 0.0192); same row: 0.2499 (uniform 0.25); same column: 0.0770 (uniform 0.0769)
