pt: 1326 differences, N = 200000 decks each (seed 7). Top 25:
  cells (1,2)<->(3,6)                      best-out     169/200000 = 0.000845  same 0
  cells (1,8)<->(3,1)                      best-out     167/200000 = 0.000835  same 0
  cells (1,7)<->(3,8)                      best-out     167/200000 = 0.000835  same 0
  cells (1,6)<->(3,1)                      best-out     166/200000 = 0.00083  same 0
  cells (1,3)<->(3,0)                      best-out     165/200000 = 0.000825  same 0
  cells (0,0)<->(2,12)                     best-out     163/200000 = 0.000815  same 16
  cells (1,2)<->(3,12)                     best-out     163/200000 = 0.000815  same 0
  cells (1,1)<->(3,3)                      best-out     163/200000 = 0.000815  same 0
  cells (1,2)<->(3,3)                      best-out     162/200000 = 0.00081  same 0
  cells (1,10)<->(3,0)                     best-out     162/200000 = 0.00081  same 0
  cells (1,9)<->(3,5)                      best-out     161/200000 = 0.000805  same 0
  cells (1,10)<->(3,9)                     best-out     160/200000 = 0.0008  same 0
  cells (1,10)<->(3,12)                    best-out     160/200000 = 0.0008  same 0
  cells (1,5)<->(3,3)                      best-out     159/200000 = 0.000795  same 0
  cells (1,10)<->(3,7)                     best-out     159/200000 = 0.000795  same 0
  cells (1,8)<->(3,9)                      best-out     158/200000 = 0.00079  same 0
  cells (1,8)<->(3,8)                      best-out     158/200000 = 0.00079  same 0
  cells (1,7)<->(3,3)                      best-out     158/200000 = 0.00079  same 0
  cells (1,4)<->(3,1)                      best-out     158/200000 = 0.00079  same 0
  cells (1,9)<->(3,2)                      best-out     157/200000 = 0.000785  same 0
  cells (1,5)<->(3,2)                      best-out     157/200000 = 0.000785  same 0
  cells (1,10)<->(3,4)                     best-out     157/200000 = 0.000785  same 0
  cells (1,1)<->(3,9)                      best-out     157/200000 = 0.000785  same 0
  cells (1,1)<->(3,2)                      best-out     157/200000 = 0.000785  same 0
  cells (1,0)<->(3,12)                     best-out     157/200000 = 0.000785  same 0
  histogram of score in units of 1/64 (bucket: count): {0: 1326}
  number above 1/221: 0  above 1/64: 0
