pc3: 44200 differences, N = 10000 decks each (seed 7). Top 25:
  cells (1,6)->(3,11)->(2,2)               best-out       4/10000 = 0.0004  same 0
  cells (1,6)->(2,2)->(3,11)               best-out       4/10000 = 0.0004  same 0
  cells (1,2)->(1,7)->(1,5)                best-out       4/10000 = 0.0004  same 0
  cells (1,1)->(3,5)->(2,4)                best-out       4/10000 = 0.0004  same 0
  cells (1,1)->(2,4)->(3,5)                best-out       4/10000 = 0.0004  same 0
  cells (1,0)->(3,12)->(2,5)               best-out       4/10000 = 0.0004  same 0
  cells (1,0)->(2,5)->(3,12)               best-out       4/10000 = 0.0004  same 0
  cells (0,0)->(3,2)->(2,7)                best-out       4/10000 = 0.0004  same 0
  cells (0,0)->(2,7)->(3,2)                best-out       4/10000 = 0.0004  same 0
  cells (3,5)->(3,12)->(3,8)               best-out       3/10000 = 0.0003  same 1
  cells (3,1)->(3,3)->(3,12)               best-out       3/10000 = 0.0003  same 1
  cells (1,3)->(1,11)->(1,7)               best-out       3/10000 = 0.0003  same 1
  cells (0,2)->(0,4)->(0,3)                best-out       3/10000 = 0.0003  same 1
  cells (0,1)->(0,7)->(0,12)               best-out       3/10000 = 0.0003  same 1
  cells (0,1)->(0,12)->(0,7)               best-out       3/10000 = 0.0003  same 1
  cells (3,9)->(3,10)->(3,11)              best-out       3/10000 = 0.0003  same 0
  cells (3,8)->(3,12)->(3,11)              best-out       3/10000 = 0.0003  same 0
  cells (3,8)->(3,11)->(3,12)              best-out       3/10000 = 0.0003  same 0
  cells (3,5)->(3,7)->(3,9)                best-out       3/10000 = 0.0003  same 0
  cells (3,3)->(3,9)->(3,5)                best-out       3/10000 = 0.0003  same 0
  cells (3,3)->(3,9)->(3,12)               best-out       3/10000 = 0.0003  same 0
  cells (3,2)->(3,7)->(3,12)               best-out       3/10000 = 0.0003  same 0
  cells (3,1)->(3,8)->(3,5)                best-out       3/10000 = 0.0003  same 0
  cells (3,1)->(3,7)->(3,3)                best-out       3/10000 = 0.0003  same 0
  cells (3,1)->(3,7)->(3,12)               best-out       3/10000 = 0.0003  same 0
  histogram of score in units of 1/64 (bucket: count): {0: 44200}
  number above 1/221: 0  above 1/64: 0
