V50: decks differ at walk positions 50,51 (8D <-> 4D); tables equal: True
V50: decks differ at walk positions 39,43 (4S <-> 4C); tables equal: True
V50: decks differ at walk positions 43,47 (5H <-> 5C); tables equal: True
V51: decks differ at walk positions 50,51 (8D <-> 4D); tables equal: True
V51: decks differ at walk positions 38,49 (AH <-> 7H); tables equal: True
V51: decks differ at walk positions 40,44 (8D <-> TS); tables equal: True
V51: decks differ at walk positions 41,45 (3D <-> 6C); tables equal: True
V52: decks differ at walk positions 49,50 (7H <-> JC); tables equal: True
V52: decks differ at walk positions 43,44 (4C <-> QS); tables equal: True
V52: decks differ at walk positions 43,46 (8S <-> TH); tables equal: True
V53: decks differ at walk positions 49,51 (7H <-> 2D); tables equal: True
V53: decks differ at walk positions 49,51 (8D <-> KS); tables equal: True
V53: decks differ at walk positions 37,39 (3H <-> 2C); tables equal: True
V53: decks differ at walk positions 45,47 (9D <-> 5H); tables equal: True
14 witnesses independently confirmed
--- V50 deck A, steps 50..51:
50 8D target (2, 1) blocked by TS; scan row 0 from col 9 -> (0, 0); marker 1->2
51 4D target (1, 9) blocked by JD; scan row 1 from col 0 -> (0, 6); marker 2->3
--- V50 deck B, steps 50..51:
50 4D target (2, 1) blocked by TS; scan row 0 from col 5 -> (0, 6); marker 1->2
51 8D target (1, 5) blocked by 4S; scan row 1 from col 0 -> (0, 0); marker 2->3
--- V50 deck A, steps 39..44:
39 4S target (1, 12) blocked by JH; scan row 1 from col 3 -> (1, 5); marker 3->0
40 5S target (3, 3) blocked by QH; scan row 2 from col 8 -> (2, 8); marker 0->1
41 AS target (1, 8) blocked by 9H; scan row 3 from col 9 -> (3, 10); marker 1->2
42 3H target (3, 9) blocked by 7S; scan row 3 from col 12 -> (3, 0); marker 2->3
43 4C target (0, 12) blocked by TS; scan row 3 from col 3 -> (3, 5); marker 3->0
44 6H target (0, 3) free
--- V50 deck B, steps 39..44:
39 4C target (1, 12) blocked by JH; scan row 3 from col 3 -> (3, 5); marker 3->0
40 5S target (1, 3) blocked by 8D; scan row 2 from col 8 -> (2, 8); marker 0->1
41 AS target (3, 8) blocked by TD; scan row 3 from col 9 -> (3, 10); marker 1->2
42 3H target (1, 9) blocked by KD; scan row 3 from col 12 -> (3, 0); marker 2->3
43 4S target (2, 12) blocked by 4H; scan row 1 from col 3 -> (1, 5); marker 3->0
44 6H target (0, 3) free
