selfcheck: seats_prefix == ddport.walk_v11 prefixes on 300 random decks: ok

== v10Sym a x (51 nontrivial): exact A_2, A_3 ==
v10Sym  0 1: A_2=0 (0.000e+00)  A_3=0 (0.000e+00)
v10Sym  0 2: A_2=0 (0.000e+00)  A_3=0 (0.000e+00)
v10Sym  0 3: A_2=1/26 (3.846e-02)  A_3=25/663 (3.771e-02)
v10Sym  1 0: A_2=0 (0.000e+00)  A_3=0 (0.000e+00)
v10Sym  1 1: A_2=0 (0.000e+00)  A_3=0 (0.000e+00)
v10Sym  1 2: A_2=0 (0.000e+00)  A_3=0 (0.000e+00)
v10Sym  1 3: A_2=0 (0.000e+00)  A_3=0 (0.000e+00)
v10Sym  2 0: A_2=0 (0.000e+00)  A_3=0 (0.000e+00)
v10Sym  2 1: A_2=0 (0.000e+00)  A_3=0 (0.000e+00)
v10Sym  2 2: A_2=0 (0.000e+00)  A_3=0 (0.000e+00)
v10Sym  2 3: A_2=0 (0.000e+00)  A_3=0 (0.000e+00)
v10Sym  3 0: A_2=0 (0.000e+00)  A_3=0 (0.000e+00)
v10Sym  3 1: A_2=0 (0.000e+00)  A_3=0 (0.000e+00)
v10Sym  3 2: A_2=0 (0.000e+00)  A_3=0 (0.000e+00)
v10Sym  3 3: A_2=0 (0.000e+00)  A_3=0 (0.000e+00)
v10Sym  4 0: A_2=0 (0.000e+00)  A_3=0 (0.000e+00)
v10Sym  4 1: A_2=0 (0.000e+00)  A_3=0 (0.000e+00)
v10Sym  4 2: A_2=0 (0.000e+00)  A_3=0 (0.000e+00)
v10Sym  4 3: A_2=0 (0.000e+00)  A_3=0 (0.000e+00)
v10Sym  5 0: A_2=0 (0.000e+00)  A_3=0 (0.000e+00)
v10Sym  5 1: A_2=0 (0.000e+00)  A_3=0 (0.000e+00)
v10Sym  5 2: A_2=0 (0.000e+00)  A_3=0 (0.000e+00)
v10Sym  5 3: A_2=0 (0.000e+00)  A_3=0 (0.000e+00)
v10Sym  6 0: A_2=0 (0.000e+00)  A_3=0 (0.000e+00)
v10Sym  6 1: A_2=0 (0.000e+00)  A_3=0 (0.000e+00)
v10Sym  6 2: A_2=0 (0.000e+00)  A_3=0 (0.000e+00)
v10Sym  6 3: A_2=0 (0.000e+00)  A_3=0 (0.000e+00)
v10Sym  7 0: A_2=0 (0.000e+00)  A_3=0 (0.000e+00)
v10Sym  7 1: A_2=0 (0.000e+00)  A_3=0 (0.000e+00)
v10Sym  7 2: A_2=0 (0.000e+00)  A_3=0 (0.000e+00)
v10Sym  7 3: A_2=0 (0.000e+00)  A_3=0 (0.000e+00)
v10Sym  8 0: A_2=0 (0.000e+00)  A_3=0 (0.000e+00)
v10Sym  8 1: A_2=0 (0.000e+00)  A_3=0 (0.000e+00)
v10Sym  8 2: A_2=0 (0.000e+00)  A_3=0 (0.000e+00)
v10Sym  8 3: A_2=0 (0.000e+00)  A_3=0 (0.000e+00)
v10Sym  9 0: A_2=0 (0.000e+00)  A_3=0 (0.000e+00)
v10Sym  9 1: A_2=0 (0.000e+00)  A_3=0 (0.000e+00)
v10Sym  9 2: A_2=0 (0.000e+00)  A_3=0 (0.000e+00)
v10Sym  9 3: A_2=0 (0.000e+00)  A_3=0 (0.000e+00)
v10Sym 10 0: A_2=0 (0.000e+00)  A_3=0 (0.000e+00)
v10Sym 10 1: A_2=0 (0.000e+00)  A_3=0 (0.000e+00)
v10Sym 10 2: A_2=0 (0.000e+00)  A_3=0 (0.000e+00)
v10Sym 10 3: A_2=0 (0.000e+00)  A_3=0 (0.000e+00)
v10Sym 11 0: A_2=0 (0.000e+00)  A_3=0 (0.000e+00)
v10Sym 11 1: A_2=0 (0.000e+00)  A_3=0 (0.000e+00)
v10Sym 11 2: A_2=0 (0.000e+00)  A_3=0 (0.000e+00)
v10Sym 11 3: A_2=0 (0.000e+00)  A_3=0 (0.000e+00)
v10Sym 12 0: A_2=0 (0.000e+00)  A_3=0 (0.000e+00)
v10Sym 12 1: A_2=0 (0.000e+00)  A_3=0 (0.000e+00)
v10Sym 12 2: A_2=0 (0.000e+00)  A_3=0 (0.000e+00)
v10Sym 12 3: A_2=0 (0.000e+00)  A_3=0 (0.000e+00)
nonzero A_2: [(0, 3)]
v10Sym 0 3: A_4 = 1/4420 (2.262e-04)

== transpositions (a b), all 1326: exact A_2, A_3 ==
max A_2 over transpositions = 1 (1.0000); min = 25/26
top 10 by A_3:
  (AC KC): A_2=25/26 A_3=413/442 (0.9344)
  (KC KS): A_2=1 A_3=1237/1326 (0.9329)
  (KC KD): A_2=25/26 A_3=1237/1326 (0.9329)
  (KC KH): A_2=25/26 A_3=1237/1326 (0.9329)
  (KH KS): A_2=25/26 A_3=409/442 (0.9253)
  (KS KD): A_2=25/26 A_3=613/663 (0.9246)
  (KS QD): A_2=25/26 A_3=613/663 (0.9246)
  (KS JD): A_2=25/26 A_3=613/663 (0.9246)
  (KS TD): A_2=25/26 A_3=613/663 (0.9246)
  (KS 9D): A_2=25/26 A_3=613/663 (0.9246)
min A_3 over transpositions = 1225/1326
