# [A] per element: GridCycle on 20000 random decks, one full round on 4000 (deck, key) pairs, encrypt6 on 4000 (deck, random key) pairs
v9Sym(0, 1): GridCycle 0/20000  round 0/4000  encrypt 0/4000  (first-card bound 0.0000)
v9Sym(0, 2): GridCycle 0/20000  round 0/4000  encrypt 0/4000  (first-card bound 0.0385)
v9Sym(0, 3): GridCycle 0/20000  round 0/4000  encrypt 0/4000  (first-card bound 0.0000)
v9Sym(1, 0): GridCycle 0/20000  round 0/4000  encrypt 0/4000  (first-card bound 0.0000)
v9Sym(1, 1): GridCycle 0/20000  round 0/4000  encrypt 0/4000  (first-card bound 0.0000)
v9Sym(1, 2): GridCycle 0/20000  round 0/4000  encrypt 0/4000  (first-card bound 0.0000)
v9Sym(1, 3): GridCycle 0/20000  round 0/4000  encrypt 0/4000  (first-card bound 0.0000)
v9Sym(2, 0): GridCycle 0/20000  round 0/4000  encrypt 0/4000  (first-card bound 0.0000)
v9Sym(2, 1): GridCycle 0/20000  round 0/4000  encrypt 0/4000  (first-card bound 0.0000)
v9Sym(2, 2): GridCycle 0/20000  round 0/4000  encrypt 0/4000  (first-card bound 0.0000)
v9Sym(2, 3): GridCycle 0/20000  round 0/4000  encrypt 0/4000  (first-card bound 0.0000)
v9Sym(3, 0): GridCycle 0/20000  round 0/4000  encrypt 0/4000  (first-card bound 0.0000)
v9Sym(3, 1): GridCycle 0/20000  round 0/4000  encrypt 0/4000  (first-card bound 0.0000)
v9Sym(3, 2): GridCycle 0/20000  round 0/4000  encrypt 0/4000  (first-card bound 0.0000)
v9Sym(3, 3): GridCycle 0/20000  round 0/4000  encrypt 0/4000  (first-card bound 0.0000)
v9Sym(4, 0): GridCycle 0/20000  round 0/4000  encrypt 0/4000  (first-card bound 0.0000)
v9Sym(4, 1): GridCycle 0/20000  round 0/4000  encrypt 0/4000  (first-card bound 0.0000)
v9Sym(4, 2): GridCycle 0/20000  round 0/4000  encrypt 0/4000  (first-card bound 0.0000)
v9Sym(4, 3): GridCycle 0/20000  round 0/4000  encrypt 0/4000  (first-card bound 0.0000)
v9Sym(5, 0): GridCycle 0/20000  round 0/4000  encrypt 0/4000  (first-card bound 0.0000)
v9Sym(5, 1): GridCycle 0/20000  round 0/4000  encrypt 0/4000  (first-card bound 0.0000)
v9Sym(5, 2): GridCycle 0/20000  round 0/4000  encrypt 0/4000  (first-card bound 0.0000)
v9Sym(5, 3): GridCycle 0/20000  round 0/4000  encrypt 0/4000  (first-card bound 0.0000)
v9Sym(6, 0): GridCycle 0/20000  round 0/4000  encrypt 0/4000  (first-card bound 0.0000)
v9Sym(6, 1): GridCycle 0/20000  round 0/4000  encrypt 0/4000  (first-card bound 0.0000)
v9Sym(6, 2): GridCycle 0/20000  round 0/4000  encrypt 0/4000  (first-card bound 0.0000)
v9Sym(6, 3): GridCycle 0/20000  round 0/4000  encrypt 0/4000  (first-card bound 0.0000)
v9Sym(7, 0): GridCycle 0/20000  round 0/4000  encrypt 0/4000  (first-card bound 0.0000)
v9Sym(7, 1): GridCycle 0/20000  round 0/4000  encrypt 0/4000  (first-card bound 0.0000)
v9Sym(7, 2): GridCycle 0/20000  round 0/4000  encrypt 0/4000  (first-card bound 0.0000)
v9Sym(7, 3): GridCycle 0/20000  round 0/4000  encrypt 0/4000  (first-card bound 0.0000)
v9Sym(8, 0): GridCycle 0/20000  round 0/4000  encrypt 0/4000  (first-card bound 0.0000)
v9Sym(8, 1): GridCycle 0/20000  round 0/4000  encrypt 0/4000  (first-card bound 0.0000)
v9Sym(8, 2): GridCycle 0/20000  round 0/4000  encrypt 0/4000  (first-card bound 0.0000)
v9Sym(8, 3): GridCycle 0/20000  round 0/4000  encrypt 0/4000  (first-card bound 0.0000)
v9Sym(9, 0): GridCycle 0/20000  round 0/4000  encrypt 0/4000  (first-card bound 0.0000)
v9Sym(9, 1): GridCycle 0/20000  round 0/4000  encrypt 0/4000  (first-card bound 0.0000)
v9Sym(9, 2): GridCycle 0/20000  round 0/4000  encrypt 0/4000  (first-card bound 0.0000)
v9Sym(9, 3): GridCycle 0/20000  round 0/4000  encrypt 0/4000  (first-card bound 0.0000)
v9Sym(10, 0): GridCycle 0/20000  round 0/4000  encrypt 0/4000  (first-card bound 0.0000)
v9Sym(10, 1): GridCycle 0/20000  round 0/4000  encrypt 0/4000  (first-card bound 0.0000)
v9Sym(10, 2): GridCycle 0/20000  round 0/4000  encrypt 0/4000  (first-card bound 0.0000)
v9Sym(10, 3): GridCycle 0/20000  round 0/4000  encrypt 0/4000  (first-card bound 0.0000)
v9Sym(11, 0): GridCycle 0/20000  round 0/4000  encrypt 0/4000  (first-card bound 0.0000)
v9Sym(11, 1): GridCycle 0/20000  round 0/4000  encrypt 0/4000  (first-card bound 0.0000)
v9Sym(11, 2): GridCycle 0/20000  round 0/4000  encrypt 0/4000  (first-card bound 0.0000)
v9Sym(11, 3): GridCycle 0/20000  round 0/4000  encrypt 0/4000  (first-card bound 0.0000)
v9Sym(12, 0): GridCycle 0/20000  round 0/4000  encrypt 0/4000  (first-card bound 0.0000)
v9Sym(12, 1): GridCycle 0/20000  round 0/4000  encrypt 0/4000  (first-card bound 0.0000)
v9Sym(12, 2): GridCycle 0/20000  round 0/4000  encrypt 0/4000  (first-card bound 0.0000)
v9Sym(12, 3): GridCycle 0/20000  round 0/4000  encrypt 0/4000  (first-card bound 0.0000)
TOTAL (51 elements): GridCycle 0/1020000  round 0/204000  encrypt 0/204000
# [B] suit rotation v9Sym(0,1), full cipher, random keys: 0/1000000 pairs satisfy E_K(sM) = sE_K(M)  (95% upper bound 3.00e-06 if 0)
# [C] distinguisher, 24 keys x 16384 pairs (32768 queries/key); hit = E_K(sM) == sE_K(M); agree = positions j with E_K(sM)[j] == s(E_K(M)[j]) (random baseline 1/52 = 0.01923)
[suitrot] success=0/24 total_hits=0 mean positional agreement=0.01914
[v9sym] success=0/24 total_hits=0 mean positional agreement=0.01926
[control] success=0/24 total_hits=0 mean positional agreement=0.01925
