0 1 1000000 48 48
0 2 1000000 55 55
0 3 1000000 60 60
0 4 1000000 72 72
0 5 1000000 52 52
0 6 1000000 59 59
0 7 1000000 71 71
0 8 1000000 61 61
0 9 1000000 43 43
0 10 1000000 66 66
0 11 1000000 60 60
0 12 1000000 48 48
1 2 1000000 71 71
1 3 1000000 54 54
1 4 1000000 43 43
1 5 1000000 58 58
1 6 1000000 65 65
1 7 1000000 47 47
1 8 1000000 48 48
1 9 1000000 64 64
1 10 1000000 61 61
1 11 1000000 48 48
1 12 1000000 48 48
2 3 1000000 70 70
2 4 1000000 47 47
2 5 1000000 52 52
2 6 1000000 51 51
2 7 1000000 46 46
2 8 1000000 59 59
2 9 1000000 65 65
2 10 1000000 57 57
2 11 1000000 56 56
2 12 1000000 67 67
3 4 1000000 59 59
3 5 1000000 38 38
3 6 1000000 54 54
3 7 1000000 69 69
3 8 1000000 61 61
3 9 1000000 54 54
3 10 1000000 64 64
3 11 1000000 58 58
3 12 1000000 52 52
4 5 1000000 59 59
4 6 1000000 57 57
4 7 1000000 73 73
4 8 1000000 56 56
4 9 1000000 54 54
4 10 1000000 69 69
4 11 1000000 48 48
4 12 1000000 59 59
5 6 1000000 61 61
5 7 1000000 54 54
5 8 1000000 58 58
5 9 1000000 39 39
5 10 1000000 55 55
5 11 1000000 48 48
5 12 1000000 54 54
6 7 1000000 52 52
6 8 1000000 58 58
6 9 1000000 61 61
6 10 1000000 57 57
6 11 1000000 62 62
6 12 1000000 64 64
7 8 1000000 52 52
7 9 1000000 62 62
7 10 1000000 66 66
7 11 1000000 51 51
7 12 1000000 65 65
8 9 1000000 52 52
8 10 1000000 60 60
8 11 1000000 63 63
8 12 1000000 60 60
9 10 1000000 55 55
9 11 1000000 53 53
9 12 1000000 56 56
10 11 1000000 55 55
10 12 1000000 77 77
11 12 1000000 51 51
13 14 1000000 41 41
13 15 1000000 64 64
13 16 1000000 77 77
13 17 1000000 63 63
13 18 1000000 53 53
13 19 1000000 69 69
13 20 1000000 51 51
13 21 1000000 65 65
13 22 1000000 56 56
13 23 1000000 48 48
13 24 1000000 48 48
13 25 1000000 61 61
14 15 1000000 51 51
14 16 1000000 60 60
14 17 1000000 57 57
14 18 1000000 56 56
14 19 1000000 44 44
14 20 1000000 59 59
14 21 1000000 57 57
14 22 1000000 61 61
14 23 1000000 66 66
14 24 1000000 47 47
14 25 1000000 48 48
15 16 1000000 44 44
15 17 1000000 70 70
15 18 1000000 66 66
15 19 1000000 58 58
15 20 1000000 48 48
15 21 1000000 50 50
15 22 1000000 56 56
15 23 1000000 61 61
15 24 1000000 51 51
15 25 1000000 57 57
16 17 1000000 59 59
16 18 1000000 69 69
16 19 1000000 59 59
16 20 1000000 57 57
16 21 1000000 51 51
16 22 1000000 55 55
16 23 1000000 54 54
16 24 1000000 53 53
16 25 1000000 57 57
17 18 1000000 56 56
17 19 1000000 60 60
17 20 1000000 53 53
17 21 1000000 58 58
17 22 1000000 52 52
17 23 1000000 55 55
17 24 1000000 53 53
17 25 1000000 62 62
18 19 1000000 48 48
18 20 1000000 64 64
18 21 1000000 44 44
18 22 1000000 49 49
18 23 1000000 53 53
18 24 1000000 45 45
18 25 1000000 69 69
19 20 1000000 61 61
19 21 1000000 59 59
19 22 1000000 60 60
19 23 1000000 60 60
19 24 1000000 67 67
19 25 1000000 59 59
20 21 1000000 62 62
20 22 1000000 58 58
20 23 1000000 58 58
20 24 1000000 58 58
20 25 1000000 75 75
21 22 1000000 60 60
21 23 1000000 55 55
21 24 1000000 70 70
21 25 1000000 51 51
22 23 1000000 52 52
22 24 1000000 52 52
22 25 1000000 71 71
23 24 1000000 69 69
23 25 1000000 54 54
24 25 1000000 58 58
26 27 1000000 61 61
26 28 1000000 65 65
26 29 1000000 58 58
26 30 1000000 50 50
26 31 1000000 46 46
26 32 1000000 65 65
26 33 1000000 57 57
26 34 1000000 61 61
26 35 1000000 61 61
26 36 1000000 55 55
26 37 1000000 51 51
26 38 1000000 71 71
27 28 1000000 70 70
27 29 1000000 49 49
27 30 1000000 52 52
27 31 1000000 50 50
27 32 1000000 58 58
27 33 1000000 44 44
27 34 1000000 57 57
27 35 1000000 40 40
27 36 1000000 51 51
27 37 1000000 43 43
27 38 1000000 51 51
28 29 1000000 57 57
28 30 1000000 48 48
28 31 1000000 43 43
28 32 1000000 49 49
28 33 1000000 69 69
28 34 1000000 69 69
28 35 1000000 59 59
28 36 1000000 60 60
28 37 1000000 47 47
28 38 1000000 69 69
29 30 1000000 61 61
29 31 1000000 78 78
29 32 1000000 54 54
29 33 1000000 62 62
29 34 1000000 50 50
29 35 1000000 48 48
29 36 1000000 59 59
29 37 1000000 62 62
29 38 1000000 57 57
30 31 1000000 60 60
30 32 1000000 58 58
30 33 1000000 53 53
30 34 1000000 42 42
30 35 1000000 60 60
30 36 1000000 66 66
30 37 1000000 59 59
30 38 1000000 58 58
31 32 1000000 61 61
31 33 1000000 52 52
31 34 1000000 48 48
31 35 1000000 38 38
31 36 1000000 59 59
31 37 1000000 59 59
31 38 1000000 74 74
32 33 1000000 69 69
32 34 1000000 74 74
32 35 1000000 61 61
32 36 1000000 53 53
32 37 1000000 52 52
32 38 1000000 55 55
33 34 1000000 53 53
33 35 1000000 60 60
33 36 1000000 43 43
33 37 1000000 46 46
33 38 1000000 50 50
34 35 1000000 43 43
34 36 1000000 58 58
34 37 1000000 52 52
34 38 1000000 60 60
35 36 1000000 51 51
35 37 1000000 55 55
35 38 1000000 49 49
36 37 1000000 51 51
36 38 1000000 52 52
37 38 1000000 61 61
39 40 1000000 51 51
39 41 1000000 57 57
39 42 1000000 58 58
39 43 1000000 50 50
39 44 1000000 63 63
39 45 1000000 49 49
39 46 1000000 62 62
39 47 1000000 60 60
39 48 1000000 55 55
39 49 1000000 53 53
39 50 1000000 44 44
39 51 1000000 53 53
40 41 1000000 80 80
40 42 1000000 60 60
40 43 1000000 53 53
40 44 1000000 51 51
40 45 1000000 64 64
40 46 1000000 42 42
40 47 1000000 64 64
40 48 1000000 62 62
40 49 1000000 69 69
40 50 1000000 55 55
40 51 1000000 51 51
41 42 1000000 54 54
41 43 1000000 56 56
41 44 1000000 57 57
41 45 1000000 46 46
41 46 1000000 62 62
41 47 1000000 56 56
41 48 1000000 48 48
41 49 1000000 46 46
41 50 1000000 55 55
41 51 1000000 68 68
42 43 1000000 59 59
42 44 1000000 59 59
42 45 1000000 57 57
42 46 1000000 64 64
42 47 1000000 55 55
42 48 1000000 64 64
42 49 1000000 48 48
42 50 1000000 60 60
42 51 1000000 44 44
43 44 1000000 62 62
43 45 1000000 55 55
43 46 1000000 54 54
43 47 1000000 54 54
43 48 1000000 60 60
43 49 1000000 67 67
43 50 1000000 49 49
43 51 1000000 52 52
44 45 1000000 65 65
44 46 1000000 50 50
44 47 1000000 49 49
44 48 1000000 51 51
44 49 1000000 54 54
44 50 1000000 48 48
44 51 1000000 41 41
45 46 1000000 46 46
45 47 1000000 52 52
45 48 1000000 59 59
45 49 1000000 53 53
45 50 1000000 51 51
45 51 1000000 54 54
46 47 1000000 54 54
46 48 1000000 56 56
46 49 1000000 57 57
46 50 1000000 53 53
46 51 1000000 58 58
47 48 1000000 55 55
47 49 1000000 51 51
47 50 1000000 68 68
47 51 1000000 49 49
48 49 1000000 70 70
48 50 1000000 50 50
48 51 1000000 57 57
49 50 1000000 58 58
49 51 1000000 70 70
50 51 1000000 65 65
