rule 61, 20000 decks x 1326 swaps
spread all swaps      : cases 26520000  min 2  p1 5  p10 16  median 36  mean 34.11  max 52  | spread=2 0.00341  <=4 0.00926  <=8 0.03037
spread swaps with i<40: cases 25200000  min 2  p1 12  p10 19  median 37  mean 35.51  max 52  | spread=2 0.00005  <=4 0.00030  <=8 0.00125
spread swaps with i<20: cases 16600000  min 2  p1 28  p10 34  median 42  mean 42.08  max 52  | spread=2 0.00000  <=4 0.00010  <=8 0.00032
spread i<20, gap j-i>16: cases 10200000  min 22  p1 31  p10 35  median 44  mean 42.97  max 52  | spread=2 0.00000  <=4 0.00000  <=8 0.00000
spread i<40, gap j-i<=4: cases 3200000  min 2  p1 9  p10 15  median 30  mean 30.36  max 52  | spread=2 0.00041  <=4 0.00235  <=8 0.00889
excess (vs survival prediction): zero (=survival) 0.00341  mean 33.07
histogram spread: 2:90349 3:57507 4:97809 5:110845 6:131080 7:149956 8:167918 9:186669 10:206346 11:225682 12:245421 13:264336 14:284057 15:304668 16:326392 17:344546 18:365888 19:385692 20:406291 21:426084 22:447175 23:468449 24:489227 25:510428 26:531074 27:551433 28:572032 29:591670 30:611105 31:629557 32:648129 33:666720 34:682695 35:699443 36:717482 37:733258 38:748108 39:766092 40:779434 41:796657 42:810895 43:824869 44:840313 45:854528 46:868172 47:881160 48:893749 49:900310 50:891468 51:811590 52:525242 
per i (over all j>i): i  min  mean  frac(spread=2)  ideal-one-pass mean ~ (52-i)-1
  i= 0  min  3  mean 50.75  spread2 0.00000
  i= 1  min  3  mean 49.75  spread2 0.00000
  i= 2  min  2  mean 48.75  spread2 0.00000
  i= 3  min  2  mean 47.75  spread2 0.00000
  i= 4  min  2  mean 46.76  spread2 0.00000
  i= 5  min  2  mean 45.76  spread2 0.00000
  i= 6  min  2  mean 44.77  spread2 0.00000
  i= 7  min  3  mean 43.77  spread2 0.00000
  i= 8  min  2  mean 42.77  spread2 0.00000
  i= 9  min  2  mean 41.78  spread2 0.00000
  i=10  min  2  mean 40.79  spread2 0.00000
  i=11  min  2  mean 39.79  spread2 0.00000
  i=12  min  2  mean 38.79  spread2 0.00000
  i=13  min  2  mean 37.80  spread2 0.00000
  i=14  min  2  mean 36.79  spread2 0.00001
  i=15  min  2  mean 35.80  spread2 0.00000
  i=16  min  2  mean 34.80  spread2 0.00000
  i=17  min  2  mean 33.80  spread2 0.00001
  i=18  min  2  mean 32.80  spread2 0.00001
  i=19  min  2  mean 31.80  spread2 0.00002
  i=20  min  2  mean 30.80  spread2 0.00000
  i=21  min  2  mean 29.80  spread2 0.00002
  i=22  min  2  mean 28.80  spread2 0.00003
  i=23  min  2  mean 27.80  spread2 0.00003
  i=24  min  2  mean 26.80  spread2 0.00005
  i=25  min  2  mean 25.80  spread2 0.00006
  i=26  min  2  mean 24.80  spread2 0.00005
  i=27  min  2  mean 23.79  spread2 0.00005
  i=28  min  2  mean 22.79  spread2 0.00008
  i=29  min  2  mean 21.78  spread2 0.00009
  i=30  min  2  mean 20.78  spread2 0.00010
  i=31  min  2  mean 19.77  spread2 0.00012
  i=32  min  2  mean 18.77  spread2 0.00016
  i=33  min  2  mean 17.76  spread2 0.00016
  i=34  min  2  mean 16.76  spread2 0.00026
  i=35  min  2  mean 15.75  spread2 0.00033
  i=36  min  2  mean 14.75  spread2 0.00042
  i=37  min  2  mean 13.74  spread2 0.00052
  i=38  min  2  mean 12.73  spread2 0.00063
  i=39  min  2  mean 11.73  spread2 0.00083
  i=40  min  2  mean 10.72  spread2 0.00124
  i=41  min  2  mean  9.72  spread2 0.00159
  i=42  min  2  mean  8.72  spread2 0.00238
  i=43  min  2  mean  7.72  spread2 0.00428
  i=44  min  2  mean  6.75  spread2 0.00844
  i=45  min  2  mean  5.78  spread2 0.02117
  i=46  min  2  mean  4.82  spread2 0.05459
  i=47  min  2  mean  3.91  spread2 0.14641
  i=48  min  2  mean  3.06  spread2 0.33535
  i=49  min  2  mean  2.34  spread2 0.65755
  i=50  min  2  mean  2.00  spread2 1.00000
per (i,j) buckets of 4 positions: min spread / mean spread
         j 0- 3     j 4- 7     j 8-11     j12-15     j16-19     j20-23     j24-27     j28-31     j32-35     j36-39     j40-43     j44-47     j48-51  
i 0- 3   2/ 48.0     2/ 47.7    19/ 48.3    25/ 48.8    30/ 49.1    35/ 49.4    37/ 49.5    39/ 49.7    40/ 49.8    42/ 49.8    42/ 49.9    43/ 49.9    42/ 49.9  
i 4- 7     -        2/ 44.2     3/ 44.0    16/ 44.6    23/ 45.0    29/ 45.2    32/ 45.4    35/ 45.6    36/ 45.7    38/ 45.8    38/ 45.8    39/ 45.8    38/ 45.8  
i 8-11     -          -        2/ 40.5     2/ 40.3    14/ 40.8    23/ 41.1    28/ 41.3    29/ 41.5    31/ 41.6    33/ 41.7    33/ 41.7    33/ 41.7    31/ 41.8  
i12-15     -          -          -        2/ 36.7     2/ 36.5    12/ 36.9    20/ 37.2    21/ 37.4    26/ 37.5    28/ 37.6    30/ 37.7    30/ 37.7    30/ 37.7  
i16-19     -          -          -          -        2/ 32.9     2/ 32.6    10/ 33.1    19/ 33.3    21/ 33.4    22/ 33.5    25/ 33.6    26/ 33.6    26/ 33.6  
i20-23     -          -          -          -          -        2/ 29.1     2/ 28.8    11/ 29.2    16/ 29.4    19/ 29.5    19/ 29.5    20/ 29.6    21/ 29.6  
i24-27     -          -          -          -          -          -        2/ 25.3     2/ 24.9     6/ 25.2    12/ 25.4    16/ 25.5    15/ 25.5    16/ 25.5  
i28-31     -          -          -          -          -          -          -        2/ 21.5     2/ 21.0     8/ 21.3    10/ 21.4    12/ 21.5    12/ 21.5  
i32-35     -          -          -          -          -          -          -          -        2/ 17.6     2/ 17.1     5/ 17.3     8/ 17.4     8/ 17.4  
i36-39     -          -          -          -          -          -          -          -          -        2/ 13.7     2/ 13.2     2/ 13.3     4/ 13.4  
i40-43     -          -          -          -          -          -          -          -          -          -        2/  9.8     2/  9.2     2/  9.3  
i44-47     -          -          -          -          -          -          -          -          -          -          -        2/  6.0     2/  5.3  
i48-51     -          -          -          -          -          -          -          -          -          -          -          -        2/  2.6  
position pair with i<40 most often at spread 2: (39,40) 0.00900; pair (50,51): 1.00000
