rule 64, 2000 decks x 1326 swaps
spread all swaps      : cases 2652000  min 2  p1 5  p10 16  median 36  mean 34.11  max 52  | spread=2 0.00349  <=4 0.00941  <=8 0.03044
spread swaps with i<40: cases 2520000  min 2  p1 12  p10 19  median 37  mean 35.50  max 52  | spread=2 0.00012  <=4 0.00050  <=8 0.00143
spread swaps with i<20: cases 1660000  min 2  p1 30  p10 34  median 43  mean 42.09  max 52  | spread=2 0.00003  <=4 0.00026  <=8 0.00052
spread i<20, gap j-i>16: cases 1020000  min 2  p1 30  p10 34  median 43  mean 42.73  max 52  | spread=2 0.00004  <=4 0.00005  <=8 0.00010
spread i<40, gap j-i<=4: cases 320000  min 2  p1 10  p10 15  median 31  mean 30.62  max 52  | spread=2 0.00023  <=4 0.00281  <=8 0.00606
excess (vs survival prediction): zero (=survival) 0.00349  mean 33.06
histogram spread: 2:9245 3:5674 4:10035 5:11122 6:12975 7:14878 8:16807 9:18749 10:20954 11:22918 12:24638 13:26778 14:28718 15:30507 16:32483 17:34457 18:36618 19:38652 20:40249 21:42730 22:44870 23:46322 24:48689 25:50649 26:52260 27:54345 28:56507 29:58312 30:60560 31:62230 32:64465 33:65729 34:68106 35:69757 36:71649 37:73488 38:75487 39:76809 40:78850 41:80872 42:82358 43:83919 44:85884 45:87350 46:89228 47:90648 48:90770 49:91287 50:87986 51:76701 52:46726 
per i (over all j>i): i  min  mean  frac(spread=2)  ideal-one-pass mean ~ (52-i)-1
  i= 0  min  3  mean 50.84  spread2 0.00000
  i= 1  min  3  mean 49.83  spread2 0.00000
  i= 2  min  3  mean 48.82  spread2 0.00000
  i= 3  min  2  mean 47.82  spread2 0.00001
  i= 4  min  2  mean 46.82  spread2 0.00001
  i= 5  min  2  mean 45.80  spread2 0.00002
  i= 6  min  2  mean 44.80  spread2 0.00003
  i= 7  min  3  mean 43.80  spread2 0.00000
  i= 8  min  2  mean 42.80  spread2 0.00001
  i= 9  min  2  mean 41.79  spread2 0.00001
  i=10  min  2  mean 40.78  spread2 0.00002
  i=11  min  2  mean 39.77  spread2 0.00005
  i=12  min  2  mean 38.77  spread2 0.00006
  i=13  min  2  mean 37.75  spread2 0.00001
  i=14  min  2  mean 36.77  spread2 0.00004
  i=15  min  2  mean 35.76  spread2 0.00007
  i=16  min  2  mean 34.75  spread2 0.00004
  i=17  min  2  mean 33.74  spread2 0.00004
  i=18  min  2  mean 32.75  spread2 0.00005
  i=19  min  2  mean 31.75  spread2 0.00006
  i=20  min  2  mean 30.75  spread2 0.00003
  i=21  min  2  mean 29.75  spread2 0.00007
  i=22  min  2  mean 28.74  spread2 0.00012
  i=23  min  2  mean 27.74  spread2 0.00014
  i=24  min  2  mean 26.74  spread2 0.00011
  i=25  min  2  mean 25.73  spread2 0.00021
  i=26  min  2  mean 24.73  spread2 0.00010
  i=27  min  2  mean 23.74  spread2 0.00013
  i=28  min  2  mean 22.73  spread2 0.00024
  i=29  min  2  mean 21.73  spread2 0.00025
  i=30  min  2  mean 20.74  spread2 0.00026
  i=31  min  2  mean 19.73  spread2 0.00022
  i=32  min  2  mean 18.74  spread2 0.00029
  i=33  min  2  mean 17.71  spread2 0.00061
  i=34  min  2  mean 16.73  spread2 0.00053
  i=35  min  2  mean 15.73  spread2 0.00063
  i=36  min  2  mean 14.71  spread2 0.00087
  i=37  min  2  mean 13.72  spread2 0.00064
  i=38  min  2  mean 12.73  spread2 0.00119
  i=39  min  2  mean 11.73  spread2 0.00133
  i=40  min  2  mean 10.72  spread2 0.00173
  i=41  min  2  mean  9.71  spread2 0.00260
  i=42  min  2  mean  8.75  spread2 0.00389
  i=43  min  2  mean  7.75  spread2 0.00406
  i=44  min  2  mean  6.75  spread2 0.00764
  i=45  min  2  mean  5.80  spread2 0.02008
  i=46  min  2  mean  4.84  spread2 0.05570
  i=47  min  2  mean  3.92  spread2 0.14125
  i=48  min  2  mean  3.06  spread2 0.32950
  i=49  min  2  mean  2.33  spread2 0.67425
  i=50  min  2  mean  2.00  spread2 1.00000
per (i,j) buckets of 4 positions: min spread / mean spread
         j 0- 3     j 4- 7     j 8-11     j12-15     j16-19     j20-23     j24-27     j28-31     j32-35     j36-39     j40-43     j44-47     j48-51  
i 0- 3   3/ 47.3     3/ 48.1    20/ 49.2    30/ 49.5    31/ 49.5    28/ 49.6    24/ 49.6    20/ 49.6    18/ 49.6    16/ 49.6    12/ 49.6    14/ 49.6     2/ 49.6  
i 4- 7     -        3/ 43.9     3/ 44.6    16/ 45.4    31/ 45.5    27/ 45.5    21/ 45.5    20/ 45.5    20/ 45.5    14/ 45.5     9/ 45.5     2/ 45.5     2/ 45.5  
i 8-11     -          -        3/ 40.5     3/ 40.9    16/ 41.4    29/ 41.4    22/ 41.4    20/ 41.4    15/ 41.4    12/ 41.4     5/ 41.4     6/ 41.4     2/ 41.4  
i12-15     -          -          -        3/ 36.9     2/ 37.1    22/ 37.4    23/ 37.4    19/ 37.3     2/ 37.3    13/ 37.3     2/ 37.3     5/ 37.3     2/ 37.3  
i16-19     -          -          -          -        3/ 33.2     3/ 33.2    16/ 33.4     4/ 33.3    16/ 33.3     2/ 33.3     6/ 33.3     2/ 33.3     2/ 33.3  
i20-23     -          -          -          -          -        2/ 29.5     2/ 29.2     2/ 29.4     2/ 29.3     4/ 29.3     8/ 29.3     2/ 29.2     2/ 29.2  
i24-27     -          -          -          -          -          -        3/ 25.7     2/ 25.3     2/ 25.3     2/ 25.3     2/ 25.3     2/ 25.2     2/ 25.2  
i28-31     -          -          -          -          -          -          -        2/ 21.8     2/ 21.3     2/ 21.3     6/ 21.3     2/ 21.2     2/ 21.2  
i32-35     -          -          -          -          -          -          -          -        2/ 17.9     2/ 17.3     2/ 17.3     2/ 17.2     2/ 17.2  
i36-39     -          -          -          -          -          -          -          -          -        2/ 14.0     2/ 13.2     2/ 13.2     2/ 13.2  
i40-43     -          -          -          -          -          -          -          -          -          -        2/ 10.0     2/  9.2     2/  9.2  
i44-47     -          -          -          -          -          -          -          -          -          -          -        2/  6.1     2/  5.3  
i48-51     -          -          -          -          -          -          -          -          -          -          -          -        2/  2.6  
position pair with i<40 most often at spread 2: (36,37) 0.00400; pair (50,51): 1.00000
