rule 62, 2000 decks x 1326 swaps
spread all swaps      : cases 2652000  min 2  p1 5  p10 16  median 36  mean 33.92  max 52  | spread=2 0.00353  <=4 0.00957  <=8 0.03154
spread swaps with i<40: cases 2520000  min 2  p1 12  p10 19  median 37  mean 35.31  max 52  | spread=2 0.00011  <=4 0.00065  <=8 0.00247
spread swaps with i<20: cases 1660000  min 2  p1 26  p10 34  median 42  mean 41.82  max 52  | spread=2 0.00002  <=4 0.00035  <=8 0.00128
spread i<20, gap j-i>16: cases 1020000  min 2  p1 31  p10 34  median 43  mean 42.83  max 52  | spread=2 0.00003  <=4 0.00004  <=8 0.00010
spread i<40, gap j-i<=4: cases 320000  min 2  p1 7  p10 14  median 29  mean 28.90  max 52  | spread=2 0.00006  <=4 0.00382  <=8 0.01404
excess (vs survival prediction): zero (=survival) 0.00353  mean 32.88
histogram spread: 2:9365 3:5741 4:10283 5:11643 6:13610 7:15489 8:17526 9:19547 10:21298 11:23383 12:25004 13:27102 14:29075 15:31183 16:32990 17:35185 18:37202 19:38616 20:41024 21:43070 22:44378 23:46682 24:48511 25:50404 26:52895 27:54933 28:56452 29:58460 30:60316 31:62575 32:64652 33:66138 34:68570 35:70287 36:72115 37:73741 38:75727 39:78120 40:79766 41:81448 42:83515 43:85178 44:86417 45:88377 46:89798 47:90825 48:90901 49:89849 50:83617 51:69526 52:39491 
per i (over all j>i): i  min  mean  frac(spread=2)  ideal-one-pass mean ~ (52-i)-1
  i= 0  min  3  mean 50.08  spread2 0.00000
  i= 1  min  3  mean 49.23  spread2 0.00000
  i= 2  min  3  mean 48.32  spread2 0.00000
  i= 3  min  2  mean 47.39  spread2 0.00001
  i= 4  min  3  mean 46.45  spread2 0.00000
  i= 5  min  3  mean 45.49  spread2 0.00000
  i= 6  min  3  mean 44.53  spread2 0.00000
  i= 7  min  2  mean 43.54  spread2 0.00002
  i= 8  min  2  mean 42.58  spread2 0.00001
  i= 9  min  2  mean 41.59  spread2 0.00001
  i=10  min  2  mean 40.62  spread2 0.00001
  i=11  min  2  mean 39.63  spread2 0.00004
  i=12  min  3  mean 38.67  spread2 0.00000
  i=13  min  3  mean 37.66  spread2 0.00000
  i=14  min  2  mean 36.67  spread2 0.00007
  i=15  min  2  mean 35.67  spread2 0.00003
  i=16  min  2  mean 34.67  spread2 0.00001
  i=17  min  2  mean 33.69  spread2 0.00007
  i=18  min  2  mean 32.68  spread2 0.00006
  i=19  min  2  mean 31.68  spread2 0.00002
  i=20  min  2  mean 30.69  spread2 0.00006
  i=21  min  2  mean 29.70  spread2 0.00007
  i=22  min  2  mean 28.70  spread2 0.00012
  i=23  min  2  mean 27.69  spread2 0.00014
  i=24  min  2  mean 26.71  spread2 0.00007
  i=25  min  2  mean 25.70  spread2 0.00006
  i=26  min  2  mean 24.70  spread2 0.00010
  i=27  min  2  mean 23.69  spread2 0.00010
  i=28  min  2  mean 22.68  spread2 0.00024
  i=29  min  2  mean 21.69  spread2 0.00020
  i=30  min  2  mean 20.68  spread2 0.00024
  i=31  min  2  mean 19.70  spread2 0.00032
  i=32  min  2  mean 18.67  spread2 0.00021
  i=33  min  2  mean 17.68  spread2 0.00042
  i=34  min  2  mean 16.71  spread2 0.00053
  i=35  min  2  mean 15.69  spread2 0.00053
  i=36  min  2  mean 14.69  spread2 0.00083
  i=37  min  2  mean 13.70  spread2 0.00071
  i=38  min  2  mean 12.70  spread2 0.00142
  i=39  min  2  mean 11.69  spread2 0.00150
  i=40  min  2  mean 10.70  spread2 0.00123
  i=41  min  2  mean  9.71  spread2 0.00185
  i=42  min  2  mean  8.73  spread2 0.00194
  i=43  min  2  mean  7.72  spread2 0.00519
  i=44  min  2  mean  6.76  spread2 0.00914
  i=45  min  2  mean  5.77  spread2 0.02200
  i=46  min  2  mean  4.83  spread2 0.05640
  i=47  min  2  mean  3.89  spread2 0.15463
  i=48  min  2  mean  3.05  spread2 0.33967
  i=49  min  2  mean  2.33  spread2 0.66650
  i=50  min  2  mean  2.00  spread2 1.00000
per (i,j) buckets of 4 positions: min spread / mean spread
         j 0- 3     j 4- 7     j 8-11     j12-15     j16-19     j20-23     j24-27     j28-31     j32-35     j36-39     j40-43     j44-47     j48-51  
i 0- 3   3/ 39.0     3/ 45.0     5/ 48.3    33/ 49.2    18/ 49.5    26/ 49.6    26/ 49.6    21/ 49.6    17/ 49.6    12/ 49.6     5/ 49.7     6/ 49.6     2/ 49.6  
i 4- 7     -        3/ 37.7     3/ 42.7    22/ 45.2    32/ 45.5    29/ 45.6    25/ 45.6    12/ 45.6    13/ 45.6    11/ 45.6     6/ 45.6     4/ 45.6     2/ 45.6  
i 8-11     -          -        3/ 35.6     3/ 39.8    17/ 41.4    13/ 41.5    24/ 41.5    20/ 41.5    16/ 41.5     4/ 41.5     7/ 41.5     4/ 41.5     2/ 41.5  
i12-15     -          -          -        3/ 33.6     3/ 36.5    16/ 37.5     6/ 37.5    17/ 37.5     7/ 37.5    12/ 37.5     8/ 37.5     2/ 37.4     2/ 37.5  
i16-19     -          -          -          -        3/ 30.9     3/ 32.8    14/ 33.4     4/ 33.4     2/ 33.4     3/ 33.4     7/ 33.4     2/ 33.4     2/ 33.4  
i20-23     -          -          -          -          -        3/ 27.9     2/ 29.0    14/ 29.4     4/ 29.4     8/ 29.4     4/ 29.3     2/ 29.3     2/ 29.3  
i24-27     -          -          -          -          -          -        3/ 24.7     2/ 25.1     2/ 25.3    11/ 25.3     2/ 25.3     3/ 25.3     2/ 25.3  
i28-31     -          -          -          -          -          -          -        2/ 21.2     2/ 21.2     2/ 21.3     2/ 21.3     2/ 21.2     2/ 21.2  
i32-35     -          -          -          -          -          -          -          -        2/ 17.6     2/ 17.2     2/ 17.3     2/ 17.2     2/ 17.2  
i36-39     -          -          -          -          -          -          -          -          -        2/ 13.9     2/ 13.2     2/ 13.2     2/ 13.2  
i40-43     -          -          -          -          -          -          -          -          -          -        2/ 10.0     2/  9.2     2/  9.2  
i44-47     -          -          -          -          -          -          -          -          -          -          -        2/  6.1     2/  5.3  
i48-51     -          -          -          -          -          -          -          -          -          -          -          -        2/  2.6  
position pair with i<40 most often at spread 2: (38,50) 0.00600; pair (50,51): 1.00000
