rule 61, 2000 decks x 1326 swaps
spread all swaps      : cases 2652000  min 2  p1 5  p10 16  median 36  mean 34.11  max 52  | spread=2 0.00341  <=4 0.00929  <=8 0.03043
spread swaps with i<40: cases 2520000  min 2  p1 12  p10 19  median 37  mean 35.51  max 52  | spread=2 0.00005  <=4 0.00030  <=8 0.00122
spread swaps with i<20: cases 1660000  min 2  p1 28  p10 34  median 42  mean 42.08  max 52  | spread=2 0.00000  <=4 0.00010  <=8 0.00032
spread i<20, gap j-i>16: cases 1020000  min 25  p1 31  p10 35  median 44  mean 42.97  max 52  | spread=2 0.00000  <=4 0.00000  <=8 0.00000
spread i<40, gap j-i<=4: cases 320000  min 2  p1 9  p10 15  median 30  mean 30.36  max 52  | spread=2 0.00041  <=4 0.00236  <=8 0.00863
excess (vs survival prediction): zero (=survival) 0.00341  mean 33.08
histogram spread: 2:9032 3:5782 4:9816 5:11083 6:13019 7:15151 8:16805 9:18447 10:20494 11:22660 12:24550 13:26476 14:28585 15:30482 16:32634 17:34551 18:36536 19:38580 20:40392 21:42601 22:44632 23:47046 24:48963 25:51030 26:52922 27:55218 28:57067 29:59165 30:61224 31:63253 32:64654 33:66320 34:68201 35:69998 36:72082 37:72911 38:74832 39:76587 40:77573 41:79836 42:81281 43:82315 44:84150 45:85659 46:87193 47:87892 48:89297 49:90346 50:89281 51:81048 52:52348 
per i (over all j>i): i  min  mean  frac(spread=2)  ideal-one-pass mean ~ (52-i)-1
  i= 0  min  3  mean 50.75  spread2 0.00000
  i= 1  min  3  mean 49.75  spread2 0.00000
  i= 2  min  3  mean 48.75  spread2 0.00000
  i= 3  min  2  mean 47.76  spread2 0.00001
  i= 4  min  3  mean 46.76  spread2 0.00000
  i= 5  min  3  mean 45.77  spread2 0.00000
  i= 6  min  2  mean 44.78  spread2 0.00001
  i= 7  min  3  mean 43.79  spread2 0.00000
  i= 8  min  2  mean 42.78  spread2 0.00001
  i= 9  min  3  mean 41.79  spread2 0.00000
  i=10  min  3  mean 40.79  spread2 0.00000
  i=11  min  3  mean 39.80  spread2 0.00000
  i=12  min  3  mean 38.79  spread2 0.00000
  i=13  min  3  mean 37.81  spread2 0.00000
  i=14  min  3  mean 36.80  spread2 0.00000
  i=15  min  3  mean 35.79  spread2 0.00000
  i=16  min  3  mean 34.80  spread2 0.00000
  i=17  min  3  mean 33.79  spread2 0.00000
  i=18  min  3  mean 32.80  spread2 0.00000
  i=19  min  3  mean 31.81  spread2 0.00000
  i=20  min  3  mean 30.80  spread2 0.00000
  i=21  min  2  mean 29.80  spread2 0.00002
  i=22  min  2  mean 28.80  spread2 0.00002
  i=23  min  2  mean 27.78  spread2 0.00002
  i=24  min  2  mean 26.80  spread2 0.00004
  i=25  min  2  mean 25.80  spread2 0.00006
  i=26  min  2  mean 24.80  spread2 0.00006
  i=27  min  2  mean 23.80  spread2 0.00006
  i=28  min  2  mean 22.79  spread2 0.00009
  i=29  min  2  mean 21.78  spread2 0.00011
  i=30  min  2  mean 20.77  spread2 0.00014
  i=31  min  2  mean 19.77  spread2 0.00007
  i=32  min  2  mean 18.77  spread2 0.00008
  i=33  min  2  mean 17.76  spread2 0.00019
  i=34  min  2  mean 16.76  spread2 0.00026
  i=35  min  2  mean 15.74  spread2 0.00038
  i=36  min  2  mean 14.74  spread2 0.00027
  i=37  min  2  mean 13.75  spread2 0.00050
  i=38  min  2  mean 12.75  spread2 0.00062
  i=39  min  2  mean 11.73  spread2 0.00108
  i=40  min  2  mean 10.73  spread2 0.00086
  i=41  min  2  mean  9.72  spread2 0.00140
  i=42  min  2  mean  8.71  spread2 0.00194
  i=43  min  2  mean  7.72  spread2 0.00394
  i=44  min  2  mean  6.72  spread2 0.00964
  i=45  min  2  mean  5.78  spread2 0.02150
  i=46  min  2  mean  4.83  spread2 0.05410
  i=47  min  2  mean  3.88  spread2 0.15737
  i=48  min  2  mean  3.07  spread2 0.32733
  i=49  min  2  mean  2.35  spread2 0.65000
  i=50  min  2  mean  2.00  spread2 1.00000
per (i,j) buckets of 4 positions: min spread / mean spread
         j 0- 3     j 4- 7     j 8-11     j12-15     j16-19     j20-23     j24-27     j28-31     j32-35     j36-39     j40-43     j44-47     j48-51  
i 0- 3   3/ 48.0     2/ 47.7    20/ 48.3    28/ 48.8    32/ 49.1    37/ 49.4    37/ 49.5    40/ 49.7    42/ 49.8    44/ 49.8    43/ 49.9    43/ 49.9    43/ 49.9  
i 4- 7     -        2/ 44.2     3/ 44.0    16/ 44.6    28/ 45.0    29/ 45.2    32/ 45.5    35/ 45.6    38/ 45.7    38/ 45.8    38/ 45.8    40/ 45.8    40/ 45.8  
i 8-11     -          -        2/ 40.4     3/ 40.3    17/ 40.8    24/ 41.1    29/ 41.3    31/ 41.5    34/ 41.6    33/ 41.7    35/ 41.7    35/ 41.7    35/ 41.8  
i12-15     -          -          -        3/ 36.7     3/ 36.5    14/ 36.9    24/ 37.2    24/ 37.4    28/ 37.5    30/ 37.6    30/ 37.7    30/ 37.7    32/ 37.7  
i16-19     -          -          -          -        3/ 32.9     3/ 32.6    10/ 33.1    21/ 33.3    23/ 33.4    25/ 33.6    26/ 33.6    26/ 33.6    27/ 33.6  
i20-23     -          -          -          -          -        2/ 29.1     2/ 28.8    14/ 29.2    17/ 29.4    21/ 29.5    20/ 29.5    21/ 29.6    23/ 29.6  
i24-27     -          -          -          -          -          -        2/ 25.3     2/ 24.9    10/ 25.2    15/ 25.4    16/ 25.5    18/ 25.5    18/ 25.5  
i28-31     -          -          -          -          -          -          -        2/ 21.4     2/ 21.1     9/ 21.3    12/ 21.4    14/ 21.4    14/ 21.5  
i32-35     -          -          -          -          -          -          -          -        2/ 17.6     2/ 17.1     8/ 17.3     9/ 17.4    10/ 17.4  
i36-39     -          -          -          -          -          -          -          -          -        2/ 13.7     2/ 13.2     5/ 13.3     4/ 13.4  
i40-43     -          -          -          -          -          -          -          -          -          -        2/  9.8     2/  9.2     2/  9.3  
i44-47     -          -          -          -          -          -          -          -          -          -          -        2/  6.0     2/  5.3  
i48-51     -          -          -          -          -          -          -          -          -          -          -          -        2/  2.6  
position pair with i<40 most often at spread 2: (39,40) 0.01150; pair (50,51): 1.00000
