rule 63, 2000 decks x 1326 swaps
spread all swaps      : cases 2652000  min 2  p1 4  p10 15  median 35  mean 33.33  max 52  | spread=2 0.00488  <=4 0.01309  <=8 0.03779
spread swaps with i<40: cases 2520000  min 2  p1 10  p10 19  median 36  mean 34.70  max 52  | spread=2 0.00039  <=4 0.00165  <=8 0.00641
spread swaps with i<20: cases 1660000  min 2  p1 23  p10 33  median 42  mean 41.11  max 52  | spread=2 0.00002  <=4 0.00042  <=8 0.00187
spread i<20, gap j-i>16: cases 1020000  min 8  p1 31  p10 34  median 43  mean 42.69  max 52  | spread=2 0.00000  <=4 0.00000  <=8 0.00000
spread i<40, gap j-i<=4: cases 320000  min 2  p1 4  p10 12  median 27  mean 26.67  max 52  | spread=2 0.00311  <=4 0.01294  <=8 0.04897
excess (vs survival prediction): zero (=survival) 0.00488  mean 32.29
histogram spread: 2:12938 3:8967 4:12803 5:14120 6:15886 7:17005 8:18508 9:20159 10:21390 11:23424 12:25010 13:26937 14:28870 15:30899 16:32881 17:34696 18:37048 19:39002 20:41627 21:43543 22:45684 23:47584 24:49855 25:52070 26:54231 27:55904 28:57850 29:60663 30:62587 31:64741 32:67045 33:68754 34:71397 35:72979 36:75598 37:77040 38:79100 39:81077 40:83183 41:84616 42:86342 43:87356 44:88508 45:88348 46:88079 47:86998 48:82673 49:77260 50:68222 51:52410 52:28133 
per i (over all j>i): i  min  mean  frac(spread=2)  ideal-one-pass mean ~ (52-i)-1
  i= 0  min  3  mean 49.21  spread2 0.00000
  i= 1  min  3  mean 48.34  spread2 0.00000
  i= 2  min  3  mean 47.47  spread2 0.00000
  i= 3  min  3  mean 46.55  spread2 0.00000
  i= 4  min  3  mean 45.61  spread2 0.00000
  i= 5  min  2  mean 44.69  spread2 0.00001
  i= 6  min  2  mean 43.74  spread2 0.00001
  i= 7  min  3  mean 42.79  spread2 0.00000
  i= 8  min  3  mean 41.83  spread2 0.00000
  i= 9  min  3  mean 40.88  spread2 0.00000
  i=10  min  2  mean 39.93  spread2 0.00002
  i=11  min  2  mean 38.97  spread2 0.00001
  i=12  min  2  mean 38.00  spread2 0.00003
  i=13  min  3  mean 37.03  spread2 0.00000
  i=14  min  2  mean 36.06  spread2 0.00003
  i=15  min  3  mean 35.10  spread2 0.00000
  i=16  min  2  mean 34.15  spread2 0.00013
  i=17  min  2  mean 33.16  spread2 0.00009
  i=18  min  2  mean 32.19  spread2 0.00003
  i=19  min  2  mean 31.22  spread2 0.00011
  i=20  min  2  mean 30.24  spread2 0.00008
  i=21  min  2  mean 29.26  spread2 0.00013
  i=22  min  2  mean 28.28  spread2 0.00010
  i=23  min  2  mean 27.30  spread2 0.00011
  i=24  min  2  mean 26.27  spread2 0.00043
  i=25  min  2  mean 25.31  spread2 0.00027
  i=26  min  2  mean 24.32  spread2 0.00028
  i=27  min  2  mean 23.33  spread2 0.00038
  i=28  min  2  mean 22.33  spread2 0.00076
  i=29  min  2  mean 21.34  spread2 0.00057
  i=30  min  2  mean 20.35  spread2 0.00055
  i=31  min  2  mean 19.32  spread2 0.00103
  i=32  min  2  mean 18.34  spread2 0.00118
  i=33  min  2  mean 17.32  spread2 0.00167
  i=34  min  2  mean 16.29  spread2 0.00191
  i=35  min  2  mean 15.29  spread2 0.00222
  i=36  min  2  mean 14.26  spread2 0.00277
  i=37  min  2  mean 13.26  spread2 0.00368
  i=38  min  2  mean 12.23  spread2 0.00558
  i=39  min  2  mean 11.22  spread2 0.00717
  i=40  min  2  mean 10.21  spread2 0.00950
  i=41  min  2  mean  9.20  spread2 0.01300
  i=42  min  2  mean  8.20  spread2 0.01617
  i=43  min  2  mean  7.25  spread2 0.02538
  i=44  min  2  mean  6.30  spread2 0.03621
  i=45  min  2  mean  5.39  spread2 0.06108
  i=46  min  2  mean  4.53  spread2 0.10460
  i=47  min  2  mean  3.70  spread2 0.20375
  i=48  min  2  mean  2.96  spread2 0.37367
  i=49  min  2  mean  2.35  spread2 0.65475
  i=50  min  2  mean  2.00  spread2 1.00000
per (i,j) buckets of 4 positions: min spread / mean spread
         j 0- 3     j 4- 7     j 8-11     j12-15     j16-19     j20-23     j24-27     j28-31     j32-35     j36-39     j40-43     j44-47     j48-51  
i 0- 3   3/ 35.7     3/ 42.3    18/ 46.2    31/ 47.5    31/ 48.3    30/ 48.7    32/ 49.1    28/ 49.3    23/ 49.5    27/ 49.6    19/ 49.6    24/ 49.7    20/ 49.7  
i 4- 7     -        2/ 34.7     3/ 40.3    15/ 43.3    26/ 44.1    32/ 44.6    31/ 45.0    26/ 45.2    24/ 45.4    19/ 45.5    22/ 45.6    19/ 45.6    17/ 45.6  
i 8-11     -          -        2/ 32.9     2/ 37.5    18/ 39.8    25/ 40.4    23/ 40.9    25/ 41.1    20/ 41.3    18/ 41.5    20/ 41.5    18/ 41.5    14/ 41.6  
i12-15     -          -          -        2/ 30.5     3/ 34.4    13/ 36.2    22/ 36.7    22/ 37.0    19/ 37.3    16/ 37.4    19/ 37.5    12/ 37.5    11/ 37.5  
i16-19     -          -          -          -        2/ 28.0     2/ 31.1    14/ 32.5    19/ 32.9    18/ 33.2    17/ 33.4    12/ 33.4    12/ 33.5     8/ 33.5  
i20-23     -          -          -          -          -        2/ 25.2     2/ 27.6     9/ 28.7    17/ 29.1    17/ 29.3    12/ 29.4    10/ 29.5     5/ 29.5  
i24-27     -          -          -          -          -          -        2/ 21.8     2/ 24.0    12/ 24.9    14/ 25.2    15/ 25.3    10/ 25.4     6/ 25.5  
i28-31     -          -          -          -          -          -          -        2/ 18.6     2/ 20.2     8/ 21.1    12/ 21.3    10/ 21.4     9/ 21.4  
i32-35     -          -          -          -          -          -          -          -        2/ 14.9     2/ 16.4     6/ 17.2     7/ 17.3     4/ 17.4  
i36-39     -          -          -          -          -          -          -          -          -        2/ 11.4     2/ 12.5     3/ 13.2     4/ 13.3  
i40-43     -          -          -          -          -          -          -          -          -          -        2/  8.0     2/  8.7     2/  9.3  
i44-47     -          -          -          -          -          -          -          -          -          -          -        2/  5.0     2/  5.2  
i48-51     -          -          -          -          -          -          -          -          -          -          -          -        2/  2.6  
position pair with i<40 most often at spread 2: (39,40) 0.07350; pair (50,51): 1.00000
