rule 30, 2000 decks x 1326 swaps
spread all swaps      : cases 2652000  min 2  p1 4  p10 14  median 32  mean 31.12  max 52  | spread=2 0.00542  <=4 0.01433  <=8 0.04198
spread swaps with i<40: cases 2520000  min 2  p1 9  p10 17  median 33  mean 32.39  max 52  | spread=2 0.00049  <=4 0.00222  <=8 0.00925
spread swaps with i<20: cases 1660000  min 2  p1 16  p10 29  median 38  mean 38.18  max 52  | spread=2 0.00002  <=4 0.00078  <=8 0.00280
spread i<20, gap j-i>16: cases 1020000  min 19  p1 31  p10 34  median 42  mean 42.05  max 52  | spread=2 0.00000  <=4 0.00000  <=8 0.00000
spread i<40, gap j-i<=4: cases 320000  min 2  p1 4  p10 10  median 21  mean 20.54  max 43  | spread=2 0.00383  <=4 0.01740  <=8 0.06898
excess (vs survival prediction): zero (=survival) 0.00542  mean 30.08
histogram spread: 2:14365 3:9853 4:13781 5:15414 6:17326 7:19366 8:21222 9:22677 10:24841 11:26840 12:28987 13:31230 14:33667 15:36265 16:38417 17:41581 18:44166 19:47292 20:49900 21:53429 22:56158 23:59292 24:62535 25:66010 26:69185 27:71171 28:74008 29:75889 30:77682 31:78616 32:79096 33:79598 34:79386 35:78857 36:78228 37:77396 38:76812 39:75520 40:74554 41:73041 42:70914 43:69408 44:67488 45:65226 46:61804 47:59251 48:55195 49:50154 50:43791 51:34434 52:20682 
per i (over all j>i): i  min  mean  frac(spread=2)  ideal-one-pass mean ~ (52-i)-1
  i= 0  min  3  mean 45.35  spread2 0.00000
  i= 1  min  3  mean 44.57  spread2 0.00000
  i= 2  min  3  mean 43.76  spread2 0.00000
  i= 3  min  3  mean 42.96  spread2 0.00000
  i= 4  min  2  mean 42.13  spread2 0.00001
  i= 5  min  3  mean 41.33  spread2 0.00000
  i= 6  min  2  mean 40.50  spread2 0.00001
  i= 7  min  2  mean 39.66  spread2 0.00001
  i= 8  min  3  mean 38.84  spread2 0.00000
  i= 9  min  3  mean 37.99  spread2 0.00000
  i=10  min  3  mean 37.16  spread2 0.00000
  i=11  min  3  mean 36.31  spread2 0.00000
  i=12  min  2  mean 35.46  spread2 0.00001
  i=13  min  2  mean 34.60  spread2 0.00003
  i=14  min  2  mean 33.74  spread2 0.00007
  i=15  min  2  mean 32.88  spread2 0.00001
  i=16  min  2  mean 32.01  spread2 0.00006
  i=17  min  2  mean 31.14  spread2 0.00009
  i=18  min  2  mean 30.28  spread2 0.00006
  i=19  min  2  mean 29.39  spread2 0.00020
  i=20  min  2  mean 28.50  spread2 0.00016
  i=21  min  2  mean 27.60  spread2 0.00022
  i=22  min  2  mean 26.70  spread2 0.00010
  i=23  min  2  mean 25.81  spread2 0.00029
  i=24  min  2  mean 24.90  spread2 0.00031
  i=25  min  2  mean 24.00  spread2 0.00038
  i=26  min  2  mean 23.08  spread2 0.00040
  i=27  min  2  mean 22.17  spread2 0.00046
  i=28  min  2  mean 21.21  spread2 0.00083
  i=29  min  2  mean 20.29  spread2 0.00118
  i=30  min  2  mean 19.37  spread2 0.00105
  i=31  min  2  mean 18.43  spread2 0.00120
  i=32  min  2  mean 17.48  spread2 0.00145
  i=33  min  2  mean 16.55  spread2 0.00217
  i=34  min  2  mean 15.60  spread2 0.00194
  i=35  min  2  mean 14.67  spread2 0.00297
  i=36  min  2  mean 13.72  spread2 0.00380
  i=37  min  2  mean 12.78  spread2 0.00404
  i=38  min  2  mean 11.78  spread2 0.00604
  i=39  min  2  mean 10.84  spread2 0.00863
  i=40  min  2  mean  9.86  spread2 0.01014
  i=41  min  2  mean  8.93  spread2 0.01360
  i=42  min  2  mean  8.00  spread2 0.01839
  i=43  min  2  mean  7.09  spread2 0.03106
  i=44  min  2  mean  6.16  spread2 0.04614
  i=45  min  2  mean  5.27  spread2 0.07733
  i=46  min  2  mean  4.44  spread2 0.13180
  i=47  min  2  mean  3.65  spread2 0.22887
  i=48  min  2  mean  2.92  spread2 0.39567
  i=49  min  2  mean  2.32  spread2 0.67875
  i=50  min  2  mean  2.00  spread2 1.00000
per (i,j) buckets of 4 positions: min spread / mean spread
         j 0- 3     j 4- 7     j 8-11     j12-15     j16-19     j20-23     j24-27     j28-31     j32-35     j36-39     j40-43     j44-47     j48-51  
i 0- 3   3/ 24.6     3/ 30.3    13/ 36.1    21/ 40.0    28/ 43.0    34/ 45.2    37/ 46.9    34/ 48.1    35/ 48.9    40/ 49.4    38/ 49.7    40/ 49.9    41/ 49.9  
i 4- 7     -        2/ 24.0     2/ 29.4    12/ 34.7    17/ 38.1    26/ 40.7    30/ 42.5    31/ 43.8    34/ 44.7    36/ 45.3    36/ 45.6    35/ 45.8    37/ 45.9  
i 8-11     -          -        3/ 23.3     3/ 28.3    13/ 33.0    21/ 35.9    22/ 38.0    29/ 39.5    28/ 40.5    30/ 41.2    32/ 41.5    32/ 41.7    32/ 41.8  
i12-15     -          -          -        2/ 22.4     2/ 26.9     9/ 30.9    18/ 33.4    23/ 35.1    24/ 36.2    25/ 37.0    27/ 37.4    27/ 37.6    27/ 37.7  
i16-19     -          -          -          -        2/ 21.3     2/ 25.1    12/ 28.5    18/ 30.6    19/ 31.9    22/ 32.8    23/ 33.3    22/ 33.5    24/ 33.7  
i20-23     -          -          -          -          -        2/ 19.6     2/ 22.9     8/ 25.9    14/ 27.6    18/ 28.6    17/ 29.1    19/ 29.4    20/ 29.6  
i24-27     -          -          -          -          -          -        2/ 17.8     2/ 20.5     9/ 23.0    14/ 24.3    13/ 25.0    14/ 25.4    12/ 25.5  
i28-31     -          -          -          -          -          -          -        2/ 15.3     2/ 17.8     7/ 19.8    11/ 20.8    11/ 21.2    11/ 21.5  
i32-35     -          -          -          -          -          -          -          -        2/ 12.9     2/ 14.8     5/ 16.5     7/ 17.1     7/ 17.4  
i36-39     -          -          -          -          -          -          -          -          -        2/ 10.3     2/ 11.7     2/ 12.9     4/ 13.3  
i40-43     -          -          -          -          -          -          -          -          -          -        2/  7.4     2/  8.4     2/  9.2  
i44-47     -          -          -          -          -          -          -          -          -          -          -        2/  4.8     2/  5.2  
i48-51     -          -          -          -          -          -          -          -          -          -          -          -        2/  2.6  
position pair with i<40 most often at spread 2: (39,40) 0.08450; pair (50,51): 1.00000
