rule 33, 2000 decks x 1326 swaps
spread all swaps      : cases 2652000  min 2  p1 4  p10 14  median 32  mean 31.34  max 52  | spread=2 0.00502  <=4 0.01359  <=8 0.04064
spread swaps with i<40: cases 2520000  min 2  p1 9  p10 17  median 33  mean 32.62  max 52  | spread=2 0.00039  <=4 0.00178  <=8 0.00809
spread swaps with i<20: cases 1660000  min 2  p1 17  p10 29  median 39  mean 38.47  max 52  | spread=2 0.00002  <=4 0.00053  <=8 0.00216
spread i<20, gap j-i>16: cases 1020000  min 24  p1 31  p10 34  median 43  mean 42.19  max 52  | spread=2 0.00000  <=4 0.00000  <=8 0.00000
spread i<40, gap j-i<=4: cases 320000  min 2  p1 4  p10 10  median 22  mean 21.00  max 43  | spread=2 0.00311  <=4 0.01402  <=8 0.06079
excess (vs survival prediction): zero (=survival) 0.00502  mean 30.30
histogram spread: 2:13324 3:9283 4:13444 5:15264 6:17022 7:18947 8:20501 9:22598 10:24582 11:26449 12:28711 13:30743 14:33080 15:35499 16:38074 17:40749 18:43324 19:46427 20:49631 21:52111 22:54682 23:58097 24:61427 25:64582 26:67164 27:70372 28:72701 29:75025 30:76781 31:77905 32:78371 33:79089 34:79514 35:79062 36:78807 37:78397 38:77554 39:76019 40:75591 41:74101 42:72485 43:70685 44:68604 45:66989 46:63991 47:61112 48:57115 49:52674 50:45713 51:36517 52:21111 
per i (over all j>i): i  min  mean  frac(spread=2)  ideal-one-pass mean ~ (52-i)-1
  i= 0  min  3  mean 45.78  spread2 0.00000
  i= 1  min  3  mean 44.98  spread2 0.00000
  i= 2  min  3  mean 44.15  spread2 0.00000
  i= 3  min  2  mean 43.34  spread2 0.00001
  i= 4  min  3  mean 42.49  spread2 0.00000
  i= 5  min  2  mean 41.67  spread2 0.00001
  i= 6  min  2  mean 40.82  spread2 0.00001
  i= 7  min  3  mean 39.97  spread2 0.00000
  i= 8  min  3  mean 39.15  spread2 0.00000
  i= 9  min  3  mean 38.28  spread2 0.00000
  i=10  min  2  mean 37.42  spread2 0.00002
  i=11  min  2  mean 36.57  spread2 0.00001
  i=12  min  2  mean 35.70  spread2 0.00001
  i=13  min  2  mean 34.83  spread2 0.00001
  i=14  min  2  mean 33.96  spread2 0.00001
  i=15  min  2  mean 33.09  spread2 0.00004
  i=16  min  2  mean 32.20  spread2 0.00007
  i=17  min  2  mean 31.32  spread2 0.00006
  i=18  min  2  mean 30.45  spread2 0.00008
  i=19  min  2  mean 29.55  spread2 0.00008
  i=20  min  2  mean 28.67  spread2 0.00011
  i=21  min  2  mean 27.76  spread2 0.00010
  i=22  min  2  mean 26.85  spread2 0.00007
  i=23  min  2  mean 25.94  spread2 0.00013
  i=24  min  2  mean 25.05  spread2 0.00026
  i=25  min  2  mean 24.13  spread2 0.00023
  i=26  min  2  mean 23.22  spread2 0.00028
  i=27  min  2  mean 22.28  spread2 0.00042
  i=28  min  2  mean 21.35  spread2 0.00046
  i=29  min  2  mean 20.40  spread2 0.00061
  i=30  min  2  mean 19.47  spread2 0.00093
  i=31  min  2  mean 18.55  spread2 0.00122
  i=32  min  2  mean 17.59  spread2 0.00124
  i=33  min  2  mean 16.64  spread2 0.00164
  i=34  min  2  mean 15.69  spread2 0.00200
  i=35  min  2  mean 14.74  spread2 0.00206
  i=36  min  2  mean 13.76  spread2 0.00297
  i=37  min  2  mean 12.83  spread2 0.00411
  i=38  min  2  mean 11.86  spread2 0.00569
  i=39  min  2  mean 10.88  spread2 0.00633
  i=40  min  2  mean  9.94  spread2 0.00836
  i=41  min  2  mean  8.98  spread2 0.01215
  i=42  min  2  mean  8.03  spread2 0.01706
  i=43  min  2  mean  7.12  spread2 0.02381
  i=44  min  2  mean  6.18  spread2 0.04007
  i=45  min  2  mean  5.32  spread2 0.06667
  i=46  min  2  mean  4.48  spread2 0.12200
  i=47  min  2  mean  3.69  spread2 0.20713
  i=48  min  2  mean  2.96  spread2 0.38083
  i=49  min  2  mean  2.33  spread2 0.67275
  i=50  min  2  mean  2.00  spread2 1.00000
per (i,j) buckets of 4 positions: min spread / mean spread
         j 0- 3     j 4- 7     j 8-11     j12-15     j16-19     j20-23     j24-27     j28-31     j32-35     j36-39     j40-43     j44-47     j48-51  
i 0- 3   3/ 25.5     2/ 31.2    15/ 36.9    26/ 40.8    31/ 43.6    34/ 45.8    37/ 47.3    39/ 48.3    41/ 49.1    41/ 49.5    42/ 49.8    42/ 49.9    42/ 49.9  
i 4- 7     -        2/ 24.9     3/ 30.2    14/ 35.4    24/ 38.7    30/ 41.1    31/ 42.8    34/ 44.1    35/ 44.9    37/ 45.4    38/ 45.7    38/ 45.8    37/ 45.9  
i 8-11     -          -        2/ 24.1     2/ 29.0    14/ 33.5    24/ 36.4    26/ 38.3    29/ 39.7    31/ 40.7    33/ 41.3    33/ 41.6    34/ 41.7    34/ 41.8  
i12-15     -          -          -        2/ 23.0     2/ 27.3    11/ 31.4    20/ 33.7    24/ 35.3    27/ 36.4    28/ 37.1    29/ 37.5    31/ 37.7    31/ 37.7  
i16-19     -          -          -          -        2/ 21.7     2/ 25.4    11/ 28.9    16/ 30.8    22/ 32.1    24/ 32.9    26/ 33.4    24/ 33.6    26/ 33.6  
i20-23     -          -          -          -          -        2/ 20.1     2/ 23.2     8/ 26.1    17/ 27.7    20/ 28.7    21/ 29.2    21/ 29.5    23/ 29.6  
i24-27     -          -          -          -          -          -        2/ 18.1     2/ 20.8     8/ 23.2    15/ 24.4    15/ 25.1    17/ 25.4    18/ 25.5  
i28-31     -          -          -          -          -          -          -        2/ 15.7     2/ 18.0     5/ 20.0    10/ 20.9    14/ 21.3    14/ 21.5  
i32-35     -          -          -          -          -          -          -          -        2/ 13.2     2/ 15.0     6/ 16.6     6/ 17.2     9/ 17.4  
i36-39     -          -          -          -          -          -          -          -          -        2/ 10.4     2/ 11.8     2/ 12.9     6/ 13.3  
i40-43     -          -          -          -          -          -          -          -          -          -        2/  7.6     2/  8.4     2/  9.3  
i44-47     -          -          -          -          -          -          -          -          -          -          -        2/  4.8     2/  5.2  
i48-51     -          -          -          -          -          -          -          -          -          -          -          -        2/  2.6  
position pair with i<40 most often at spread 2: (39,40) 0.06800; pair (50,51): 1.00000
