rule 0, 2000 decks x 1326 swaps
spread all swaps      : cases 2652000  min 2  p1 2  p10 12  median 35  mean 32.76  max 52  | spread=2 0.04377  <=4 0.05365  <=8 0.07581
spread swaps with i<40: cases 2520000  min 2  p1 2  p10 17  median 36  mean 34.21  max 52  | spread=2 0.02400  <=4 0.02805  <=8 0.03817
spread swaps with i<20: cases 1660000  min 2  p1 17  p10 33  median 42  mean 41.23  max 52  | spread=2 0.00322  <=4 0.00383  <=8 0.00528
spread i<20, gap j-i>16: cases 1020000  min 2  p1 22  p10 34  median 43  mean 42.34  max 52  | spread=2 0.00409  <=4 0.00442  <=8 0.00519
spread i<40, gap j-i<=4: cases 320000  min 2  p1 2  p10 12  median 28  mean 27.50  max 52  | spread=2 0.02312  <=4 0.03192  <=8 0.05421
excess (vs survival prediction): zero (=survival) 0.04377  mean 31.64
histogram spread: 2:116078 3:5189 4:21021 5:13098 6:14534 7:15018 8:16122 9:16913 10:18050 11:20072 12:21375 13:23216 14:24874 15:27091 16:28982 17:31115 18:33148 19:35303 20:37234 21:39168 22:41169 23:43643 24:46016 25:48122 26:50204 27:52539 28:54856 29:56311 30:58457 31:61409 32:62491 33:65042 34:67006 35:68883 36:71278 37:72943 38:75004 39:76548 40:78356 41:79622 42:81644 43:83046 44:84347 45:85256 46:85790 47:85888 48:85101 49:82885 50:77794 51:67398 52:45351 
per i (over all j>i): i  min  mean  frac(spread=2)  ideal-one-pass mean ~ (52-i)-1
  i= 0  min  2  mean 49.79  spread2 0.00002
  i= 1  min  2  mean 48.89  spread2 0.00004
  i= 2  min  2  mean 47.97  spread2 0.00014
  i= 3  min  2  mean 47.01  spread2 0.00028
  i= 4  min  2  mean 46.04  spread2 0.00035
  i= 5  min  2  mean 45.06  spread2 0.00067
  i= 6  min  2  mean 44.08  spread2 0.00070
  i= 7  min  2  mean 43.07  spread2 0.00115
  i= 8  min  2  mean 42.07  spread2 0.00152
  i= 9  min  2  mean 41.05  spread2 0.00161
  i=10  min  2  mean 40.01  spread2 0.00287
  i=11  min  2  mean 39.02  spread2 0.00254
  i=12  min  2  mean 37.97  spread2 0.00438
  i=13  min  2  mean 36.94  spread2 0.00429
  i=14  min  2  mean 35.88  spread2 0.00557
  i=15  min  2  mean 34.83  spread2 0.00678
  i=16  min  2  mean 33.79  spread2 0.00804
  i=17  min  2  mean 32.69  spread2 0.00972
  i=18  min  2  mean 31.63  spread2 0.01105
  i=19  min  2  mean 30.60  spread2 0.01264
  i=20  min  2  mean 29.52  spread2 0.01468
  i=21  min  2  mean 28.39  spread2 0.01772
  i=22  min  2  mean 27.23  spread2 0.02252
  i=23  min  2  mean 26.25  spread2 0.02359
  i=24  min  2  mean 25.14  spread2 0.02630
  i=25  min  2  mean 24.05  spread2 0.02946
  i=26  min  2  mean 22.85  spread2 0.03822
  i=27  min  2  mean 21.73  spread2 0.04175
  i=28  min  2  mean 20.70  spread2 0.04587
  i=29  min  2  mean 19.47  spread2 0.05559
  i=30  min  2  mean 18.33  spread2 0.06450
  i=31  min  2  mean 17.36  spread2 0.06615
  i=32  min  2  mean 16.09  spread2 0.08347
  i=33  min  2  mean 14.92  spread2 0.09564
  i=34  min  2  mean 13.77  spread2 0.11253
  i=35  min  2  mean 12.75  spread2 0.12266
  i=36  min  2  mean 11.53  spread2 0.14683
  i=37  min  2  mean 10.48  spread2 0.16793
  i=38  min  2  mean  9.45  spread2 0.19412
  i=39  min  2  mean  8.46  spread2 0.21804
  i=40  min  2  mean  7.49  spread2 0.24914
  i=41  min  2  mean  6.59  spread2 0.28845
  i=42  min  2  mean  5.76  spread2 0.32911
  i=43  min  2  mean  4.96  spread2 0.38069
  i=44  min  2  mean  4.33  spread2 0.43071
  i=45  min  2  mean  3.74  spread2 0.48817
  i=46  min  2  mean  3.22  spread2 0.55920
  i=47  min  2  mean  2.80  spread2 0.63425
  i=48  min  2  mean  2.43  spread2 0.73383
  i=49  min  2  mean  2.15  spread2 0.84625
  i=50  min  2  mean  2.00  spread2 1.00000
per (i,j) buckets of 4 positions: min spread / mean spread
         j 0- 3     j 4- 7     j 8-11     j12-15     j16-19     j20-23     j24-27     j28-31     j32-35     j36-39     j40-43     j44-47     j48-51  
i 0- 3   2/ 37.1     2/ 44.1     2/ 47.9     2/ 48.8     2/ 49.1     2/ 49.3     2/ 49.4     2/ 49.5     2/ 49.5     2/ 49.5     2/ 49.5     2/ 49.5     2/ 49.5  
i 4- 7     -        2/ 36.3     2/ 41.9     2/ 44.5     2/ 45.0     2/ 45.2     2/ 45.3     2/ 45.3     2/ 45.3     2/ 45.3     2/ 45.3     2/ 45.3     2/ 45.3  
i 8-11     -          -        2/ 34.5     2/ 38.9     2/ 40.8     2/ 41.0     2/ 41.1     2/ 41.1     2/ 41.0     2/ 41.0     2/ 41.0     2/ 41.0     2/ 41.0  
i12-15     -          -          -        2/ 32.4     2/ 35.6     2/ 36.8     2/ 36.9     2/ 36.8     2/ 36.8     2/ 36.7     2/ 36.7     2/ 36.7     2/ 36.6  
i16-19     -          -          -          -        2/ 29.8     2/ 31.9     2/ 32.7     2/ 32.6     2/ 32.4     2/ 32.4     2/ 32.3     2/ 32.2     2/ 32.2  
i20-23     -          -          -          -          -        2/ 26.7     2/ 28.0     2/ 28.4     2/ 28.2     2/ 27.9     2/ 27.8     2/ 27.7     2/ 27.7  
i24-27     -          -          -          -          -          -        2/ 23.4     2/ 24.0     2/ 23.9     2/ 23.6     2/ 23.3     2/ 23.1     2/ 23.1  
i28-31     -          -          -          -          -          -          -        2/ 19.5     2/ 19.6     2/ 19.3     2/ 18.9     2/ 18.6     2/ 18.5  
i32-35     -          -          -          -          -          -          -          -        2/ 15.7     2/ 15.1     2/ 14.5     2/ 14.0     2/ 13.8  
i36-39     -          -          -          -          -          -          -          -          -        2/ 11.6     2/ 10.5     2/  9.8     2/  9.4  
i40-43     -          -          -          -          -          -          -          -          -          -        2/  7.6     2/  6.3     2/  5.8  
i44-47     -          -          -          -          -          -          -          -          -          -          -        2/  4.2     2/  3.4  
i48-51     -          -          -          -          -          -          -          -          -          -          -          -        2/  2.3  
position pair with i<40 most often at spread 2: (39,50) 0.32850; pair (50,51): 1.00000
