[0] JS generated by sudoc from primitives/hash/scramble/scramble.sudo
[1] SPEC vectors (digest, step count, final facelets)
  ok   v1 empty: 09A5C17D19DDDBEB4
  ok   v1 `a`: 08BA8C16E8074354D
  ok   v1 byte `A7`: 12326FE0A08A76C41
  ok   v1 `hello`: 0DF7902ED206DF88C
  ok   v1 `cube`: 01F2D89DA1132D945
  ok   v2 empty: 06024E9B61052F461
  ok   v2 `a`: 1588A6469CFE7B286
  ok   v2 byte `A7`: 1552B6EF7DA10C2E8
  ok   v2 `hello`: 052A3C7D12291D140
  ok   v2 `cube`: 132FDCE0BF26E5898
  ok   vector count: 10/10
[2] attack results from logs/ (scramble_v2)
  ok   collision: m1 != m2, 88 + 88 bytes
  ok   collision: digest(m1): 0AFB0BE3439EF6892
  ok   collision: digest(m2): 0AFB0BE3439EF6892
  ok   second preimage: M != target, 172 bytes
  ok   second preimage: digest(target): 0A38700830D1C599C
  ok   second preimage: digest(M): 0A38700830D1C599C
  ok   hex-only preimage: 172 bytes
  ok   hex-only preimage: digest(M): 132FDCE0BF26E5898
ALL OK
