md.py vs v1 KATs: 8/8 digests, IV digest and |G| OK
recorded pair:
  M  = e132ebb03ed19b3949820c68d22d8b5004867c3c0ea79f44269e19fb
  M' = e132ebd9724a3c582fca2e7f51a1a34dd82b8afcfcf71344269e19fb
  Hash(M)  = 0084d6d1e0a4ddb231deb23ac0f4ead7b497eed17f997bfcefa7c34e82
  Hash(M') = 0084d6d1e0a4ddb231deb23ac0f4ead7b497eed17f997bfcefa7c34e82
  deals differ by swapping cards 5 and 7 (Qs <-> Qd); grips (Up, Front) after cards 5..7: [(1, 0), (3, 9), (4, 3)] vs [(1, 0), (3, 9), (4, 3)]; state after card 7 equal: True; first-block dm equal: True
  pair: COLLISION VERIFIED (distinct messages, equal Hash)
suit-blind fraction (3000 uniform random (state, grip, rank), seed 3): P(all 4 suits give the same grip) = 0.715, mean distinct grips over the 4 suits 1.86
  per rank A:1.00 2:0.00 3:0.00 4:1.00 5:1.00 6:1.00 7:1.00 8:0.16 9:1.00 T:1.00 J:1.00 Q:1.00 K:0.00
swap search: 40000 random one-block messages (from IV-COOK12), seed 99, distances 1..6
  distance 1: 0/119824 same-rank swaps preserve dm; rate 0 (95% CI 0 to 1/32,482)
  distance 2: 47/117313 same-rank swaps preserve dm; rate 1/2,496 (95% CI 1/1,877 to 1/3,397)
  distance 3: 7/114778 same-rank swaps preserve dm; rate 1/16,397 (95% CI 1/7,958 to 1/40,783)
  distance 4: 3/112572 same-rank swaps preserve dm; rate 1/37,524 (95% CI 1/12,840 to 1/181,957)
  distance 5: 0/110625 same-rank swaps preserve dm; rate 0 (95% CI 0 to 1/29,989)
  distance 6: 0/108176 same-rank swaps preserve dm; rate 0 (95% CI 0 to 1/29,325)
  total 57/683288 (all hits re-verified as distinct-message Hash collisions: yes); 57/40000 blocks have a hit (per-block rate 1/702 (95% CI 1/542 to 1/927))
  compressions: 723288, per collision 12,689 = 2^13.6
  hit: distance 2, cards 3,5 of the last block (9s <-> 9d): M = 61ccd86e3b3f143e88d3f79c3f361f3b84ee5d83b72c867b4c5c9a92  M' = 61ce52f71f8760223f8d264f39d28b440165ea113126467b4c5c9a92  Hash = 02b13bbe90f7df81d2f9d5afa7386b67f64b49ddbc28db44532b44c8d2
  hit: distance 2, cards 49,51 of the last block (7d <-> 7c): M = decc84a505dc160c376902f634918d1fd54d217692a729c42cd8a0f9  M' = decc84a505dc160c376902f634918d1fd54d217692a729c42cd8a0f3  Hash = 02eafe88c053ab4d03e1ef2898faa433b3cfa603b0a6f75ac649e2d333
  hit: distance 2, cards 3,5 of the last block (Js <-> Jh): M = 48712635369594c97ed4198221d56b56db251ed2547e9dfc1f1b2ffd  M' = 486fabac524d48e5c81aeacf2738ff4e5ead9244da84ddfc1f1b2ffd  Hash = 01bbdc14b5dad77ba8062968236414b05f001fb8c2b839d0418c2db385
swap search: 20000 second block of random 2-block messages (from h = dm(IV, P)), seed 99, distances 1..3
  distance 1: 0/59595 same-rank swaps preserve dm; rate 0 (95% CI 0 to 1/16,155)
  distance 2: 18/58801 same-rank swaps preserve dm; rate 1/3,267 (95% CI 1/2,067 to 1/5,512)
  distance 3: 8/57563 same-rank swaps preserve dm; rate 1/7,195 (95% CI 1/3,652 to 1/16,666)
  total 26/175959 (all hits re-verified as distinct-message Hash collisions: yes); 26/20000 blocks have a hit (per-block rate 1/769 (95% CI 1/525 to 1/1,178))
  compressions: 195959, per collision 7,537 = 2^12.9
  hit: distance 3, cards 23,26 of the last block (9d <-> 9c): M = 21b0f77a5e0a711f7cd2093a36a9bbf023cef7cc64c051917b0673ef152afeec81ad8bf83cdda80245f75626fe50e59308b7b27f94f5b606  M' = 21b0f77a5e0a711f7cd2093a36a9bbf023cef7cc64c051917b0673ef152afeec81ad8bf83cdda80245f75547cd12499fb6c73b72ba75b606  Hash = 02fa9d57c97e0c6a00da532a016c32e248729af4cda919f28f9a045779
  hit: distance 2, cards 44,46 of the last block (9c <-> 9s): M = 7ebf80a63fd24330134412e5573ec3aa8338a77fe1d08472002f06b7bb878d0af7a864f12ccc3a74ef3d8ffc055ed0bfdb213ee9afdaeab1  M' = 7ebf80a63fd24330134412e5573ec3aa8338a77fe1d08472002f06b7bb878d0af7a864f12ccc3a74ef3d8ffc055ed0bfdb213ee9afdb8831  Hash = 00719f42329c092e3acc1fb52dd84d44473758038a1a12717e5334d2d6
  hit: distance 3, cards 8,11 of the last block (4c <-> 4d): M = d9adee01dd8613ae6adc4fad81ed503cf800e44db5368a76c7357d83a40a187995b340310c940e33e82f2060593e9a9ee65f7b11d24826c0  M' = d9adee01dd8613ae6adc4fad81ed503cf800e44db5368a76c7357d83a40a187995eac1f899d57b410ba1d92556691b9458c467d1d24826c0  Hash = 007d9563a65ecee65df425d251b14f3843a7dae0be3a32eedc0dfe171a
second preimages: 100 random targets of 1000 full 28-byte blocks (28000 bytes), seed 99; each block tested for a same-rank swap at distances 2..3 that preserves dm from its own chaining value
  second preimage found for 65/100 targets (each re-verified as a distinct message with equal Hash: yes)
  block index of the first vulnerable block: median 371, max 980; compressions per target: mean 4,346
  per-block rate (vulnerable blocks / blocks tested): 1/980 (95% CI 1/769 to 1/1,270)
second preimages: 30 random targets of 3000 full 28-byte blocks (84000 bytes), seed 99; each block tested for a same-rank swap at distances 2..3 that preserves dm from its own chaining value
  second preimage found for 30/30 targets (each re-verified as a distinct message with equal Hash: yes)
  block index of the first vulnerable block: median 745, max 2807; compressions per target: mean 6,177
  per-block rate (vulnerable blocks / blocks tested): 1/904 (95% CI 1/633 to 1/1,339)
